<html>
<body>
<pre>
<h1>µVision Build Log</h1>
<h2>Project:</h2>
C:\Users\leond\Google Drive\CLASSES\EE 445L - Embedded Systems\EE445L---Embedded-Systems\Lab3\Lab3-project\lab3.uvproj
Project File Date:  02/12/2018

<h2>Output:</h2>
Build target 'lab3'
compiling lab3Main.c...
linking...
Program Size: Code=5640 RO-data=3588 RW-data=696 ZI-data=1120  
".\lab3.axf" - 0 Error(s), 0 Warning(s).
Load "C:\\Users\\leond\\Google Drive\\CLASSES\\EE 445L - Embedded Systems\\EE445L---Embedded-Systems\\Lab3\\Lab3-project\\lab3.axf" 
Connecting: Mode=JTAG, Speed=1000000Hz
Erase Done.
Programming Done.
Verify OK.
45L - Embedded Systems\\EE445L---Embedded-Systems\\Lab3\\Lab3-project\\lab3.axf" 
Connecting: Mode=JTAG, Speed=1000000Hz
Erase Done.
Programming Done.
Verify OK.
00Hz
Connection failed!, error code=&d
Error: Flash Download failed  -  Target DLL has been cancelled
