<html>
<body>
<pre>
<h1>µVision Build Log</h1>
<h2>Project:</h2>
D:\UT Austin\Spring 2018\EE 445L\EE445L---Embedded-Systems\Lab3\Lab3-project\lab3.uvproj
Project File Date:  02/11/2018

<h2>Output:</h2>
Build target 'lab3'
assembling startup.s...
compiling Switch.c...
compiling lab3Main.c...
compiling PLL.c...
compiling speaker.c...
compiling timeUtils.c...
compiling Display.c...
compiling ST7735.c...
linking...
Program Size: Code=5640 RO-data=3588 RW-data=696 ZI-data=1120  
".\lab3.axf" - 0 Error(s), 0 Warning(s).
