ARM Linker, 5.03 [Build 76] [MDK-ARM Lite]

==============================================================================

Section Cross References

    startup.o(STACK) refers (Special) to heapauxi.o(.text) for __use_two_region_memory
    startup.o(HEAP) refers (Special) to heapauxi.o(.text) for __use_two_region_memory
    startup.o(RESET) refers (Special) to heapauxi.o(.text) for __use_two_region_memory
    startup.o(RESET) refers to startup.o(STACK) for StackMem
    startup.o(RESET) refers to timeutils.o(i.SysTick_Handler) for SysTick_Handler
    startup.o(RESET) refers to switch.o(i.GPIOPortE_Handler) for GPIOPortE_Handler
    startup.o(RESET) refers to timeutils.o(i.Timer0A_Handler) for Timer0A_Handler
    startup.o(RESET) refers to timeutils.o(i.Timer1A_Handler) for Timer1A_Handler
    startup.o(RESET) refers to __main.o(!!!main) for __main
    startup.o(.text) refers (Special) to heapauxi.o(.text) for __use_two_region_memory
    startup.o(.text) refers to startup.o(HEAP) for HeapMem
    startup.o(.text) refers to startup.o(STACK) for StackMem
    switch.o(i.GPIOPortE_Handler) refers to speaker.o(i.enableSpeaker) for enableSpeaker
    switch.o(i.GPIOPortE_Handler) refers to timeutils.o(i.Timer1_Arm) for Timer1_Arm
    switch.o(i.GPIOPortE_Handler) refers to lab3main.o(.data) for soundFlag
    lab3main.o(i.hourToXCoord) refers to lab3main.o(.data) for hourHandXCoords
    lab3main.o(i.hourToYCoord) refers to lab3main.o(.data) for hourHandYCoords
    lab3main.o(i.main) refers to pll.o(i.PLL_Init) for PLL_Init
    lab3main.o(i.main) refers to lab3main.o(i.PortF_Init) for PortF_Init
    lab3main.o(i.main) refers to lab3main.o(i.PortD_Init) for PortD_Init
    lab3main.o(i.main) refers to switch.o(i.Switch_Init) for Switch_Init
    lab3main.o(i.main) refers to timeutils.o(i.SysTick_Init) for SysTick_Init
    lab3main.o(i.main) refers to timeutils.o(i.Timer0A_Init) for Timer0A_Init
    lab3main.o(i.main) refers to display.o(i.init_LCD) for init_LCD
    lab3main.o(i.main) refers to display.o(i.draw_AnalogClock) for draw_AnalogClock
    lab3main.o(i.main) refers to startup.o(.text) for EnableInterrupts
    lab3main.o(i.main) refers to display.o(i.clear_Screen) for clear_Screen
    lab3main.o(i.main) refers to lab3main.o(i.hourToXCoord) for hourToXCoord
    lab3main.o(i.main) refers to lab3main.o(i.hourToYCoord) for hourToYCoord
    lab3main.o(i.main) refers to st7735.o(i.ST7735_Color565) for ST7735_Color565
    lab3main.o(i.main) refers to display.o(i.draw_ClockHand) for draw_ClockHand
    lab3main.o(i.main) refers to display.o(i.draw_DigitalClock) for draw_DigitalClock
    lab3main.o(i.main) refers to lab3main.o(i.setTime) for setTime
    lab3main.o(i.main) refers to display.o(i.draw_Alarm_Status) for draw_Alarm_Status
    lab3main.o(i.main) refers to lab3main.o(i.setAlarm) for setAlarm
    lab3main.o(i.main) refers to lab3main.o(.data) for changeModeFlag
    lab3main.o(i.setAlarm) refers to display.o(i.draw_DigitalClock) for draw_DigitalClock
    lab3main.o(i.setAlarm) refers to display.o(i.draw_Alarm_Status) for draw_Alarm_Status
    lab3main.o(i.setAlarm) refers to lab3main.o(i.wait) for wait
    lab3main.o(i.setAlarm) refers to display.o(i.clear_Arrow_Area) for clear_Arrow_Area
    lab3main.o(i.setAlarm) refers to display.o(i.draw_Arrow) for draw_Arrow
    lab3main.o(i.setAlarm) refers to display.o(i.draw_Alarm_Status_Arrow) for draw_Alarm_Status_Arrow
    lab3main.o(i.setAlarm) refers to st7735.o(i.ST7735_Color565) for ST7735_Color565
    lab3main.o(i.setAlarm) refers to st7735.o(i.ST7735_DrawChar) for ST7735_DrawChar
    lab3main.o(i.setAlarm) refers to st7735.o(i.ST7735_SetCursor) for ST7735_SetCursor
    lab3main.o(i.setAlarm) refers to st7735.o(i.ST7735_OutString) for ST7735_OutString
    lab3main.o(i.setAlarm) refers to st7735.o(i.ST7735_FillRect) for ST7735_FillRect
    lab3main.o(i.setAlarm) refers to lab3main.o(.data) for alarmMinute
    lab3main.o(i.setTime) refers to startup.o(.text) for DisableInterrupts
    lab3main.o(i.setTime) refers to display.o(i.draw_DigitalClock) for draw_DigitalClock
    lab3main.o(i.setTime) refers to lab3main.o(i.wait) for wait
    lab3main.o(i.setTime) refers to display.o(i.clear_Arrow_Area) for clear_Arrow_Area
    lab3main.o(i.setTime) refers to display.o(i.draw_Arrow) for draw_Arrow
    lab3main.o(i.setTime) refers to st7735.o(i.ST7735_Color565) for ST7735_Color565
    lab3main.o(i.setTime) refers to st7735.o(i.ST7735_DrawChar) for ST7735_DrawChar
    lab3main.o(i.setTime) refers to st7735.o(i.ST7735_SetCursor) for ST7735_SetCursor
    lab3main.o(i.setTime) refers to st7735.o(i.ST7735_OutString) for ST7735_OutString
    lab3main.o(i.setTime) refers to st7735.o(i.ST7735_FillRect) for ST7735_FillRect
    lab3main.o(i.setTime) refers to lab3main.o(.data) for currentMinute
    timeutils.o(i.SysTick_Handler) refers to lab3main.o(.data) for soundFlag
    timeutils.o(i.SysTick_Init) refers to startup.o(.text) for StartCritical
    timeutils.o(i.Timer0A_Handler) refers to lab3main.o(.data) for currentSeconds
    timeutils.o(i.Timer0A_Init) refers to startup.o(.text) for StartCritical
    timeutils.o(i.Timer1A_Handler) refers to speaker.o(i.enableSpeaker) for enableSpeaker
    timeutils.o(i.Timer1A_Handler) refers to timeutils.o(.data) for snooze_counter
    timeutils.o(i.Timer1A_Handler) refers to lab3main.o(.data) for soundFlag
    display.o(i.clear_Arrow_Area) refers to st7735.o(i.ST7735_Color565) for ST7735_Color565
    display.o(i.clear_Arrow_Area) refers to st7735.o(i.ST7735_FillRect) for ST7735_FillRect
    display.o(i.clear_Arrow_Area) refers to display.o(i.draw_Alarm_Status) for draw_Alarm_Status
    display.o(i.clear_Arrow_Area) refers to lab3main.o(.data) for currentMode
    display.o(i.clear_Screen) refers to st7735.o(i.ST7735_FillScreen) for ST7735_FillScreen
    display.o(i.clear_Screen) refers to st7735.o(i.ST7735_PlotClear) for ST7735_PlotClear
    display.o(i.clear_Screen) refers to st7735.o(i.ST7735_SetCursor) for ST7735_SetCursor
    display.o(i.clear_Screen) refers to st7735.o(i.ST7735_OutString) for ST7735_OutString
    display.o(i.drawClock) refers to st7735.o(i.ST7735_DrawPixel) for ST7735_DrawPixel
    display.o(i.drawClock) refers to st7735.o(i.ST7735_Color565) for ST7735_Color565
    display.o(i.drawClock) refers to st7735.o(i.ST7735_DrawCharS) for ST7735_DrawCharS
    display.o(i.drawClock) refers to display.o(.data) for curXMax
    display.o(i.drawClock) refers to display.o(.constdata) for clockNumsY
    display.o(i.draw_Alarm_Status) refers to st7735.o(i.ST7735_SetCursor) for ST7735_SetCursor
    display.o(i.draw_Alarm_Status) refers to st7735.o(i.ST7735_Color565) for ST7735_Color565
    display.o(i.draw_Alarm_Status) refers to st7735.o(i.ST7735_DrawChar) for ST7735_DrawChar
    display.o(i.draw_Alarm_Status) refers to lab3main.o(.data) for alarmActive
    display.o(i.draw_Alarm_Status_Arrow) refers to st7735.o(i.ST7735_Color565) for ST7735_Color565
    display.o(i.draw_Alarm_Status_Arrow) refers to st7735.o(i.ST7735_DrawChar) for ST7735_DrawChar
    display.o(i.draw_AnalogClock) refers to display.o(i.initClock) for initClock
    display.o(i.draw_AnalogClock) refers to display.o(i.drawClock) for drawClock
    display.o(i.draw_AnalogClock) refers to display.o(.constdata) for CircleYbuf
    display.o(i.draw_Arrow) refers to st7735.o(i.ST7735_Color565) for ST7735_Color565
    display.o(i.draw_Arrow) refers to st7735.o(i.ST7735_DrawChar) for ST7735_DrawChar
    display.o(i.draw_ClockHand) refers to display.o(i.max) for max
    display.o(i.draw_ClockHand) refers to st7735.o(i.ST7735_DrawPixel) for ST7735_DrawPixel
    display.o(i.draw_DigitalClock) refers to st7735.o(i.ST7735_Color565) for ST7735_Color565
    display.o(i.draw_DigitalClock) refers to st7735.o(i.ST7735_DrawChar) for ST7735_DrawChar
    display.o(i.initClock) refers to st7735.o(i.ST7735_FillScreen) for ST7735_FillScreen
    display.o(i.initClock) refers to st7735.o(i.ST7735_PlotClear) for ST7735_PlotClear
    display.o(i.initClock) refers to st7735.o(i.ST7735_SetCursor) for ST7735_SetCursor
    display.o(i.initClock) refers to st7735.o(i.ST7735_OutString) for ST7735_OutString
    display.o(i.initClock) refers to display.o(.data) for curXMin
    display.o(i.init_LCD) refers to st7735.o(i.ST7735_InitR) for ST7735_InitR
    display.o(i.init_LCD) refers to st7735.o(i.ST7735_PlotClear) for ST7735_PlotClear
    st7735.o(i.Output_Clear) refers to st7735.o(i.ST7735_FillScreen) for ST7735_FillScreen
    st7735.o(i.Output_Color) refers to st7735.o(i.ST7735_SetTextColor) for ST7735_SetTextColor
    st7735.o(i.Output_Init) refers to st7735.o(i.ST7735_InitR) for ST7735_InitR
    st7735.o(i.Output_Init) refers to st7735.o(i.ST7735_FillScreen) for ST7735_FillScreen
    st7735.o(i.Output_Off) refers to st7735.o(i.Output_Clear) for Output_Clear
    st7735.o(i.Output_On) refers to st7735.o(i.Output_Init) for Output_Init
    st7735.o(i.ST7735_DrawBitmap) refers to st7735.o(i.setAddrWindow) for setAddrWindow
    st7735.o(i.ST7735_DrawBitmap) refers to st7735.o(i.writedata) for writedata
    st7735.o(i.ST7735_DrawBitmap) refers to st7735.o(.data) for _width
    st7735.o(i.ST7735_DrawChar) refers to st7735.o(i.setAddrWindow) for setAddrWindow
    st7735.o(i.ST7735_DrawChar) refers to st7735.o(i.pushColor) for pushColor
    st7735.o(i.ST7735_DrawChar) refers to st7735.o(.data) for _width
    st7735.o(i.ST7735_DrawChar) refers to st7735.o(.constdata) for Font
    st7735.o(i.ST7735_DrawCharS) refers to st7735.o(i.ST7735_DrawPixel) for ST7735_DrawPixel
    st7735.o(i.ST7735_DrawCharS) refers to st7735.o(i.ST7735_FillRect) for ST7735_FillRect
    st7735.o(i.ST7735_DrawCharS) refers to st7735.o(.data) for _width
    st7735.o(i.ST7735_DrawCharS) refers to st7735.o(.constdata) for Font
    st7735.o(i.ST7735_DrawFastHLine) refers to st7735.o(i.setAddrWindow) for setAddrWindow
    st7735.o(i.ST7735_DrawFastHLine) refers to st7735.o(i.writedata) for writedata
    st7735.o(i.ST7735_DrawFastHLine) refers to st7735.o(.data) for _width
    st7735.o(i.ST7735_DrawFastVLine) refers to st7735.o(i.setAddrWindow) for setAddrWindow
    st7735.o(i.ST7735_DrawFastVLine) refers to st7735.o(i.writedata) for writedata
    st7735.o(i.ST7735_DrawFastVLine) refers to st7735.o(.data) for _width
    st7735.o(i.ST7735_DrawPixel) refers to st7735.o(i.setAddrWindow) for setAddrWindow
    st7735.o(i.ST7735_DrawPixel) refers to st7735.o(i.pushColor) for pushColor
    st7735.o(i.ST7735_DrawPixel) refers to st7735.o(.data) for _width
    st7735.o(i.ST7735_DrawString) refers to st7735.o(i.ST7735_DrawCharS) for ST7735_DrawCharS
    st7735.o(i.ST7735_FillRect) refers to st7735.o(i.setAddrWindow) for setAddrWindow
    st7735.o(i.ST7735_FillRect) refers to st7735.o(i.writedata) for writedata
    st7735.o(i.ST7735_FillRect) refers to st7735.o(.data) for _width
    st7735.o(i.ST7735_FillScreen) refers to st7735.o(i.ST7735_FillRect) for ST7735_FillRect
    st7735.o(i.ST7735_FillScreen) refers to st7735.o(.data) for _height
    st7735.o(i.ST7735_InitB) refers to st7735.o(i.commonInit) for commonInit
    st7735.o(i.ST7735_InitB) refers to st7735.o(i.ST7735_SetCursor) for ST7735_SetCursor
    st7735.o(i.ST7735_InitB) refers to st7735.o(i.ST7735_FillScreen) for ST7735_FillScreen
    st7735.o(i.ST7735_InitB) refers to st7735.o(.constdata) for Bcmd
    st7735.o(i.ST7735_InitB) refers to st7735.o(.data) for StTextColor
    st7735.o(i.ST7735_InitR) refers to st7735.o(i.commonInit) for commonInit
    st7735.o(i.ST7735_InitR) refers to st7735.o(i.commandList) for commandList
    st7735.o(i.ST7735_InitR) refers to st7735.o(i.writecommand) for writecommand
    st7735.o(i.ST7735_InitR) refers to st7735.o(i.writedata) for writedata
    st7735.o(i.ST7735_InitR) refers to st7735.o(i.ST7735_SetCursor) for ST7735_SetCursor
    st7735.o(i.ST7735_InitR) refers to st7735.o(i.ST7735_FillScreen) for ST7735_FillScreen
    st7735.o(i.ST7735_InitR) refers to st7735.o(.constdata) for Rcmd1
    st7735.o(i.ST7735_InitR) refers to st7735.o(.data) for ColStart
    st7735.o(i.ST7735_InvertDisplay) refers to st7735.o(i.writecommand) for writecommand
    st7735.o(i.ST7735_OutChar) refers to st7735.o(i.ST7735_DrawString) for ST7735_DrawString
    st7735.o(i.ST7735_OutChar) refers to st7735.o(i.ST7735_DrawCharS) for ST7735_DrawCharS
    st7735.o(i.ST7735_OutChar) refers to st7735.o(.data) for StY
    st7735.o(i.ST7735_OutString) refers to st7735.o(i.ST7735_OutChar) for ST7735_OutChar
    st7735.o(i.ST7735_OutUDec) refers to st7735.o(i.fillmessage) for fillmessage
    st7735.o(i.ST7735_OutUDec) refers to st7735.o(i.ST7735_DrawString) for ST7735_DrawString
    st7735.o(i.ST7735_OutUDec) refers to st7735.o(i.ST7735_DrawCharS) for ST7735_DrawCharS
    st7735.o(i.ST7735_OutUDec) refers to st7735.o(.data) for Messageindex
    st7735.o(i.ST7735_OutUDec) refers to st7735.o(.bss) for Message
    st7735.o(i.ST7735_PlotBar) refers to st7735.o(i.ST7735_DrawFastVLine) for ST7735_DrawFastVLine
    st7735.o(i.ST7735_PlotBar) refers to st7735.o(.data) for Ymin
    st7735.o(i.ST7735_PlotClear) refers to st7735.o(i.ST7735_Color565) for ST7735_Color565
    st7735.o(i.ST7735_PlotClear) refers to st7735.o(i.ST7735_FillRect) for ST7735_FillRect
    st7735.o(i.ST7735_PlotClear) refers to st7735.o(.data) for Ymax
    st7735.o(i.ST7735_PlotLine) refers to st7735.o(i.ST7735_DrawPixel) for ST7735_DrawPixel
    st7735.o(i.ST7735_PlotLine) refers to st7735.o(.data) for Ymin
    st7735.o(i.ST7735_PlotNext) refers to st7735.o(.data) for X
    st7735.o(i.ST7735_PlotNextErase) refers to st7735.o(i.ST7735_Color565) for ST7735_Color565
    st7735.o(i.ST7735_PlotNextErase) refers to st7735.o(i.ST7735_DrawFastVLine) for ST7735_DrawFastVLine
    st7735.o(i.ST7735_PlotNextErase) refers to st7735.o(.data) for X
    st7735.o(i.ST7735_PlotPoint) refers to st7735.o(i.ST7735_DrawPixel) for ST7735_DrawPixel
    st7735.o(i.ST7735_PlotPoint) refers to st7735.o(.data) for Ymin
    st7735.o(i.ST7735_PlotPoints) refers to st7735.o(i.ST7735_DrawPixel) for ST7735_DrawPixel
    st7735.o(i.ST7735_PlotPoints) refers to st7735.o(.data) for Ymin
    st7735.o(i.ST7735_PlotdBfs) refers to st7735.o(i.ST7735_DrawFastVLine) for ST7735_DrawFastVLine
    st7735.o(i.ST7735_PlotdBfs) refers to st7735.o(.constdata) for dBfs
    st7735.o(i.ST7735_PlotdBfs) refers to st7735.o(.data) for X
    st7735.o(i.ST7735_SetCursor) refers to st7735.o(.data) for StX
    st7735.o(i.ST7735_SetRotation) refers to st7735.o(i.writecommand) for writecommand
    st7735.o(i.ST7735_SetRotation) refers to st7735.o(i.writedata) for writedata
    st7735.o(i.ST7735_SetRotation) refers to st7735.o(.data) for Rotation
    st7735.o(i.ST7735_SetTextColor) refers to st7735.o(.data) for StTextColor
    st7735.o(i.commandList) refers to st7735.o(i.writecommand) for writecommand
    st7735.o(i.commandList) refers to st7735.o(i.writedata) for writedata
    st7735.o(i.commandList) refers to st7735.o(i.Delay1ms) for Delay1ms
    st7735.o(i.commonInit) refers to st7735.o(i.Delay1ms) for Delay1ms
    st7735.o(i.commonInit) refers to st7735.o(i.commandList) for commandList
    st7735.o(i.commonInit) refers to st7735.o(.data) for RowStart
    st7735.o(i.fillmessage) refers to st7735.o(.bss) for Message
    st7735.o(i.fillmessage) refers to st7735.o(.data) for Messageindex
    st7735.o(i.fputc) refers to st7735.o(i.ST7735_OutChar) for ST7735_OutChar
    st7735.o(i.pushColor) refers to st7735.o(i.writedata) for writedata
    st7735.o(i.setAddrWindow) refers to st7735.o(i.writecommand) for writecommand
    st7735.o(i.setAddrWindow) refers to st7735.o(i.writedata) for writedata
    st7735.o(i.setAddrWindow) refers to st7735.o(.data) for ColStart
    __main.o(!!!main) refers to rtentry.o(.ARM.Collect$$rtentry$$00000000) for __rt_entry
    rtentry.o(.ARM.Collect$$rtentry$$00000000) refers (Special) to rtentry2.o(.ARM.Collect$$rtentry$$0000000A) for __rt_entry_li
    rtentry.o(.ARM.Collect$$rtentry$$00000000) refers (Special) to rtentry2.o(.ARM.Collect$$rtentry$$0000000D) for __rt_entry_main
    rtentry.o(.ARM.Collect$$rtentry$$00000000) refers (Special) to rtentry2.o(.ARM.Collect$$rtentry$$0000000C) for __rt_entry_postli_1
    rtentry.o(.ARM.Collect$$rtentry$$00000000) refers (Special) to rtentry2.o(.ARM.Collect$$rtentry$$00000009) for __rt_entry_postsh_1
    rtentry.o(.ARM.Collect$$rtentry$$00000000) refers (Special) to rtentry2.o(.ARM.Collect$$rtentry$$00000002) for __rt_entry_presh_1
    rtentry.o(.ARM.Collect$$rtentry$$00000000) refers (Special) to rtentry4.o(.ARM.Collect$$rtentry$$00000004) for __rt_entry_sh
    rtentry2.o(.ARM.Collect$$rtentry$$00000008) refers to boardinit2.o(.text) for _platform_post_stackheap_init
    rtentry2.o(.ARM.Collect$$rtentry$$0000000A) refers to libinit.o(.ARM.Collect$$libinit$$00000000) for __rt_lib_init
    rtentry2.o(.ARM.Collect$$rtentry$$0000000B) refers to boardinit3.o(.text) for _platform_post_lib_init
    rtentry2.o(.ARM.Collect$$rtentry$$0000000D) refers to lab3main.o(i.main) for main
    rtentry2.o(.ARM.Collect$$rtentry$$0000000D) refers to exit.o(.text) for exit
    rtentry2.o(.ARM.exidx) refers to rtentry2.o(.ARM.Collect$$rtentry$$00000001) for .ARM.Collect$$rtentry$$00000001
    rtentry2.o(.ARM.exidx) refers to rtentry2.o(.ARM.Collect$$rtentry$$00000008) for .ARM.Collect$$rtentry$$00000008
    rtentry2.o(.ARM.exidx) refers to rtentry2.o(.ARM.Collect$$rtentry$$0000000A) for .ARM.Collect$$rtentry$$0000000A
    rtentry2.o(.ARM.exidx) refers to rtentry2.o(.ARM.Collect$$rtentry$$0000000B) for .ARM.Collect$$rtentry$$0000000B
    rtentry2.o(.ARM.exidx) refers to rtentry2.o(.ARM.Collect$$rtentry$$0000000D) for .ARM.Collect$$rtentry$$0000000D
    rtentry4.o(.ARM.Collect$$rtentry$$00000004) refers to sys_stackheap_outer.o(.text) for __user_setup_stackheap
    rtentry4.o(.ARM.exidx) refers to rtentry4.o(.ARM.Collect$$rtentry$$00000004) for .ARM.Collect$$rtentry$$00000004
    sys_stackheap_outer.o(.text) refers to libspace.o(.text) for __user_perproc_libspace
    sys_stackheap_outer.o(.text) refers to startup.o(.text) for __user_initial_stackheap
    exit.o(.text) refers to rtexit.o(.ARM.Collect$$rtexit$$00000000) for __rt_exit
    libinit.o(.ARM.Collect$$libinit$$00000000) refers (Special) to libinit2.o(.ARM.Collect$$libinit$$0000002C) for __rt_lib_init_alloca_1
    libinit.o(.ARM.Collect$$libinit$$00000000) refers (Special) to libinit2.o(.ARM.Collect$$libinit$$0000002A) for __rt_lib_init_argv_1
    libinit.o(.ARM.Collect$$libinit$$00000000) refers (Special) to libinit2.o(.ARM.Collect$$libinit$$00000019) for __rt_lib_init_atexit_1
    libinit.o(.ARM.Collect$$libinit$$00000000) refers (Special) to libinit2.o(.ARM.Collect$$libinit$$0000001F) for __rt_lib_init_clock_1
    libinit.o(.ARM.Collect$$libinit$$00000000) refers (Special) to libinit2.o(.ARM.Collect$$libinit$$00000030) for __rt_lib_init_cpp_1
    libinit.o(.ARM.Collect$$libinit$$00000000) refers (Special) to libinit2.o(.ARM.Collect$$libinit$$0000002E) for __rt_lib_init_exceptions_1
    libinit.o(.ARM.Collect$$libinit$$00000000) refers (Special) to libinit2.o(.ARM.Collect$$libinit$$00000002) for __rt_lib_init_fp_1
    libinit.o(.ARM.Collect$$libinit$$00000000) refers (Special) to libinit2.o(.ARM.Collect$$libinit$$0000001D) for __rt_lib_init_fp_trap_1
    libinit.o(.ARM.Collect$$libinit$$00000000) refers (Special) to libinit2.o(.ARM.Collect$$libinit$$00000021) for __rt_lib_init_getenv_1
    libinit.o(.ARM.Collect$$libinit$$00000000) refers (Special) to libinit2.o(.ARM.Collect$$libinit$$00000008) for __rt_lib_init_heap_1
    libinit.o(.ARM.Collect$$libinit$$00000000) refers (Special) to libinit2.o(.ARM.Collect$$libinit$$0000000F) for __rt_lib_init_lc_collate_1
    libinit.o(.ARM.Collect$$libinit$$00000000) refers (Special) to libinit2.o(.ARM.Collect$$libinit$$00000011) for __rt_lib_init_lc_ctype_1
    libinit.o(.ARM.Collect$$libinit$$00000000) refers (Special) to libinit2.o(.ARM.Collect$$libinit$$00000013) for __rt_lib_init_lc_monetary_1
    libinit.o(.ARM.Collect$$libinit$$00000000) refers (Special) to libinit2.o(.ARM.Collect$$libinit$$00000015) for __rt_lib_init_lc_numeric_1
    libinit.o(.ARM.Collect$$libinit$$00000000) refers (Special) to libinit2.o(.ARM.Collect$$libinit$$00000017) for __rt_lib_init_lc_time_1
    libinit.o(.ARM.Collect$$libinit$$00000000) refers (Special) to libinit2.o(.ARM.Collect$$libinit$$0000000C) for __rt_lib_init_rand_1
    libinit.o(.ARM.Collect$$libinit$$00000000) refers (Special) to libinit2.o(.ARM.Collect$$libinit$$00000031) for __rt_lib_init_return
    libinit.o(.ARM.Collect$$libinit$$00000000) refers (Special) to libinit2.o(.ARM.Collect$$libinit$$0000001B) for __rt_lib_init_signal_1
    libinit.o(.ARM.Collect$$libinit$$00000000) refers (Special) to libinit2.o(.ARM.Collect$$libinit$$00000023) for __rt_lib_init_stdio_1
    libinit.o(.ARM.Collect$$libinit$$00000000) refers (Special) to libinit2.o(.ARM.Collect$$libinit$$0000000A) for __rt_lib_init_user_alloc_1
    libspace.o(.text) refers to libspace.o(.bss) for __libspace_start
    rtexit.o(.ARM.Collect$$rtexit$$00000000) refers (Special) to rtexit2.o(.ARM.Collect$$rtexit$$00000004) for __rt_exit_exit
    rtexit.o(.ARM.Collect$$rtexit$$00000000) refers (Special) to rtexit2.o(.ARM.Collect$$rtexit$$00000003) for __rt_exit_ls
    rtexit.o(.ARM.Collect$$rtexit$$00000000) refers (Special) to rtexit2.o(.ARM.Collect$$rtexit$$00000002) for __rt_exit_prels_1
    rtexit.o(.ARM.exidx) refers (Special) to rtexit2.o(.ARM.Collect$$rtexit$$00000004) for __rt_exit_exit
    rtexit.o(.ARM.exidx) refers (Special) to rtexit2.o(.ARM.Collect$$rtexit$$00000003) for __rt_exit_ls
    rtexit.o(.ARM.exidx) refers (Special) to rtexit2.o(.ARM.Collect$$rtexit$$00000002) for __rt_exit_prels_1
    rtexit.o(.ARM.exidx) refers to rtexit.o(.ARM.Collect$$rtexit$$00000000) for .ARM.Collect$$rtexit$$00000000
    libinit2.o(.ARM.Collect$$libinit$$0000000E) refers to libinit2.o(.ARM.Collect$$libinit$$0000000D) for .ARM.Collect$$libinit$$0000000D
    libinit2.o(.ARM.Collect$$libinit$$00000010) refers to libinit2.o(.ARM.Collect$$libinit$$0000000D) for .ARM.Collect$$libinit$$0000000D
    libinit2.o(.ARM.Collect$$libinit$$00000012) refers to libinit2.o(.ARM.Collect$$libinit$$0000000D) for .ARM.Collect$$libinit$$0000000D
    libinit2.o(.ARM.Collect$$libinit$$00000014) refers to libinit2.o(.ARM.Collect$$libinit$$0000000D) for .ARM.Collect$$libinit$$0000000D
    libinit2.o(.ARM.Collect$$libinit$$00000016) refers to libinit2.o(.ARM.Collect$$libinit$$0000000D) for .ARM.Collect$$libinit$$0000000D
    libinit2.o(.ARM.Collect$$libinit$$00000024) refers to argv_veneer.o(.emb_text) for __ARM_argv_veneer
    libinit2.o(.ARM.Collect$$libinit$$00000025) refers to argv_veneer.o(.emb_text) for __ARM_argv_veneer
    rtexit2.o(.ARM.Collect$$rtexit$$00000003) refers to libshutdown.o(.ARM.Collect$$libshutdown$$00000000) for __rt_lib_shutdown
    rtexit2.o(.ARM.Collect$$rtexit$$00000004) refers to sys_exit.o(.text) for _sys_exit
    rtexit2.o(.ARM.exidx) refers to rtexit2.o(.ARM.Collect$$rtexit$$00000001) for .ARM.Collect$$rtexit$$00000001
    rtexit2.o(.ARM.exidx) refers to rtexit2.o(.ARM.Collect$$rtexit$$00000003) for .ARM.Collect$$rtexit$$00000003
    rtexit2.o(.ARM.exidx) refers to rtexit2.o(.ARM.Collect$$rtexit$$00000004) for .ARM.Collect$$rtexit$$00000004
    argv_veneer.o(.emb_text) refers to no_argv.o(.text) for __ARM_get_argv
    sys_exit.o(.text) refers (Special) to use_no_semi.o(.text) for __I$use$semihosting
    sys_exit.o(.text) refers (Special) to indicate_semi.o(.text) for __semihosting_library_function
    _get_argv_nomalloc.o(.text) refers (Special) to hrguard.o(.text) for __heap_region$guard
    _get_argv_nomalloc.o(.text) refers to defsig_rtmem_outer.o(.text) for __rt_SIGRTMEM
    _get_argv_nomalloc.o(.text) refers to sys_command.o(.text) for _sys_command_string
    libshutdown.o(.ARM.Collect$$libshutdown$$00000000) refers (Special) to libshutdown2.o(.ARM.Collect$$libshutdown$$00000006) for __rt_lib_shutdown_fp_trap_1
    libshutdown.o(.ARM.Collect$$libshutdown$$00000000) refers (Special) to libshutdown2.o(.ARM.Collect$$libshutdown$$0000000E) for __rt_lib_shutdown_heap_1
    libshutdown.o(.ARM.Collect$$libshutdown$$00000000) refers (Special) to libshutdown2.o(.ARM.Collect$$libshutdown$$0000000F) for __rt_lib_shutdown_return
    libshutdown.o(.ARM.Collect$$libshutdown$$00000000) refers (Special) to libshutdown2.o(.ARM.Collect$$libshutdown$$00000009) for __rt_lib_shutdown_signal_1
    libshutdown.o(.ARM.Collect$$libshutdown$$00000000) refers (Special) to libshutdown2.o(.ARM.Collect$$libshutdown$$00000003) for __rt_lib_shutdown_stdio_1
    libshutdown.o(.ARM.Collect$$libshutdown$$00000000) refers (Special) to libshutdown2.o(.ARM.Collect$$libshutdown$$0000000B) for __rt_lib_shutdown_user_alloc_1
    sys_command.o(.text) refers (Special) to use_no_semi.o(.text) for __I$use$semihosting
    sys_command.o(.text) refers (Special) to indicate_semi.o(.text) for __semihosting_library_function
    defsig_rtmem_outer.o(.text) refers to defsig_rtmem_inner.o(.text) for __rt_SIGRTMEM_inner
    defsig_rtmem_outer.o(.text) refers to defsig_exit.o(.text) for __sig_exit
    defsig_rtmem_formal.o(.text) refers to rt_raise.o(.text) for __rt_raise
    rt_raise.o(.text) refers to __raise.o(.text) for __raise
    rt_raise.o(.text) refers to sys_exit.o(.text) for _sys_exit
    defsig_exit.o(.text) refers to sys_exit.o(.text) for _sys_exit
    defsig_rtmem_inner.o(.text) refers to defsig_general.o(.text) for __default_signal_display
    __raise.o(.text) refers to defsig.o(CL$$defsig) for __default_signal_handler
    defsig_general.o(.text) refers to sys_wrch.o(.text) for _ttywrch
    sys_wrch.o(.text) refers (Special) to use_no_semi.o(.text) for __I$use$semihosting
    sys_wrch.o(.text) refers (Special) to indicate_semi.o(.text) for __semihosting_library_function
    defsig.o(CL$$defsig) refers to defsig_rtmem_inner.o(.text) for __rt_SIGRTMEM_inner
    defsig_abrt_inner.o(.text) refers to defsig_general.o(.text) for __default_signal_display
    defsig_fpe_inner.o(.text) refers to defsig_general.o(.text) for __default_signal_display
    defsig_rtred_inner.o(.text) refers to defsig_general.o(.text) for __default_signal_display
    defsig_stak_inner.o(.text) refers to defsig_general.o(.text) for __default_signal_display
    defsig_pvfn_inner.o(.text) refers to defsig_general.o(.text) for __default_signal_display
    defsig_cppl_inner.o(.text) refers to defsig_general.o(.text) for __default_signal_display
    defsig_segv_inner.o(.text) refers to defsig_general.o(.text) for __default_signal_display
    defsig_other.o(.text) refers to defsig_general.o(.text) for __default_signal_display


==============================================================================

Removing Unused input sections from the image.

    Removing st7735.o(i.Output_Clear), (10 bytes).
    Removing st7735.o(i.Output_Color), (12 bytes).
    Removing st7735.o(i.Output_Init), (16 bytes).
    Removing st7735.o(i.Output_Off), (8 bytes).
    Removing st7735.o(i.Output_On), (8 bytes).
    Removing st7735.o(i.ST7735_DrawBitmap), (288 bytes).
    Removing st7735.o(i.ST7735_DrawFastHLine), (124 bytes).
    Removing st7735.o(i.ST7735_DrawFastVLine), (124 bytes).
    Removing st7735.o(i.ST7735_InitB), (40 bytes).
    Removing st7735.o(i.ST7735_InvertDisplay), (22 bytes).
    Removing st7735.o(i.ST7735_OutUDec), (140 bytes).
    Removing st7735.o(i.ST7735_PlotBar), (88 bytes).
    Removing st7735.o(i.ST7735_PlotLine), (264 bytes).
    Removing st7735.o(i.ST7735_PlotNext), (32 bytes).
    Removing st7735.o(i.ST7735_PlotNextErase), (64 bytes).
    Removing st7735.o(i.ST7735_PlotPoint), (152 bytes).
    Removing st7735.o(i.ST7735_PlotPoints), (172 bytes).
    Removing st7735.o(i.ST7735_PlotdBfs), (60 bytes).
    Removing st7735.o(i.ST7735_SetRotation), (212 bytes).
    Removing st7735.o(i.ST7735_SetTextColor), (12 bytes).
    Removing st7735.o(i.ST7735_SwapColor), (18 bytes).
    Removing st7735.o(i.ferror), (8 bytes).
    Removing st7735.o(i.fgetc), (6 bytes).
    Removing st7735.o(i.fillmessage), (72 bytes).
    Removing st7735.o(i.fputc), (16 bytes).
    Removing st7735.o(.bss), (12 bytes).

26 unused section(s) (total 1980 bytes) removed from the image.

==============================================================================

Image Symbol Table

    Local Symbols

    Symbol Name                              Value     Ov Type        Size  Object(Section)

    RESET                                    0x00000000   Section      644  startup.o(RESET)
    ../clib/angel/boardlib.s                 0x00000000   Number         0  boardinit1.o ABSOLUTE
    ../clib/angel/boardlib.s                 0x00000000   Number         0  boardinit2.o ABSOLUTE
    ../clib/angel/boardlib.s                 0x00000000   Number         0  boardinit3.o ABSOLUTE
    ../clib/angel/boardlib.s                 0x00000000   Number         0  boardshut.o ABSOLUTE
    ../clib/angel/dczerorl2.s                0x00000000   Number         0  __dczerorl2.o ABSOLUTE
    ../clib/angel/handlers.s                 0x00000000   Number         0  __scatter_zi.o ABSOLUTE
    ../clib/angel/kernel.s                   0x00000000   Number         0  rtentry.o ABSOLUTE
    ../clib/angel/kernel.s                   0x00000000   Number         0  rtentry2.o ABSOLUTE
    ../clib/angel/kernel.s                   0x00000000   Number         0  rtentry4.o ABSOLUTE
    ../clib/angel/kernel.s                   0x00000000   Number         0  rtexit2.o ABSOLUTE
    ../clib/angel/kernel.s                   0x00000000   Number         0  rtexit.o ABSOLUTE
    ../clib/angel/rt.s                       0x00000000   Number         0  rt_raise.o ABSOLUTE
    ../clib/angel/scatter.s                  0x00000000   Number         0  __scatter.o ABSOLUTE
    ../clib/angel/startup.s                  0x00000000   Number         0  __main.o ABSOLUTE
    ../clib/angel/sys.s                      0x00000000   Number         0  indicate_semi.o ABSOLUTE
    ../clib/angel/sys.s                      0x00000000   Number         0  libspace.o ABSOLUTE
    ../clib/angel/sys.s                      0x00000000   Number         0  sys_stackheap_outer.o ABSOLUTE
    ../clib/angel/sys.s                      0x00000000   Number         0  use_no_semi.o ABSOLUTE
    ../clib/angel/sysapp.c                   0x00000000   Number         0  sys_exit.o ABSOLUTE
    ../clib/angel/sysapp.c                   0x00000000   Number         0  sys_wrch.o ABSOLUTE
    ../clib/angel/sysapp.c                   0x00000000   Number         0  sys_command.o ABSOLUTE
    ../clib/armsys.c                         0x00000000   Number         0  argv_veneer.o ABSOLUTE
    ../clib/armsys.c                         0x00000000   Number         0  _get_argv_nomalloc.o ABSOLUTE
    ../clib/armsys.c                         0x00000000   Number         0  no_argv.o ABSOLUTE
    ../clib/armsys.c                         0x00000000   Number         0  argv_veneer.o ABSOLUTE
    ../clib/heapalloc.c                      0x00000000   Number         0  hrguard.o ABSOLUTE
    ../clib/heapaux.c                        0x00000000   Number         0  heapauxi.o ABSOLUTE
    ../clib/libinit.s                        0x00000000   Number         0  libshutdown2.o ABSOLUTE
    ../clib/libinit.s                        0x00000000   Number         0  libshutdown.o ABSOLUTE
    ../clib/libinit.s                        0x00000000   Number         0  libinit.o ABSOLUTE
    ../clib/libinit.s                        0x00000000   Number         0  libinit2.o ABSOLUTE
    ../clib/signal.c                         0x00000000   Number         0  defsig_other.o ABSOLUTE
    ../clib/signal.c                         0x00000000   Number         0  defsig_cppl_inner.o ABSOLUTE
    ../clib/signal.c                         0x00000000   Number         0  defsig_pvfn_inner.o ABSOLUTE
    ../clib/signal.c                         0x00000000   Number         0  defsig_rtmem_formal.o ABSOLUTE
    ../clib/signal.c                         0x00000000   Number         0  defsig_rtmem_outer.o ABSOLUTE
    ../clib/signal.c                         0x00000000   Number         0  defsig_exit.o ABSOLUTE
    ../clib/signal.c                         0x00000000   Number         0  defsig_rtmem_inner.o ABSOLUTE
    ../clib/signal.c                         0x00000000   Number         0  __raise.o ABSOLUTE
    ../clib/signal.c                         0x00000000   Number         0  defsig_general.o ABSOLUTE
    ../clib/signal.c                         0x00000000   Number         0  defsig_abrt_inner.o ABSOLUTE
    ../clib/signal.c                         0x00000000   Number         0  defsig_rtred_inner.o ABSOLUTE
    ../clib/signal.c                         0x00000000   Number         0  defsig_fpe_inner.o ABSOLUTE
    ../clib/signal.c                         0x00000000   Number         0  defsig_segv_inner.o ABSOLUTE
    ../clib/signal.c                         0x00000000   Number         0  defsig_stak_inner.o ABSOLUTE
    ../clib/signal.s                         0x00000000   Number         0  defsig.o ABSOLUTE
    ../clib/stdlib.c                         0x00000000   Number         0  exit.o ABSOLUTE
    ../fplib/fpinit.s                        0x00000000   Number         0  fpinit.o ABSOLUTE
    Display.c                                0x00000000   Number         0  display.o ABSOLUTE
    PLL.c                                    0x00000000   Number         0  pll.o ABSOLUTE
    ST7735.c                                 0x00000000   Number         0  st7735.o ABSOLUTE
    Switch.c                                 0x00000000   Number         0  switch.o ABSOLUTE
    dc.s                                     0x00000000   Number         0  dc.o ABSOLUTE
    lab3Main.c                               0x00000000   Number         0  lab3main.o ABSOLUTE
    speaker.c                                0x00000000   Number         0  speaker.o ABSOLUTE
    startup.s                                0x00000000   Number         0  startup.o ABSOLUTE
    timeUtils.c                              0x00000000   Number         0  timeutils.o ABSOLUTE
    !!!main                                  0x00000284   Section        8  __main.o(!!!main)
    !!!scatter                               0x0000028c   Section       52  __scatter.o(!!!scatter)
    !!dczerorl2                              0x000002c0   Section       90  __dczerorl2.o(!!dczerorl2)
    !!handler_zi                             0x0000031c   Section       28  __scatter_zi.o(!!handler_zi)
    .ARM.Collect$$libinit$$00000000          0x00000338   Section        2  libinit.o(.ARM.Collect$$libinit$$00000000)
    .ARM.Collect$$libinit$$00000002          0x0000033a   Section        0  libinit2.o(.ARM.Collect$$libinit$$00000002)
    .ARM.Collect$$libinit$$00000008          0x0000033a   Section        0  libinit2.o(.ARM.Collect$$libinit$$00000008)
    .ARM.Collect$$libinit$$0000000A          0x0000033a   Section        0  libinit2.o(.ARM.Collect$$libinit$$0000000A)
    .ARM.Collect$$libinit$$0000000C          0x0000033a   Section        0  libinit2.o(.ARM.Collect$$libinit$$0000000C)
    .ARM.Collect$$libinit$$0000000F          0x0000033a   Section        0  libinit2.o(.ARM.Collect$$libinit$$0000000F)
    .ARM.Collect$$libinit$$00000011          0x0000033a   Section        0  libinit2.o(.ARM.Collect$$libinit$$00000011)
    .ARM.Collect$$libinit$$00000013          0x0000033a   Section        0  libinit2.o(.ARM.Collect$$libinit$$00000013)
    .ARM.Collect$$libinit$$00000015          0x0000033a   Section        0  libinit2.o(.ARM.Collect$$libinit$$00000015)
    .ARM.Collect$$libinit$$00000017          0x0000033a   Section        0  libinit2.o(.ARM.Collect$$libinit$$00000017)
    .ARM.Collect$$libinit$$00000019          0x0000033a   Section        0  libinit2.o(.ARM.Collect$$libinit$$00000019)
    .ARM.Collect$$libinit$$0000001B          0x0000033a   Section        0  libinit2.o(.ARM.Collect$$libinit$$0000001B)
    .ARM.Collect$$libinit$$0000001D          0x0000033a   Section        0  libinit2.o(.ARM.Collect$$libinit$$0000001D)
    .ARM.Collect$$libinit$$0000001F          0x0000033a   Section        0  libinit2.o(.ARM.Collect$$libinit$$0000001F)
    .ARM.Collect$$libinit$$00000021          0x0000033a   Section        0  libinit2.o(.ARM.Collect$$libinit$$00000021)
    .ARM.Collect$$libinit$$00000023          0x0000033a   Section        0  libinit2.o(.ARM.Collect$$libinit$$00000023)
    .ARM.Collect$$libinit$$0000002A          0x0000033a   Section        0  libinit2.o(.ARM.Collect$$libinit$$0000002A)
    .ARM.Collect$$libinit$$0000002C          0x0000033a   Section        0  libinit2.o(.ARM.Collect$$libinit$$0000002C)
    .ARM.Collect$$libinit$$0000002E          0x0000033a   Section        0  libinit2.o(.ARM.Collect$$libinit$$0000002E)
    .ARM.Collect$$libinit$$00000030          0x0000033a   Section        0  libinit2.o(.ARM.Collect$$libinit$$00000030)
    .ARM.Collect$$libinit$$00000031          0x0000033a   Section        2  libinit2.o(.ARM.Collect$$libinit$$00000031)
    .ARM.Collect$$libshutdown$$00000000      0x0000033c   Section        2  libshutdown.o(.ARM.Collect$$libshutdown$$00000000)
    .ARM.Collect$$libshutdown$$00000003      0x0000033e   Section        0  libshutdown2.o(.ARM.Collect$$libshutdown$$00000003)
    .ARM.Collect$$libshutdown$$00000006      0x0000033e   Section        0  libshutdown2.o(.ARM.Collect$$libshutdown$$00000006)
    .ARM.Collect$$libshutdown$$00000009      0x0000033e   Section        0  libshutdown2.o(.ARM.Collect$$libshutdown$$00000009)
    .ARM.Collect$$libshutdown$$0000000B      0x0000033e   Section        0  libshutdown2.o(.ARM.Collect$$libshutdown$$0000000B)
    .ARM.Collect$$libshutdown$$0000000E      0x0000033e   Section        0  libshutdown2.o(.ARM.Collect$$libshutdown$$0000000E)
    .ARM.Collect$$libshutdown$$0000000F      0x0000033e   Section        2  libshutdown2.o(.ARM.Collect$$libshutdown$$0000000F)
    .ARM.Collect$$rtentry$$00000000          0x00000340   Section        0  rtentry.o(.ARM.Collect$$rtentry$$00000000)
    .ARM.Collect$$rtentry$$00000002          0x00000340   Section        0  rtentry2.o(.ARM.Collect$$rtentry$$00000002)
    .ARM.Collect$$rtentry$$00000004          0x00000340   Section        6  rtentry4.o(.ARM.Collect$$rtentry$$00000004)
    .ARM.Collect$$rtentry$$00000009          0x00000346   Section        0  rtentry2.o(.ARM.Collect$$rtentry$$00000009)
    .ARM.Collect$$rtentry$$0000000A          0x00000346   Section        4  rtentry2.o(.ARM.Collect$$rtentry$$0000000A)
    .ARM.Collect$$rtentry$$0000000C          0x0000034a   Section        0  rtentry2.o(.ARM.Collect$$rtentry$$0000000C)
    .ARM.Collect$$rtentry$$0000000D          0x0000034a   Section        8  rtentry2.o(.ARM.Collect$$rtentry$$0000000D)
    .ARM.Collect$$rtexit$$00000000           0x00000352   Section        2  rtexit.o(.ARM.Collect$$rtexit$$00000000)
    .ARM.Collect$$rtexit$$00000002           0x00000354   Section        0  rtexit2.o(.ARM.Collect$$rtexit$$00000002)
    .ARM.Collect$$rtexit$$00000003           0x00000354   Section        4  rtexit2.o(.ARM.Collect$$rtexit$$00000003)
    .ARM.Collect$$rtexit$$00000004           0x00000358   Section        6  rtexit2.o(.ARM.Collect$$rtexit$$00000004)
    .text                                    0x00000360   Section       48  startup.o(.text)
    .text                                    0x00000390   Section        0  heapauxi.o(.text)
    .text                                    0x00000396   Section       74  sys_stackheap_outer.o(.text)
    .text                                    0x000003e0   Section        0  exit.o(.text)
    .text                                    0x000003ec   Section        8  libspace.o(.text)
    .text                                    0x000003f4   Section        0  sys_exit.o(.text)
    .text                                    0x00000400   Section        2  use_no_semi.o(.text)
    .text                                    0x00000402   Section        0  indicate_semi.o(.text)
    i.Delay1ms                               0x00000402   Section        0  st7735.o(i.Delay1ms)
    i.GPIOPortE_Handler                      0x00000424   Section        0  switch.o(i.GPIOPortE_Handler)
    i.PLL_Init                               0x00000578   Section        0  pll.o(i.PLL_Init)
    i.PortD_Init                             0x000005f4   Section        0  lab3main.o(i.PortD_Init)
    i.PortF_Init                             0x00000664   Section        0  lab3main.o(i.PortF_Init)
    i.ST7735_Color565                        0x000006e8   Section        0  st7735.o(i.ST7735_Color565)
    i.ST7735_DrawChar                        0x00000700   Section        0  st7735.o(i.ST7735_DrawChar)
    i.ST7735_DrawCharS                       0x0000080c   Section        0  st7735.o(i.ST7735_DrawCharS)
    i.ST7735_DrawPixel                       0x00000900   Section        0  st7735.o(i.ST7735_DrawPixel)
    i.ST7735_DrawString                      0x00000948   Section        0  st7735.o(i.ST7735_DrawString)
    i.ST7735_FillRect                        0x000009a0   Section        0  st7735.o(i.ST7735_FillRect)
    i.ST7735_FillScreen                      0x00000a4c   Section        0  st7735.o(i.ST7735_FillScreen)
    i.ST7735_InitR                           0x00000a70   Section        0  st7735.o(i.ST7735_InitR)
    i.ST7735_OutChar                         0x00000aec   Section        0  st7735.o(i.ST7735_OutChar)
    i.ST7735_OutString                       0x00000bc0   Section        0  st7735.o(i.ST7735_OutString)
    i.ST7735_PlotClear                       0x00000bd8   Section        0  st7735.o(i.ST7735_PlotClear)
    i.ST7735_SetCursor                       0x00000c34   Section        0  st7735.o(i.ST7735_SetCursor)
    i.Switch_Init                            0x00000c54   Section        0  switch.o(i.Switch_Init)
    i.SysTick_Handler                        0x00000d38   Section        0  timeutils.o(i.SysTick_Handler)
    i.SysTick_Init                           0x00000d64   Section        0  timeutils.o(i.SysTick_Init)
    i.Timer0A_Handler                        0x00000da4   Section        0  timeutils.o(i.Timer0A_Handler)
    i.Timer0A_Init                           0x00000e54   Section        0  timeutils.o(i.Timer0A_Init)
    i.Timer1A_Handler                        0x00000ebc   Section        0  timeutils.o(i.Timer1A_Handler)
    i.Timer1_Arm                             0x00000f00   Section        0  timeutils.o(i.Timer1_Arm)
    i.clear_Arrow_Area                       0x00000f5c   Section        0  display.o(i.clear_Arrow_Area)
    i.clear_Screen                           0x00000f90   Section        0  display.o(i.clear_Screen)
    i.commandList                            0x00000fb2   Section        0  st7735.o(i.commandList)
    commandList                              0x00000fb3   Thumb Code    86  st7735.o(i.commandList)
    i.commonInit                             0x00001008   Section        0  st7735.o(i.commonInit)
    commonInit                               0x00001009   Thumb Code   340  st7735.o(i.commonInit)
    i.drawClock                              0x0000118c   Section        0  display.o(i.drawClock)
    i.draw_Alarm_Status                      0x0000131c   Section        0  display.o(i.draw_Alarm_Status)
    i.draw_Alarm_Status_Arrow                0x000013fc   Section        0  display.o(i.draw_Alarm_Status_Arrow)
    i.draw_AnalogClock                       0x00001424   Section        0  display.o(i.draw_AnalogClock)
    i.draw_Arrow                             0x0000145c   Section        0  display.o(i.draw_Arrow)
    i.draw_ClockHand                         0x00001482   Section        0  display.o(i.draw_ClockHand)
    i.draw_DigitalClock                      0x000014f2   Section        0  display.o(i.draw_DigitalClock)
    i.enableSpeaker                          0x000015dc   Section        0  speaker.o(i.enableSpeaker)
    i.hourToXCoord                           0x00001600   Section        0  lab3main.o(i.hourToXCoord)
    i.hourToYCoord                           0x0000162c   Section        0  lab3main.o(i.hourToYCoord)
    i.initClock                              0x00001658   Section        0  display.o(i.initClock)
    i.init_LCD                               0x000016a8   Section        0  display.o(i.init_LCD)
    i.main                                   0x000016bc   Section        0  lab3main.o(i.main)
    i.max                                    0x000019d4   Section        0  display.o(i.max)
    i.pushColor                              0x000019e2   Section        0  st7735.o(i.pushColor)
    pushColor                                0x000019e3   Thumb Code    18  st7735.o(i.pushColor)
    i.setAddrWindow                          0x000019f4   Section        0  st7735.o(i.setAddrWindow)
    setAddrWindow                            0x000019f5   Thumb Code   106  st7735.o(i.setAddrWindow)
    i.setAlarm                               0x00001a68   Section        0  lab3main.o(i.setAlarm)
    i.setTime                                0x00001d80   Section        0  lab3main.o(i.setTime)
    i.wait                                   0x00002050   Section        0  lab3main.o(i.wait)
    i.writecommand                           0x0000205c   Section        0  st7735.o(i.writecommand)
    writecommand                             0x0000205d   Thumb Code    40  st7735.o(i.writecommand)
    i.writedata                              0x0000208c   Section        0  st7735.o(i.writedata)
    writedata                                0x0000208d   Thumb Code    24  st7735.o(i.writedata)
    .constdata                               0x000020ac   Section     1536  display.o(.constdata)
    .constdata                               0x000026ac   Section     2018  st7735.o(.constdata)
    Font                                     0x000026ac   Data        1275  st7735.o(.constdata)
    Bcmd                                     0x00002ba7   Data         103  st7735.o(.constdata)
    Rcmd1                                    0x00002c0e   Data          59  st7735.o(.constdata)
    Rcmd2green                               0x00002c49   Data          13  st7735.o(.constdata)
    Rcmd2red                                 0x00002c56   Data          13  st7735.o(.constdata)
    Rcmd3                                    0x00002c63   Data          43  st7735.o(.constdata)
    .data                                    0x20000000   Section     3552  lab3main.o(.data)
    lastHourX                                0x20000dd8   Data           4  lab3main.o(.data)
    lastHourY                                0x20000ddc   Data           4  lab3main.o(.data)
    .data                                    0x20000de0   Section        8  timeutils.o(.data)
    snooze_counter                           0x20000de0   Data           4  timeutils.o(.data)
    .data                                    0x20000de8   Section       16  display.o(.data)
    .data                                    0x20000df8   Section       44  st7735.o(.data)
    _width                                   0x20000e02   Data           2  st7735.o(.data)
    _height                                  0x20000e04   Data           2  st7735.o(.data)
    ColStart                                 0x20000e0c   Data           1  st7735.o(.data)
    RowStart                                 0x20000e0d   Data           1  st7735.o(.data)
    Rotation                                 0x20000e0e   Data           1  st7735.o(.data)
    TabColor                                 0x20000e0f   Data           1  st7735.o(.data)
    .bss                                     0x20000e24   Section       96  libspace.o(.bss)
    HEAP                                     0x20000e88   Section        0  startup.o(HEAP)
    STACK                                    0x20000e88   Section     1024  startup.o(STACK)
    HeapMem                                  0x20000e88   Data           0  startup.o(HEAP)
    StackMem                                 0x20000e88   Data           0  startup.o(STACK)

    Global Symbols

    Symbol Name                              Value     Ov Type        Size  Object(Section)

    BuildAttributes$$THM_ISAv4$E$P$D$K$B$S$7EM$PE$A:L22UL41UL21$X:L11$S22US41US21$IEEE1$IW$USESV6$~STKCKD$USESV7$~SHL$OSPACE$ROPI$EBA8$UX$STANDARDLIB$REQ8$PRES8$EABIv2 0x00000000   Number         0  anon$$obj.o ABSOLUTE
    __ARM_use_no_argv                        0x00000000   Number         0  lab3main.o ABSOLUTE
    __Vectors                                0x00000000   Data           0  startup.o(RESET)
    __ARM_exceptions_init                     - Undefined Weak Reference
    __alloca_initialize                       - Undefined Weak Reference
    __cpp_initialize__aeabi_                  - Undefined Weak Reference
    __cxa_finalize                            - Undefined Weak Reference
    __rt_locale                               - Undefined Weak Reference
    __sigvec_lookup                           - Undefined Weak Reference
    _atexit_init                              - Undefined Weak Reference
    _call_atexit_fns                          - Undefined Weak Reference
    _clock_init                               - Undefined Weak Reference
    _fp_trap_init                             - Undefined Weak Reference
    _fp_trap_shutdown                         - Undefined Weak Reference
    _get_lc_collate                           - Undefined Weak Reference
    _get_lc_ctype                             - Undefined Weak Reference
    _get_lc_monetary                          - Undefined Weak Reference
    _get_lc_numeric                           - Undefined Weak Reference
    _get_lc_time                              - Undefined Weak Reference
    _getenv_init                              - Undefined Weak Reference
    _handle_redirection                       - Undefined Weak Reference
    _init_alloc                               - Undefined Weak Reference
    _init_user_alloc                          - Undefined Weak Reference
    _initio                                   - Undefined Weak Reference
    _rand_init                                - Undefined Weak Reference
    _signal_finish                            - Undefined Weak Reference
    _signal_init                              - Undefined Weak Reference
    _terminate_alloc                          - Undefined Weak Reference
    _terminate_user_alloc                     - Undefined Weak Reference
    _terminateio                              - Undefined Weak Reference
    Reset_Handler                            0x0000026d   Thumb Code     0  startup.o(RESET)
    NMI_Handler                              0x00000271   Thumb Code     2  startup.o(RESET)
    HardFault_Handler                        0x00000273   Thumb Code     2  startup.o(RESET)
    MemManage_Handler                        0x00000275   Thumb Code     2  startup.o(RESET)
    BusFault_Handler                         0x00000277   Thumb Code     2  startup.o(RESET)
    UsageFault_Handler                       0x00000279   Thumb Code     2  startup.o(RESET)
    SVC_Handler                              0x0000027b   Thumb Code     2  startup.o(RESET)
    DebugMon_Handler                         0x0000027d   Thumb Code     2  startup.o(RESET)
    PendSV_Handler                           0x0000027f   Thumb Code     2  startup.o(RESET)
    ADC0Seq0_Handler                         0x00000283   Thumb Code     0  startup.o(RESET)
    ADC0Seq1_Handler                         0x00000283   Thumb Code     0  startup.o(RESET)
    ADC0Seq2_Handler                         0x00000283   Thumb Code     0  startup.o(RESET)
    ADC0Seq3_Handler                         0x00000283   Thumb Code     0  startup.o(RESET)
    ADC1Seq0_Handler                         0x00000283   Thumb Code     0  startup.o(RESET)
    ADC1Seq1_Handler                         0x00000283   Thumb Code     0  startup.o(RESET)
    ADC1Seq2_Handler                         0x00000283   Thumb Code     0  startup.o(RESET)
    ADC1Seq3_Handler                         0x00000283   Thumb Code     0  startup.o(RESET)
    CAN0_Handler                             0x00000283   Thumb Code     0  startup.o(RESET)
    CAN1_Handler                             0x00000283   Thumb Code     0  startup.o(RESET)
    CAN2_Handler                             0x00000283   Thumb Code     0  startup.o(RESET)
    Comp0_Handler                            0x00000283   Thumb Code     0  startup.o(RESET)
    Comp1_Handler                            0x00000283   Thumb Code     0  startup.o(RESET)
    Comp2_Handler                            0x00000283   Thumb Code     0  startup.o(RESET)
    Ethernet_Handler                         0x00000283   Thumb Code     0  startup.o(RESET)
    ExtBus_Handler                           0x00000283   Thumb Code     0  startup.o(RESET)
    FPU_Handler                              0x00000283   Thumb Code     0  startup.o(RESET)
    Fan0_Handler                             0x00000283   Thumb Code     0  startup.o(RESET)
    FlashCtl_Handler                         0x00000283   Thumb Code     0  startup.o(RESET)
    GPIOPortA_Handler                        0x00000283   Thumb Code     0  startup.o(RESET)
    GPIOPortB_Handler                        0x00000283   Thumb Code     0  startup.o(RESET)
    GPIOPortC_Handler                        0x00000283   Thumb Code     0  startup.o(RESET)
    GPIOPortD_Handler                        0x00000283   Thumb Code     0  startup.o(RESET)
    GPIOPortF_Handler                        0x00000283   Thumb Code     0  startup.o(RESET)
    GPIOPortG_Handler                        0x00000283   Thumb Code     0  startup.o(RESET)
    GPIOPortH_Handler                        0x00000283   Thumb Code     0  startup.o(RESET)
    GPIOPortJ_Handler                        0x00000283   Thumb Code     0  startup.o(RESET)
    GPIOPortK_Handler                        0x00000283   Thumb Code     0  startup.o(RESET)
    GPIOPortL_Handler                        0x00000283   Thumb Code     0  startup.o(RESET)
    GPIOPortM_Handler                        0x00000283   Thumb Code     0  startup.o(RESET)
    GPIOPortN_Handler                        0x00000283   Thumb Code     0  startup.o(RESET)
    GPIOPortP1_Handler                       0x00000283   Thumb Code     0  startup.o(RESET)
    GPIOPortP2_Handler                       0x00000283   Thumb Code     0  startup.o(RESET)
    GPIOPortP3_Handler                       0x00000283   Thumb Code     0  startup.o(RESET)
    GPIOPortP4_Handler                       0x00000283   Thumb Code     0  startup.o(RESET)
    GPIOPortP5_Handler                       0x00000283   Thumb Code     0  startup.o(RESET)
    GPIOPortP6_Handler                       0x00000283   Thumb Code     0  startup.o(RESET)
    GPIOPortP7_Handler                       0x00000283   Thumb Code     0  startup.o(RESET)
    GPIOPortP_Handler                        0x00000283   Thumb Code     0  startup.o(RESET)
    GPIOPortQ1_Handler                       0x00000283   Thumb Code     0  startup.o(RESET)
    GPIOPortQ2_Handler                       0x00000283   Thumb Code     0  startup.o(RESET)
    GPIOPortQ3_Handler                       0x00000283   Thumb Code     0  startup.o(RESET)
    GPIOPortQ4_Handler                       0x00000283   Thumb Code     0  startup.o(RESET)
    GPIOPortQ5_Handler                       0x00000283   Thumb Code     0  startup.o(RESET)
    GPIOPortQ6_Handler                       0x00000283   Thumb Code     0  startup.o(RESET)
    GPIOPortQ7_Handler                       0x00000283   Thumb Code     0  startup.o(RESET)
    GPIOPortQ_Handler                        0x00000283   Thumb Code     0  startup.o(RESET)
    GPIOPortR_Handler                        0x00000283   Thumb Code     0  startup.o(RESET)
    GPIOPortS_Handler                        0x00000283   Thumb Code     0  startup.o(RESET)
    Hibernate_Handler                        0x00000283   Thumb Code     0  startup.o(RESET)
    I2C0_Handler                             0x00000283   Thumb Code     0  startup.o(RESET)
    I2C1_Handler                             0x00000283   Thumb Code     0  startup.o(RESET)
    I2C2_Handler                             0x00000283   Thumb Code     0  startup.o(RESET)
    I2C3_Handler                             0x00000283   Thumb Code     0  startup.o(RESET)
    I2C4_Handler                             0x00000283   Thumb Code     0  startup.o(RESET)
    I2C5_Handler                             0x00000283   Thumb Code     0  startup.o(RESET)
    I2S0_Handler                             0x00000283   Thumb Code     0  startup.o(RESET)
    LPC0_Handler                             0x00000283   Thumb Code     0  startup.o(RESET)
    PECI0_Handler                            0x00000283   Thumb Code     0  startup.o(RESET)
    PWM0Fault_Handler                        0x00000283   Thumb Code     0  startup.o(RESET)
    PWM0Generator0_Handler                   0x00000283   Thumb Code     0  startup.o(RESET)
    PWM0Generator1_Handler                   0x00000283   Thumb Code     0  startup.o(RESET)
    PWM0Generator2_Handler                   0x00000283   Thumb Code     0  startup.o(RESET)
    PWM0Generator3_Handler                   0x00000283   Thumb Code     0  startup.o(RESET)
    PWM1Fault_Handler                        0x00000283   Thumb Code     0  startup.o(RESET)
    PWM1Generator0_Handler                   0x00000283   Thumb Code     0  startup.o(RESET)
    PWM1Generator1_Handler                   0x00000283   Thumb Code     0  startup.o(RESET)
    PWM1Generator2_Handler                   0x00000283   Thumb Code     0  startup.o(RESET)
    PWM1Generator3_Handler                   0x00000283   Thumb Code     0  startup.o(RESET)
    Quadrature0_Handler                      0x00000283   Thumb Code     0  startup.o(RESET)
    Quadrature1_Handler                      0x00000283   Thumb Code     0  startup.o(RESET)
    Quadrature2_Handler                      0x00000283   Thumb Code     0  startup.o(RESET)
    SSI0_Handler                             0x00000283   Thumb Code     0  startup.o(RESET)
    SSI1_Handler                             0x00000283   Thumb Code     0  startup.o(RESET)
    SSI2_Handler                             0x00000283   Thumb Code     0  startup.o(RESET)
    SSI3_Handler                             0x00000283   Thumb Code     0  startup.o(RESET)
    SysCtl_Handler                           0x00000283   Thumb Code     0  startup.o(RESET)
    Timer0B_Handler                          0x00000283   Thumb Code     0  startup.o(RESET)
    Timer1B_Handler                          0x00000283   Thumb Code     0  startup.o(RESET)
    Timer2A_Handler                          0x00000283   Thumb Code     0  startup.o(RESET)
    Timer2B_Handler                          0x00000283   Thumb Code     0  startup.o(RESET)
    Timer3A_Handler                          0x00000283   Thumb Code     0  startup.o(RESET)
    Timer3B_Handler                          0x00000283   Thumb Code     0  startup.o(RESET)
    Timer4A_Handler                          0x00000283   Thumb Code     0  startup.o(RESET)
    Timer4B_Handler                          0x00000283   Thumb Code     0  startup.o(RESET)
    Timer5A_Handler                          0x00000283   Thumb Code     0  startup.o(RESET)
    Timer5B_Handler                          0x00000283   Thumb Code     0  startup.o(RESET)
    UART0_Handler                            0x00000283   Thumb Code     0  startup.o(RESET)
    UART1_Handler                            0x00000283   Thumb Code     0  startup.o(RESET)
    UART2_Handler                            0x00000283   Thumb Code     0  startup.o(RESET)
    UART3_Handler                            0x00000283   Thumb Code     0  startup.o(RESET)
    UART4_Handler                            0x00000283   Thumb Code     0  startup.o(RESET)
    UART5_Handler                            0x00000283   Thumb Code     0  startup.o(RESET)
    UART6_Handler                            0x00000283   Thumb Code     0  startup.o(RESET)
    UART7_Handler                            0x00000283   Thumb Code     0  startup.o(RESET)
    USB0_Handler                             0x00000283   Thumb Code     0  startup.o(RESET)
    WDT_Handler                              0x00000283   Thumb Code     0  startup.o(RESET)
    WideTimer0A_Handler                      0x00000283   Thumb Code     0  startup.o(RESET)
    WideTimer0B_Handler                      0x00000283   Thumb Code     0  startup.o(RESET)
    WideTimer1A_Handler                      0x00000283   Thumb Code     0  startup.o(RESET)
    WideTimer1B_Handler                      0x00000283   Thumb Code     0  startup.o(RESET)
    WideTimer2A_Handler                      0x00000283   Thumb Code     0  startup.o(RESET)
    WideTimer2B_Handler                      0x00000283   Thumb Code     0  startup.o(RESET)
    WideTimer3A_Handler                      0x00000283   Thumb Code     0  startup.o(RESET)
    WideTimer3B_Handler                      0x00000283   Thumb Code     0  startup.o(RESET)
    WideTimer4A_Handler                      0x00000283   Thumb Code     0  startup.o(RESET)
    WideTimer4B_Handler                      0x00000283   Thumb Code     0  startup.o(RESET)
    WideTimer5A_Handler                      0x00000283   Thumb Code     0  startup.o(RESET)
    WideTimer5B_Handler                      0x00000283   Thumb Code     0  startup.o(RESET)
    uDMA_Error                               0x00000283   Thumb Code     0  startup.o(RESET)
    uDMA_Handler                             0x00000283   Thumb Code     0  startup.o(RESET)
    __main                                   0x00000285   Thumb Code     8  __main.o(!!!main)
    __scatterload                            0x0000028d   Thumb Code     0  __scatter.o(!!!scatter)
    __scatterload_rt2                        0x0000028d   Thumb Code    44  __scatter.o(!!!scatter)
    __scatterload_rt2_thumb_only             0x0000028d   Thumb Code     0  __scatter.o(!!!scatter)
    __scatterload_null                       0x0000029b   Thumb Code     0  __scatter.o(!!!scatter)
    __decompress                             0x000002c1   Thumb Code    90  __dczerorl2.o(!!dczerorl2)
    __decompress1                            0x000002c1   Thumb Code     0  __dczerorl2.o(!!dczerorl2)
    __scatterload_zeroinit                   0x0000031d   Thumb Code    28  __scatter_zi.o(!!handler_zi)
    __rt_lib_init                            0x00000339   Thumb Code     0  libinit.o(.ARM.Collect$$libinit$$00000000)
    __rt_lib_init_alloca_1                   0x0000033b   Thumb Code     0  libinit2.o(.ARM.Collect$$libinit$$0000002C)
    __rt_lib_init_argv_1                     0x0000033b   Thumb Code     0  libinit2.o(.ARM.Collect$$libinit$$0000002A)
    __rt_lib_init_atexit_1                   0x0000033b   Thumb Code     0  libinit2.o(.ARM.Collect$$libinit$$00000019)
    __rt_lib_init_clock_1                    0x0000033b   Thumb Code     0  libinit2.o(.ARM.Collect$$libinit$$0000001F)
    __rt_lib_init_cpp_1                      0x0000033b   Thumb Code     0  libinit2.o(.ARM.Collect$$libinit$$00000030)
    __rt_lib_init_exceptions_1               0x0000033b   Thumb Code     0  libinit2.o(.ARM.Collect$$libinit$$0000002E)
    __rt_lib_init_fp_1                       0x0000033b   Thumb Code     0  libinit2.o(.ARM.Collect$$libinit$$00000002)
    __rt_lib_init_fp_trap_1                  0x0000033b   Thumb Code     0  libinit2.o(.ARM.Collect$$libinit$$0000001D)
    __rt_lib_init_getenv_1                   0x0000033b   Thumb Code     0  libinit2.o(.ARM.Collect$$libinit$$00000021)
    __rt_lib_init_heap_1                     0x0000033b   Thumb Code     0  libinit2.o(.ARM.Collect$$libinit$$00000008)
    __rt_lib_init_lc_collate_1               0x0000033b   Thumb Code     0  libinit2.o(.ARM.Collect$$libinit$$0000000F)
    __rt_lib_init_lc_ctype_1                 0x0000033b   Thumb Code     0  libinit2.o(.ARM.Collect$$libinit$$00000011)
    __rt_lib_init_lc_monetary_1              0x0000033b   Thumb Code     0  libinit2.o(.ARM.Collect$$libinit$$00000013)
    __rt_lib_init_lc_numeric_1               0x0000033b   Thumb Code     0  libinit2.o(.ARM.Collect$$libinit$$00000015)
    __rt_lib_init_lc_time_1                  0x0000033b   Thumb Code     0  libinit2.o(.ARM.Collect$$libinit$$00000017)
    __rt_lib_init_rand_1                     0x0000033b   Thumb Code     0  libinit2.o(.ARM.Collect$$libinit$$0000000C)
    __rt_lib_init_return                     0x0000033b   Thumb Code     0  libinit2.o(.ARM.Collect$$libinit$$00000031)
    __rt_lib_init_signal_1                   0x0000033b   Thumb Code     0  libinit2.o(.ARM.Collect$$libinit$$0000001B)
    __rt_lib_init_stdio_1                    0x0000033b   Thumb Code     0  libinit2.o(.ARM.Collect$$libinit$$00000023)
    __rt_lib_init_user_alloc_1               0x0000033b   Thumb Code     0  libinit2.o(.ARM.Collect$$libinit$$0000000A)
    __rt_lib_shutdown                        0x0000033d   Thumb Code     0  libshutdown.o(.ARM.Collect$$libshutdown$$00000000)
    __rt_lib_shutdown_fp_trap_1              0x0000033f   Thumb Code     0  libshutdown2.o(.ARM.Collect$$libshutdown$$00000006)
    __rt_lib_shutdown_heap_1                 0x0000033f   Thumb Code     0  libshutdown2.o(.ARM.Collect$$libshutdown$$0000000E)
    __rt_lib_shutdown_return                 0x0000033f   Thumb Code     0  libshutdown2.o(.ARM.Collect$$libshutdown$$0000000F)
    __rt_lib_shutdown_signal_1               0x0000033f   Thumb Code     0  libshutdown2.o(.ARM.Collect$$libshutdown$$00000009)
    __rt_lib_shutdown_stdio_1                0x0000033f   Thumb Code     0  libshutdown2.o(.ARM.Collect$$libshutdown$$00000003)
    __rt_lib_shutdown_user_alloc_1           0x0000033f   Thumb Code     0  libshutdown2.o(.ARM.Collect$$libshutdown$$0000000B)
    __rt_entry                               0x00000341   Thumb Code     0  rtentry.o(.ARM.Collect$$rtentry$$00000000)
    __rt_entry_presh_1                       0x00000341   Thumb Code     0  rtentry2.o(.ARM.Collect$$rtentry$$00000002)
    __rt_entry_sh                            0x00000341   Thumb Code     0  rtentry4.o(.ARM.Collect$$rtentry$$00000004)
    __rt_entry_li                            0x00000347   Thumb Code     0  rtentry2.o(.ARM.Collect$$rtentry$$0000000A)
    __rt_entry_postsh_1                      0x00000347   Thumb Code     0  rtentry2.o(.ARM.Collect$$rtentry$$00000009)
    __rt_entry_main                          0x0000034b   Thumb Code     0  rtentry2.o(.ARM.Collect$$rtentry$$0000000D)
    __rt_entry_postli_1                      0x0000034b   Thumb Code     0  rtentry2.o(.ARM.Collect$$rtentry$$0000000C)
    __rt_exit                                0x00000353   Thumb Code     0  rtexit.o(.ARM.Collect$$rtexit$$00000000)
    __rt_exit_ls                             0x00000355   Thumb Code     0  rtexit2.o(.ARM.Collect$$rtexit$$00000003)
    __rt_exit_prels_1                        0x00000355   Thumb Code     0  rtexit2.o(.ARM.Collect$$rtexit$$00000002)
    __rt_exit_exit                           0x00000359   Thumb Code     0  rtexit2.o(.ARM.Collect$$rtexit$$00000004)
    DisableInterrupts                        0x00000361   Thumb Code     0  startup.o(.text)
    EnableInterrupts                         0x00000365   Thumb Code     0  startup.o(.text)
    StartCritical                            0x00000369   Thumb Code     0  startup.o(.text)
    EndCritical                              0x00000371   Thumb Code     0  startup.o(.text)
    WaitForInterrupt                         0x00000377   Thumb Code     0  startup.o(.text)
    __user_initial_stackheap                 0x0000037b   Thumb Code     0  startup.o(.text)
    __use_two_region_memory                  0x00000391   Thumb Code     2  heapauxi.o(.text)
    __rt_heap_escrow$2region                 0x00000393   Thumb Code     2  heapauxi.o(.text)
    __rt_heap_expand$2region                 0x00000395   Thumb Code     2  heapauxi.o(.text)
    __user_setup_stackheap                   0x00000397   Thumb Code    74  sys_stackheap_outer.o(.text)
    exit                                     0x000003e1   Thumb Code    12  exit.o(.text)
    __user_libspace                          0x000003ed   Thumb Code     8  libspace.o(.text)
    __user_perproc_libspace                  0x000003ed   Thumb Code     0  libspace.o(.text)
    __user_perthread_libspace                0x000003ed   Thumb Code     0  libspace.o(.text)
    _sys_exit                                0x000003f5   Thumb Code     8  sys_exit.o(.text)
    __I$use$semihosting                      0x00000401   Thumb Code     0  use_no_semi.o(.text)
    __use_no_semihosting_swi                 0x00000401   Thumb Code     2  use_no_semi.o(.text)
    Delay1ms                                 0x00000403   Thumb Code    32  st7735.o(i.Delay1ms)
    __semihosting_library_function           0x00000403   Thumb Code     0  indicate_semi.o(.text)
    GPIOPortE_Handler                        0x00000425   Thumb Code   292  switch.o(i.GPIOPortE_Handler)
    PLL_Init                                 0x00000579   Thumb Code   118  pll.o(i.PLL_Init)
    PortD_Init                               0x000005f5   Thumb Code    94  lab3main.o(i.PortD_Init)
    PortF_Init                               0x00000665   Thumb Code   110  lab3main.o(i.PortF_Init)
    ST7735_Color565                          0x000006e9   Thumb Code    24  st7735.o(i.ST7735_Color565)
    ST7735_DrawChar                          0x00000701   Thumb Code   256  st7735.o(i.ST7735_DrawChar)
    ST7735_DrawCharS                         0x0000080d   Thumb Code   232  st7735.o(i.ST7735_DrawCharS)
    ST7735_DrawPixel                         0x00000901   Thumb Code    64  st7735.o(i.ST7735_DrawPixel)
    ST7735_DrawString                        0x00000949   Thumb Code    86  st7735.o(i.ST7735_DrawString)
    ST7735_FillRect                          0x000009a1   Thumb Code   164  st7735.o(i.ST7735_FillRect)
    ST7735_FillScreen                        0x00000a4d   Thumb Code    28  st7735.o(i.ST7735_FillScreen)
    ST7735_InitR                             0x00000a71   Thumb Code    90  st7735.o(i.ST7735_InitR)
    ST7735_OutChar                           0x00000aed   Thumb Code   176  st7735.o(i.ST7735_OutChar)
    ST7735_OutString                         0x00000bc1   Thumb Code    24  st7735.o(i.ST7735_OutString)
    ST7735_PlotClear                         0x00000bd9   Thumb Code    74  st7735.o(i.ST7735_PlotClear)
    ST7735_SetCursor                         0x00000c35   Thumb Code    22  st7735.o(i.ST7735_SetCursor)
    Switch_Init                              0x00000c55   Thumb Code   198  switch.o(i.Switch_Init)
    SysTick_Handler                          0x00000d39   Thumb Code    30  timeutils.o(i.SysTick_Handler)
    SysTick_Init                             0x00000d65   Thumb Code    58  timeutils.o(i.SysTick_Init)
    Timer0A_Handler                          0x00000da5   Thumb Code   134  timeutils.o(i.Timer0A_Handler)
    Timer0A_Init                             0x00000e55   Thumb Code    88  timeutils.o(i.Timer0A_Init)
    Timer1A_Handler                          0x00000ebd   Thumb Code    52  timeutils.o(i.Timer1A_Handler)
    Timer1_Arm                               0x00000f01   Thumb Code    72  timeutils.o(i.Timer1_Arm)
    clear_Arrow_Area                         0x00000f5d   Thumb Code    46  display.o(i.clear_Arrow_Area)
    clear_Screen                             0x00000f91   Thumb Code    34  display.o(i.clear_Screen)
    drawClock                                0x0000118d   Thumb Code   376  display.o(i.drawClock)
    draw_Alarm_Status                        0x0000131d   Thumb Code   218  display.o(i.draw_Alarm_Status)
    draw_Alarm_Status_Arrow                  0x000013fd   Thumb Code    38  display.o(i.draw_Alarm_Status_Arrow)
    draw_AnalogClock                         0x00001425   Thumb Code    32  display.o(i.draw_AnalogClock)
    draw_Arrow                               0x0000145d   Thumb Code    38  display.o(i.draw_Arrow)
    draw_ClockHand                           0x00001483   Thumb Code   112  display.o(i.draw_ClockHand)
    draw_DigitalClock                        0x000014f3   Thumb Code   232  display.o(i.draw_DigitalClock)
    enableSpeaker                            0x000015dd   Thumb Code    30  speaker.o(i.enableSpeaker)
    hourToXCoord                             0x00001601   Thumb Code    38  lab3main.o(i.hourToXCoord)
    hourToYCoord                             0x0000162d   Thumb Code    38  lab3main.o(i.hourToYCoord)
    initClock                                0x00001659   Thumb Code    62  display.o(i.initClock)
    init_LCD                                 0x000016a9   Thumb Code    18  display.o(i.init_LCD)
    main                                     0x000016bd   Thumb Code   668  lab3main.o(i.main)
    max                                      0x000019d5   Thumb Code    14  display.o(i.max)
    setAlarm                                 0x00001a69   Thumb Code   706  lab3main.o(i.setAlarm)
    setTime                                  0x00001d81   Thumb Code   638  lab3main.o(i.setTime)
    wait                                     0x00002051   Thumb Code    10  lab3main.o(i.wait)
    CircleXbuf                               0x000020ac   Data         720  display.o(.constdata)
    CircleYbuf                               0x0000237c   Data         720  display.o(.constdata)
    clockNumsX                               0x0000264c   Data          48  display.o(.constdata)
    clockNumsY                               0x0000267c   Data          48  display.o(.constdata)
    dBfs                                     0x00002c8e   Data         512  st7735.o(.constdata)
    Region$$Table$$Base                      0x00002e90   Number         0  anon$$obj.o(Region$$Table)
    Region$$Table$$Limit                     0x00002eb0   Number         0  anon$$obj.o(Region$$Table)
    Hour_Hand                                0x20000000   Data          96  lab3main.o(.data)
    Minute_Hand                              0x20000060   Data         480  lab3main.o(.data)
    Themes                                   0x20000240   Data          14  lab3main.o(.data)
    currentMode                              0x20000250   Data           4  lab3main.o(.data)
    prevMode                                 0x20000254   Data           4  lab3main.o(.data)
    setTimeFlag                              0x20000258   Data           4  lab3main.o(.data)
    currentHour                              0x2000025c   Data           4  lab3main.o(.data)
    currentMinute                            0x20000260   Data           4  lab3main.o(.data)
    currentSeconds                           0x20000264   Data           4  lab3main.o(.data)
    prevHour                                 0x20000268   Data           4  lab3main.o(.data)
    prevMinute                               0x2000026c   Data           4  lab3main.o(.data)
    prevSeconds                              0x20000270   Data           4  lab3main.o(.data)
    setAlarmFlag                             0x20000274   Data           4  lab3main.o(.data)
    alarmHour                                0x20000278   Data           4  lab3main.o(.data)
    alarmMinute                              0x2000027c   Data           4  lab3main.o(.data)
    alarmActive                              0x20000280   Data           4  lab3main.o(.data)
    soundFlag                                0x20000284   Data           4  lab3main.o(.data)
    changeModeFlag                           0x20000288   Data           4  lab3main.o(.data)
    updateTimeFlag                           0x2000028c   Data           4  lab3main.o(.data)
    changeThemeFlag                          0x20000290   Data           4  lab3main.o(.data)
    THEME_COLOR                              0x20000294   Data           2  lab3main.o(.data)
    theme_index                              0x20000296   Data           2  lab3main.o(.data)
    hourHandXCoords                          0x20000298   Data        1440  lab3main.o(.data)
    hourHandYCoords                          0x20000838   Data        1440  lab3main.o(.data)
    PeriodicTask                             0x20000de4   Data           4  timeutils.o(.data)
    curXMin                                  0x20000de8   Data           4  display.o(.data)
    curXMax                                  0x20000dec   Data           4  display.o(.data)
    curYMin                                  0x20000df0   Data           4  display.o(.data)
    curYMax                                  0x20000df4   Data           4  display.o(.data)
    StX                                      0x20000df8   Data           4  st7735.o(.data)
    StY                                      0x20000dfc   Data           4  st7735.o(.data)
    StTextColor                              0x20000e00   Data           2  st7735.o(.data)
    lastj                                    0x20000e08   Data           4  st7735.o(.data)
    Messageindex                             0x20000e10   Data           4  st7735.o(.data)
    Ymax                                     0x20000e14   Data           4  st7735.o(.data)
    Ymin                                     0x20000e18   Data           4  st7735.o(.data)
    X                                        0x20000e1c   Data           4  st7735.o(.data)
    Yrange                                   0x20000e20   Data           4  st7735.o(.data)
    __libspace_start                         0x20000e24   Data          96  libspace.o(.bss)
    __temporary_stack_top$libspace           0x20000e84   Data           0  libspace.o(.bss)



==============================================================================

Memory Map of the image

  Image Entry point : 0x0000026d

  Load Region LR_1 (Base: 0x00000000, Size: 0x00003cd4, Max: 0xffffffff, ABSOLUTE, COMPRESSED[0x000031f4])

    Execution Region ER_RO (Base: 0x00000000, Size: 0x00002eb0, Max: 0xffffffff, ABSOLUTE)

    Base Addr    Size         Type   Attr      Idx    E Section Name        Object

    0x00000000   0x00000284   Code   RO            3  * RESET               startup.o
    0x00000284   0x00000008   Code   RO          540  * !!!main             c_w.l(__main.o)
    0x0000028c   0x00000034   Code   RO          696    !!!scatter          c_w.l(__scatter.o)
    0x000002c0   0x0000005a   Code   RO          694    !!dczerorl2         c_w.l(__dczerorl2.o)
    0x0000031a   0x00000002   PAD
    0x0000031c   0x0000001c   Code   RO          698    !!handler_zi        c_w.l(__scatter_zi.o)
    0x00000338   0x00000002   Code   RO          567    .ARM.Collect$$libinit$$00000000  c_w.l(libinit.o)
    0x0000033a   0x00000000   Code   RO          574    .ARM.Collect$$libinit$$00000002  c_w.l(libinit2.o)
    0x0000033a   0x00000000   Code   RO          577    .ARM.Collect$$libinit$$00000008  c_w.l(libinit2.o)
    0x0000033a   0x00000000   Code   RO          579    .ARM.Collect$$libinit$$0000000A  c_w.l(libinit2.o)
    0x0000033a   0x00000000   Code   RO          581    .ARM.Collect$$libinit$$0000000C  c_w.l(libinit2.o)
    0x0000033a   0x00000000   Code   RO          584    .ARM.Collect$$libinit$$0000000F  c_w.l(libinit2.o)
    0x0000033a   0x00000000   Code   RO          586    .ARM.Collect$$libinit$$00000011  c_w.l(libinit2.o)
    0x0000033a   0x00000000   Code   RO          588    .ARM.Collect$$libinit$$00000013  c_w.l(libinit2.o)
    0x0000033a   0x00000000   Code   RO          590    .ARM.Collect$$libinit$$00000015  c_w.l(libinit2.o)
    0x0000033a   0x00000000   Code   RO          592    .ARM.Collect$$libinit$$00000017  c_w.l(libinit2.o)
    0x0000033a   0x00000000   Code   RO          594    .ARM.Collect$$libinit$$00000019  c_w.l(libinit2.o)
    0x0000033a   0x00000000   Code   RO          596    .ARM.Collect$$libinit$$0000001B  c_w.l(libinit2.o)
    0x0000033a   0x00000000   Code   RO          598    .ARM.Collect$$libinit$$0000001D  c_w.l(libinit2.o)
    0x0000033a   0x00000000   Code   RO          600    .ARM.Collect$$libinit$$0000001F  c_w.l(libinit2.o)
    0x0000033a   0x00000000   Code   RO          602    .ARM.Collect$$libinit$$00000021  c_w.l(libinit2.o)
    0x0000033a   0x00000000   Code   RO          604    .ARM.Collect$$libinit$$00000023  c_w.l(libinit2.o)
    0x0000033a   0x00000000   Code   RO          608    .ARM.Collect$$libinit$$0000002A  c_w.l(libinit2.o)
    0x0000033a   0x00000000   Code   RO          610    .ARM.Collect$$libinit$$0000002C  c_w.l(libinit2.o)
    0x0000033a   0x00000000   Code   RO          612    .ARM.Collect$$libinit$$0000002E  c_w.l(libinit2.o)
    0x0000033a   0x00000000   Code   RO          614    .ARM.Collect$$libinit$$00000030  c_w.l(libinit2.o)
    0x0000033a   0x00000002   Code   RO          615    .ARM.Collect$$libinit$$00000031  c_w.l(libinit2.o)
    0x0000033c   0x00000002   Code   RO          635    .ARM.Collect$$libshutdown$$00000000  c_w.l(libshutdown.o)
    0x0000033e   0x00000000   Code   RO          649    .ARM.Collect$$libshutdown$$00000003  c_w.l(libshutdown2.o)
    0x0000033e   0x00000000   Code   RO          652    .ARM.Collect$$libshutdown$$00000006  c_w.l(libshutdown2.o)
    0x0000033e   0x00000000   Code   RO          655    .ARM.Collect$$libshutdown$$00000009  c_w.l(libshutdown2.o)
    0x0000033e   0x00000000   Code   RO          657    .ARM.Collect$$libshutdown$$0000000B  c_w.l(libshutdown2.o)
    0x0000033e   0x00000000   Code   RO          660    .ARM.Collect$$libshutdown$$0000000E  c_w.l(libshutdown2.o)
    0x0000033e   0x00000002   Code   RO          661    .ARM.Collect$$libshutdown$$0000000F  c_w.l(libshutdown2.o)
    0x00000340   0x00000000   Code   RO          542    .ARM.Collect$$rtentry$$00000000  c_w.l(rtentry.o)
    0x00000340   0x00000000   Code   RO          544    .ARM.Collect$$rtentry$$00000002  c_w.l(rtentry2.o)
    0x00000340   0x00000006   Code   RO          556    .ARM.Collect$$rtentry$$00000004  c_w.l(rtentry4.o)
    0x00000346   0x00000000   Code   RO          546    .ARM.Collect$$rtentry$$00000009  c_w.l(rtentry2.o)
    0x00000346   0x00000004   Code   RO          547    .ARM.Collect$$rtentry$$0000000A  c_w.l(rtentry2.o)
    0x0000034a   0x00000000   Code   RO          549    .ARM.Collect$$rtentry$$0000000C  c_w.l(rtentry2.o)
    0x0000034a   0x00000008   Code   RO          550    .ARM.Collect$$rtentry$$0000000D  c_w.l(rtentry2.o)
    0x00000352   0x00000002   Code   RO          571    .ARM.Collect$$rtexit$$00000000  c_w.l(rtexit.o)
    0x00000354   0x00000000   Code   RO          617    .ARM.Collect$$rtexit$$00000002  c_w.l(rtexit2.o)
    0x00000354   0x00000004   Code   RO          618    .ARM.Collect$$rtexit$$00000003  c_w.l(rtexit2.o)
    0x00000358   0x00000006   Code   RO          619    .ARM.Collect$$rtexit$$00000004  c_w.l(rtexit2.o)
    0x0000035e   0x00000002   PAD
    0x00000360   0x00000030   Code   RO            4    .text               startup.o
    0x00000390   0x00000006   Code   RO          538    .text               c_w.l(heapauxi.o)
    0x00000396   0x0000004a   Code   RO          558    .text               c_w.l(sys_stackheap_outer.o)
    0x000003e0   0x0000000c   Code   RO          560    .text               c_w.l(exit.o)
    0x000003ec   0x00000008   Code   RO          568    .text               c_w.l(libspace.o)
    0x000003f4   0x0000000c   Code   RO          627    .text               c_w.l(sys_exit.o)
    0x00000400   0x00000002   Code   RO          638    .text               c_w.l(use_no_semi.o)
    0x00000402   0x00000000   Code   RO          640    .text               c_w.l(indicate_semi.o)
    0x00000402   0x00000020   Code   RO          267    i.Delay1ms          st7735.o
    0x00000422   0x00000002   PAD
    0x00000424   0x00000154   Code   RO           12    i.GPIOPortE_Handler  switch.o
    0x00000578   0x0000007c   Code   RO          107    i.PLL_Init          pll.o
    0x000005f4   0x00000070   Code   RO           41    i.PortD_Init        lab3main.o
    0x00000664   0x00000084   Code   RO           42    i.PortF_Init        lab3main.o
    0x000006e8   0x00000018   Code   RO          273    i.ST7735_Color565   st7735.o
    0x00000700   0x0000010c   Code   RO          275    i.ST7735_DrawChar   st7735.o
    0x0000080c   0x000000f4   Code   RO          276    i.ST7735_DrawCharS  st7735.o
    0x00000900   0x00000048   Code   RO          279    i.ST7735_DrawPixel  st7735.o
    0x00000948   0x00000056   Code   RO          280    i.ST7735_DrawString  st7735.o
    0x0000099e   0x00000002   PAD
    0x000009a0   0x000000ac   Code   RO          281    i.ST7735_FillRect   st7735.o
    0x00000a4c   0x00000024   Code   RO          282    i.ST7735_FillScreen  st7735.o
    0x00000a70   0x0000007c   Code   RO          284    i.ST7735_InitR      st7735.o
    0x00000aec   0x000000d4   Code   RO          286    i.ST7735_OutChar    st7735.o
    0x00000bc0   0x00000018   Code   RO          287    i.ST7735_OutString  st7735.o
    0x00000bd8   0x0000005c   Code   RO          290    i.ST7735_PlotClear  st7735.o
    0x00000c34   0x00000020   Code   RO          297    i.ST7735_SetCursor  st7735.o
    0x00000c54   0x000000e4   Code   RO           13    i.Switch_Init       switch.o
    0x00000d38   0x0000002c   Code   RO          131    i.SysTick_Handler   timeutils.o
    0x00000d64   0x00000040   Code   RO          132    i.SysTick_Init      timeutils.o
    0x00000da4   0x000000b0   Code   RO          133    i.Timer0A_Handler   timeutils.o
    0x00000e54   0x00000068   Code   RO          134    i.Timer0A_Init      timeutils.o
    0x00000ebc   0x00000044   Code   RO          135    i.Timer1A_Handler   timeutils.o
    0x00000f00   0x0000005c   Code   RO          136    i.Timer1_Arm        timeutils.o
    0x00000f5c   0x00000034   Code   RO          177    i.clear_Arrow_Area  display.o
    0x00000f90   0x00000022   Code   RO          178    i.clear_Screen      display.o
    0x00000fb2   0x00000056   Code   RO          301    i.commandList       st7735.o
    0x00001008   0x00000184   Code   RO          302    i.commonInit        st7735.o
    0x0000118c   0x00000190   Code   RO          179    i.drawClock         display.o
    0x0000131c   0x000000e0   Code   RO          180    i.draw_Alarm_Status  display.o
    0x000013fc   0x00000026   Code   RO          181    i.draw_Alarm_Status_Arrow  display.o
    0x00001422   0x00000002   PAD
    0x00001424   0x00000038   Code   RO          182    i.draw_AnalogClock  display.o
    0x0000145c   0x00000026   Code   RO          183    i.draw_Arrow        display.o
    0x00001482   0x00000070   Code   RO          184    i.draw_ClockHand    display.o
    0x000014f2   0x000000e8   Code   RO          185    i.draw_DigitalClock  display.o
    0x000015da   0x00000002   PAD
    0x000015dc   0x00000024   Code   RO          119    i.enableSpeaker     speaker.o
    0x00001600   0x0000002c   Code   RO           43    i.hourToXCoord      lab3main.o
    0x0000162c   0x0000002c   Code   RO           44    i.hourToYCoord      lab3main.o
    0x00001658   0x00000050   Code   RO          186    i.initClock         display.o
    0x000016a8   0x00000012   Code   RO          187    i.init_LCD          display.o
    0x000016ba   0x00000002   PAD
    0x000016bc   0x00000318   Code   RO           45    i.main              lab3main.o
    0x000019d4   0x0000000e   Code   RO          188    i.max               display.o
    0x000019e2   0x00000012   Code   RO          307    i.pushColor         st7735.o
    0x000019f4   0x00000074   Code   RO          308    i.setAddrWindow     st7735.o
    0x00001a68   0x00000318   Code   RO           46    i.setAlarm          lab3main.o
    0x00001d80   0x000002d0   Code   RO           47    i.setTime           lab3main.o
    0x00002050   0x0000000a   Code   RO           48    i.wait              lab3main.o
    0x0000205a   0x00000002   PAD
    0x0000205c   0x00000030   Code   RO          309    i.writecommand      st7735.o
    0x0000208c   0x00000020   Code   RO          310    i.writedata         st7735.o
    0x000020ac   0x00000600   Data   RO          189    .constdata          display.o
    0x000026ac   0x000007e2   Data   RO          312    .constdata          st7735.o
    0x00002e8e   0x00000002   PAD
    0x00002e90   0x00000020   Data   RO          692    Region$$Table       anon$$obj.o


    Execution Region ER_RW (Base: 0x20000000, Size: 0x00000e24, Max: 0xffffffff, ABSOLUTE, COMPRESSED[0x00000344])

    Base Addr    Size         Type   Attr      Idx    E Section Name        Object

    0x20000000   0x00000de0   Data   RW           49    .data               lab3main.o
    0x20000de0   0x00000008   Data   RW          137    .data               timeutils.o
    0x20000de8   0x00000010   Data   RW          190    .data               display.o
    0x20000df8   0x0000002c   Data   RW          313    .data               st7735.o


    Execution Region ER_ZI (Base: 0x20000e24, Size: 0x00000464, Max: 0xffffffff, ABSOLUTE)

    Base Addr    Size         Type   Attr      Idx    E Section Name        Object

    0x20000e24   0x00000060   Zero   RW          569    .bss                c_w.l(libspace.o)
    0x20000e84   0x00000004   PAD
    0x20000e88   0x00000000   Zero   RW            2    HEAP                startup.o
    0x20000e88   0x00000400   Zero   RW            1    STACK               startup.o


==============================================================================

Image component sizes


      Code (inc. data)   RO Data    RW Data    ZI Data      Debug   Object Name

      1298         78       1536         16          0       7682   display.o
      2646        356          0       3552          0       8095   lab3main.o
       124          6          0          0          0        447   pll.o
        36          6          0          0          0        436   speaker.o
      2106        220       2018         44          0      14469   st7735.o
       692        632          0          0       1024        972   startup.o
       568         78          0          0          0       5346   switch.o
       548        114          0          8          0       3930   timeutils.o

    ----------------------------------------------------------------------
      8030       1490       3588       3620       1024      41377   Object Totals
         0          0         32          0          0          0   (incl. Generated)
        12          0          2          0          0          0   (incl. Padding)

    ----------------------------------------------------------------------

      Code (inc. data)   RO Data    RW Data    ZI Data      Debug   Library Member Name

        90          0          0          0          0          0   __dczerorl2.o
         8          0          0          0          0         68   __main.o
        52          8          0          0          0          0   __scatter.o
        28          0          0          0          0          0   __scatter_zi.o
        12          0          0          0          0         72   exit.o
         6          0          0          0          0        152   heapauxi.o
         0          0          0          0          0          0   indicate_semi.o
         2          0          0          0          0          0   libinit.o
         2          0          0          0          0          0   libinit2.o
         2          0          0          0          0          0   libshutdown.o
         2          0          0          0          0          0   libshutdown2.o
         8          4          0          0         96         68   libspace.o
         0          0          0          0          0          0   rtentry.o
        12          0          0          0          0          0   rtentry2.o
         6          0          0          0          0          0   rtentry4.o
         2          0          0          0          0          0   rtexit.o
        10          0          0          0          0          0   rtexit2.o
        12          4          0          0          0         68   sys_exit.o
        74          0          0          0          0         80   sys_stackheap_outer.o
         2          0          0          0          0         68   use_no_semi.o

    ----------------------------------------------------------------------
       334         16          0          0        100        576   Library Totals
         4          0          0          0          4          0   (incl. Padding)

    ----------------------------------------------------------------------

      Code (inc. data)   RO Data    RW Data    ZI Data      Debug   Library Name

       330         16          0          0         96        576   c_w.l

    ----------------------------------------------------------------------
       334         16          0          0        100        576   Library Totals

    ----------------------------------------------------------------------

==============================================================================


      Code (inc. data)   RO Data    RW Data    ZI Data      Debug   

      8364       1506       3588       3620       1124      39249   Grand Totals
      8364       1506       3588        836       1124      39249   ELF Image Totals (compressed)
      8364       1506       3588        836          0          0   ROM Totals

==============================================================================

    Total RO  Size (Code + RO Data)                11952 (  11.67kB)
    Total RW  Size (RW Data + ZI Data)              4744 (   4.63kB)
    Total ROM Size (Code + RO Data + RW Data)      12788 (  12.49kB)

==============================================================================

