<html>
<body>
<pre>
<h1>µVision Build Log</h1>
<h2>Project:</h2>
D:\UT Austin\Spring 2018\EE 445L\EE445L---Embedded-Systems\Lab3\Lab3-project\lab3.uvproj
Project File Date:  02/11/2018

<h2>Output:</h2>
Build target 'lab3'
compiling Switch.c...
compiling lab3Main.c...
compiling timeUtils.c...
linking...
Program Size: Code=6068 RO-data=3588 RW-data=732 ZI-data=1124  
".\lab3.axf" - 0 Error(s), 0 Warning(s).
: warning:  #1-D: last line of file ends without a newline
  void Timer1_Arm(void);
lab3Main.c: 1 warning, 0 errors
compiling timeUtils.c...
timeUtils.h(7): warning:  #1-D: last line of file ends without a newline
  void Timer1_Arm(void);
timeUtils.c(176): warning:  #1-D: last line of file ends without a newline
  }
timeUtils.c: 2 warnings, 0 errors
compiling Display.c...
linking...
Program Size: Code=6068 RO-data=3588 RW-data=732 ZI-data=1124  
".\lab3.axf" - 0 Error(s), 4 Warning(s).
3\\Lab3-project\\lab3.axf" 
Connecting: Mode=JTAG, Speed=1000000Hz
Connection failed!, error code=&d
Error: Flash Download failed  -  Target DLL has been cancelled
