<html>
<body>
<pre>
<h1>µVision Build Log</h1>
<h2>Project:</h2>
D:\EE445L\labs\Lab3\Lab3-project\lab3.uvproj
Project File Date:  02/27/2018

<h2>Output:</h2>
Build target 'lab3'
linking...
Program Size: Code=8364 RO-data=3588 RW-data=3620 ZI-data=1124  
".\lab3.axf" - 0 Error(s), 0 Warning(s).
Load "D:\\EE445L\\labs\\Lab3\\Lab3-project\\lab3.axf" 
Connecting: Mode=JTAG, Speed=1000000Hz
Erase Done.
Programming Done.
Verify OK.
</pre>
</body>
</html>
rror(s), 0 Warning(s).
Load "D:\\EE445L\\labs\\Lab3\\Lab3-project\\lab3.axf" 
Connecting: Mode=JTAG, Speed=1000000Hz
Erase Done.
Programming Done.
Verify OK.
