<html>
<body>
<pre>
<h1>µVision Build Log</h1>
<h2>Project:</h2>
C:\Users\leond\Google Drive\CLASSES\EE 445L - Embedded Systems\EE445L---Embedded-Systems\Lab3\Lab3-project\lab3.uvproj
Project File Date:  02/12/2018

<h2>Output:</h2>
Rebuild target 'lab3'
assembling startup.s...
compiling Switch.c...
compiling lab3Main.c...
compiling PLL.c...
compiling speaker.c...
compiling timeUtils.c...
compiling Display.c...
compiling ST7735.c...
linking...
Program Size: Code=5600 RO-data=3588 RW-data=700 ZI-data=1124  
".\lab3.axf" - 0 Error(s), 0 Warning(s).
</pre>
</body>
</html>
, error code=&d
Error: Flash Download failed  -  Target DLL has been cancelled
Load "C:\\Users\\leond\\Google Drive\\CLASSES\\EE 445L - Embedded Systems\\EE445L---Embedded-Systems\\Lab3\\Lab3-project\\lab3.axf" 
Connecting: Mode=JTAG, Speed=1000000Hz
Erase Done.
Programming Done.
Verify OK.
