<html>
<body>
<pre>
<h1>µVision Build Log</h1>
<h2>Project:</h2>
C:\Users\leond\Google Drive\CLASSES\EE 445L - Embedded Systems\labs\Lab3\Lab3-project\lab3.uvproj
Project File Date:  09/17/2015

<h2>Output:</h2>
Rebuild target 'lab3'
assembling startup.s...
compiling Switch.c...
compiling lab3Main.c...
compiling PLL.c...
compiling lcd.c...
compiling speaker.c...
compiling timeUtils.c...
linking...
Program Size: Code=1412 RO-data=16 RW-data=0 ZI-data=1120  
".\lab3.axf" - 0 Error(s), 0 Warning(s)