<html>
<body>
<pre>
<h1>µVision Build Log</h1>
<h2>Project:</h2>
C:\Users\leond\Google Drive\CLASSES\EE 445L - Embedded Systems\Labs\Lab2\Prelab\ADCSWTrigger_4C123\ADCSWTrigger.uvproj
Project File Date:  09/17/2015

<h2>Output:</h2>
Rebuild target 'ADCSWTrigger'
assembling startup.s...
compiling ADCSWTrigger.c...
compiling ADCTestMain.c...
ADCTestMain.c(109): warning:  #177-D: variable "Jitter" was declared but never referenced
        int Jitter = greatestDiff - smallestDiff;
ADCTestMain.c: 1 warning, 0 errors
compiling PLL.c...
linking...
Program Size: Code=1808 RO-data=32 RW-data=8 ZI-data=9120  
".\ADCSWTrigger.axf" - 0 Error(s), 1 Warning(s).
tMain.c: 2 warnings, 0 errors
compiling PLL.c...
linking...
.\ADCSWTrigger.axf: Error: L6218E: Undefined symbol Timer0A_Init100HzInt (referred from adctestmain.o).
Not enough information to list image symbols.
Finished: 1 information, 0 warning and 1 error messages.
".\ADCSWTrigger.axf" - 1 Error(s), 2 Warning(s).
Target not created
Error: Could not load file 'C:\Users\leond\Google Drive\CLASSES\EE 445L - Embedded Systems\Labs\Lab2\Prelab\ADCSWTrigger_4C123\ADCSWTrigger.axf'. Debugger aborted !
