ARM Linker, 5.03 [Build 76] [MDK-ARM Lite]

==============================================================================

Section Cross References

    main.o(i.Crash) refers to led.o(i.LED_RedToggle) for LED_RedToggle
    main.o(i.SimpleLinkGeneralEventHandler) refers to uartstdio.o(i.UARTprintf) for UARTprintf
    main.o(i.SimpleLinkHttpServerCallback) refers to uartstdio.o(i.UARTprintf) for UARTprintf
    main.o(i.SimpleLinkNetAppEventHandler) refers to uartstdio.o(i.UARTprintf) for UARTprintf
    main.o(i.SimpleLinkNetAppEventHandler) refers to main.o(.data) for .data
    main.o(i.SimpleLinkSockEventHandler) refers to uartstdio.o(i.UARTprintf) for UARTprintf
    main.o(i.SimpleLinkSockEventHandler) refers to main.o(.constdata) for .constdata
    main.o(i.SimpleLinkWlanEventHandler) refers to uartstdio.o(i.UARTprintf) for UARTprintf
    main.o(i.SimpleLinkWlanEventHandler) refers to main.o(.data) for .data
    main.o(i.UART_Init) refers to sysctl.o(i.SysCtlPeripheralEnable) for SysCtlPeripheralEnable
    main.o(i.UART_Init) refers to gpio.o(i.GPIOPinConfigure) for GPIOPinConfigure
    main.o(i.UART_Init) refers to gpio.o(i.GPIOPinTypeUART) for GPIOPinTypeUART
    main.o(i.UART_Init) refers to uartstdio.o(i.UARTStdioConfig) for UARTStdioConfig
    main.o(i.configureSimpleLinkToDefaultState) refers to memseta.o(.text) for __aeabi_memclr4
    main.o(i.configureSimpleLinkToDefaultState) refers to device.o(i.sl_Start) for sl_Start
    main.o(i.configureSimpleLinkToDefaultState) refers to wlan.o(i.sl_WlanSetMode) for sl_WlanSetMode
    main.o(i.configureSimpleLinkToDefaultState) refers to device.o(i.sl_Stop) for sl_Stop
    main.o(i.configureSimpleLinkToDefaultState) refers to device.o(i.sl_DevGet) for sl_DevGet
    main.o(i.configureSimpleLinkToDefaultState) refers to wlan.o(i.sl_WlanPolicySet) for sl_WlanPolicySet
    main.o(i.configureSimpleLinkToDefaultState) refers to wlan.o(i.sl_WlanProfileDel) for sl_WlanProfileDel
    main.o(i.configureSimpleLinkToDefaultState) refers to wlan.o(i.sl_WlanDisconnect) for sl_WlanDisconnect
    main.o(i.configureSimpleLinkToDefaultState) refers to netcfg.o(i.sl_NetCfgSet) for sl_NetCfgSet
    main.o(i.configureSimpleLinkToDefaultState) refers to wlan.o(i.sl_WlanSet) for sl_WlanSet
    main.o(i.configureSimpleLinkToDefaultState) refers to netapp.o(i.sl_NetAppMDNSUnRegisterService) for sl_NetAppMDNSUnRegisterService
    main.o(i.configureSimpleLinkToDefaultState) refers to main.o(.data) for .data
    main.o(i.configureSimpleLinkToDefaultState) refers to main.o(.bss) for .bss
    main.o(i.main) refers to board.o(i.initClk) for initClk
    main.o(i.main) refers to main.o(i.UART_Init) for UART_Init
    main.o(i.main) refers to led.o(i.LED_Init) for LED_Init
    main.o(i.main) refers to st7735.o(i.ST7735_InitR) for ST7735_InitR
    main.o(i.main) refers to main.o(i.ADC0_InitSWTriggerSeq3_Ch9) for ADC0_InitSWTriggerSeq3_Ch9
    main.o(i.main) refers to uartstdio.o(i.UARTprintf) for UARTprintf
    main.o(i.main) refers to main.o(i.configureSimpleLinkToDefaultState) for configureSimpleLinkToDefaultState
    main.o(i.main) refers to device.o(i.sl_Start) for sl_Start
    main.o(i.main) refers to main.o(i.Crash) for Crash
    main.o(i.main) refers to wlan.o(i.sl_WlanConnect) for sl_WlanConnect
    main.o(i.main) refers to nonos.o(i._SlNonOsMainLoopTask) for _SlNonOsMainLoopTask
    main.o(i.main) refers to strcpy.o(.text) for strcpy
    main.o(i.main) refers to strlen.o(.text) for strlen
    main.o(i.main) refers to netapp.o(i.sl_NetAppDnsGetHostByName) for sl_NetAppDnsGetHostByName
    main.o(i.main) refers to socket.o(i.sl_Htons) for sl_Htons
    main.o(i.main) refers to socket.o(i.sl_Htonl) for sl_Htonl
    main.o(i.main) refers to socket.o(i.sl_Socket) for sl_Socket
    main.o(i.main) refers to socket.o(i.sl_Connect) for sl_Connect
    main.o(i.main) refers to socket.o(i.sl_Send) for sl_Send
    main.o(i.main) refers to socket.o(i.sl_Recv) for sl_Recv
    main.o(i.main) refers to socket.o(i.sl_Close) for sl_Close
    main.o(i.main) refers to led.o(i.LED_GreenOn) for LED_GreenOn
    main.o(i.main) refers to util.o(i.getTempFromJson) for getTempFromJson
    main.o(i.main) refers to strcat.o(.text) for strcat
    main.o(i.main) refers to st7735.o(i.ST7735_OutString) for ST7735_OutString
    main.o(i.main) refers to main.o(i.ADC0_InSeq3) for ADC0_InSeq3
    main.o(i.main) refers to fixed.o(i.ST7735_sDecOut2) for ST7735_sDecOut2
    main.o(i.main) refers to led.o(i.Board_Input) for Board_Input
    main.o(i.main) refers to led.o(i.LED_GreenOff) for LED_GreenOff
    main.o(i.main) refers to main.o(.data) for .data
    main.o(i.main) refers to main.o(.bss) for .bss
    main.o(i.main) refers to main.o(.constdata) for .constdata
    board.o(i.CC3100_InterruptDisable) refers to gpio.o(i.GPIOIntDisable) for GPIOIntDisable
    board.o(i.CC3100_InterruptEnable) refers to gpio.o(i.GPIOIntEnable) for GPIOIntEnable
    board.o(i.CC3100_disable) refers to gpio.o(i.GPIOPinWrite) for GPIOPinWrite
[...]
    entry9b.o(.ARM.Collect$$$$0000000C) refers to main.o(i.main) for main
    init.o(.text) refers to entry5.o(.ARM.Collect$$$$00000004) for __main_after_scatterload


==============================================================================

Removing Unused input sections from the image.

    Removing main.o(i.SimpleLinkGeneralEventHandler), (28 bytes).
    Removing main.o(i.SimpleLinkSockEventHandler), (68 bytes).
    Removing board.o(i.Delay), (26 bytes).
    Removing board.o(i.MaskIntHdlr), (12 bytes).
    Removing board.o(i.UART1_intHandler), (28 bytes).
    Removing board.o(i.UnMaskIntHdlr), (12 bytes).
    Removing board.o(i.stopWDT), (2 bytes).
    Removing nokia5110.o(i.Nokia5110_Clear), (34 bytes).
    Removing nokia5110.o(i.Nokia5110_ClearBuffer), (24 bytes).
    Removing nokia5110.o(i.Nokia5110_ClrPxl), (44 bytes).
    Removing nokia5110.o(i.Nokia5110_DisplayBuffer), (12 bytes).
    Removing nokia5110.o(i.Nokia5110_DrawFullImage), (34 bytes).
    Removing nokia5110.o(i.Nokia5110_Init), (292 bytes).
    Removing nokia5110.o(i.Nokia5110_OutChar), (128 bytes).
    Removing nokia5110.o(i.Nokia5110_OutString), (20 bytes).
    Removing nokia5110.o(i.Nokia5110_OutUDec), (172 bytes).
    Removing nokia5110.o(i.Nokia5110_PrintBMP), (272 bytes).
    Removing nokia5110.o(i.Nokia5110_SetCursor), (52 bytes).
    Removing nokia5110.o(i.Nokia5110_SetPxl), (44 bytes).
    Removing nokia5110.o(i.lcdwrite), (52 bytes).
    Removing nokia5110.o(.bss), (504 bytes).
    Removing nokia5110.o(.constdata), (488 bytes).
    Removing nokia5110.o(.data), (8 bytes).
    Removing led.o(i.LED_BlueToggle), (16 bytes).
    Removing led.o(i.LED_GreenToggle), (16 bytes).
    Removing led.o(i.LED_RedOff), (12 bytes).
    Removing led.o(i.LED_RedOn), (12 bytes).
    Removing device.o(i.sl_DevSet), (64 bytes).
    Removing device.o(i.sl_EventMaskGet), (32 bytes).
    Removing device.o(i.sl_EventMaskSet), (32 bytes).
    Removing device.o(i.sl_Task), (4 bytes).
    Removing fs.o(i._GetCreateFsMode), (84 bytes).
    Removing fs.o(i.sl_FsClose), (104 bytes).
    Removing fs.o(i.sl_FsDel), (64 bytes).
    Removing fs.o(i.sl_FsGetInfo), (96 bytes).
    Removing fs.o(i.sl_FsOpen), (88 bytes).
    Removing fs.o(i.sl_FsRead), (140 bytes).
    Removing fs.o(i.sl_FsWrite), (140 bytes).
    Removing fs.o(i.sl_Strlen), (22 bytes).
    Removing fs.o(.constdata), (44 bytes).
    Removing netapp.o(i._sl_HandleAsync_DnsGetHostByAddr), (2 bytes).
    Removing netapp.o(i.sl_NetAppDnsGetHostByService), (196 bytes).
    Removing netapp.o(i.sl_NetAppGet), (96 bytes).
    Removing netapp.o(i.sl_NetAppGetServiceList), (104 bytes).
    Removing netapp.o(i.sl_NetAppMDNSRegisterService), (24 bytes).
    Removing netapp.o(i.sl_NetAppPingStart), (272 bytes).
    Removing netapp.o(i.sl_NetAppSet), (64 bytes).
    Removing netapp.o(i.sl_NetAppStart), (28 bytes).
    Removing netapp.o(i.sl_NetAppStop), (28 bytes).
    Removing netcfg.o(i.sl_NetCfgGet), (108 bytes).
    Removing socket.o(i.SL_FD_CLR), (16 bytes).
    Removing socket.o(i.SL_FD_ISSET), (22 bytes).
    Removing socket.o(i.SL_FD_SET), (16 bytes).
    Removing socket.o(i.SL_FD_ZERO), (6 bytes).
    Removing socket.o(i._sl_ParseAddress), (50 bytes).
    Removing socket.o(i.sl_Accept), (264 bytes).
    Removing socket.o(i.sl_Bind), (96 bytes).
    Removing socket.o(i.sl_GetSockOpt), (112 bytes).
    Removing socket.o(i.sl_Listen), (36 bytes).
    Removing socket.o(i.sl_RecvFrom), (164 bytes).
    Removing socket.o(i.sl_Select), (272 bytes).
    Removing socket.o(i.sl_SendTo), (174 bytes).
    Removing socket.o(i.sl_SetSockOpt), (64 bytes).
    Removing startup_rvmdk.o(HEAP), (0 bytes).
    Removing startup_rvmdk.o(.text), (0 bytes).
    Removing wlan.o(i.sl_WlanGet), (116 bytes).
    Removing wlan.o(i.sl_WlanGetNetworkList), (68 bytes).
    Removing wlan.o(i.sl_WlanPolicyGet), (116 bytes).
    Removing wlan.o(i.sl_WlanProfileAdd), (436 bytes).
    Removing wlan.o(i.sl_WlanProfileGet), (172 bytes).
    Removing wlan.o(i.sl_WlanRxFilterAdd), (88 bytes).
    Removing wlan.o(i.sl_WlanRxFilterGet), (84 bytes).
    Removing wlan.o(i.sl_WlanRxFilterSet), (52 bytes).
    Removing wlan.o(i.sl_WlanRxStatGet), (40 bytes).
    Removing wlan.o(i.sl_WlanRxStatStart), (8 bytes).
    Removing wlan.o(i.sl_WlanRxStatStop), (8 bytes).
    Removing wlan.o(i.sl_WlanSmartConfigStart), (108 bytes).
    Removing wlan.o(i.sl_WlanSmartConfigStop), (8 bytes).
    Removing uartstdio.o(i.GetBufferCount), (18 bytes).
    Removing uartstdio.o(i.UARTEchoSet), (16 bytes).
    Removing uartstdio.o(i.UARTOutString), (52 bytes).
    Removing uartstdio.o(i.UARTPeek), (60 bytes).
    Removing uartstdio.o(i.UARTRxBytesAvail), (16 bytes).
    Removing uartstdio.o(i.UARTTxBytesFree), (24 bytes).
    Removing uartstdio.o(i.UARTgetc), (44 bytes).
    Removing uartstdio.o(i.UARTgets), (100 bytes).
    Removing ustdlib.o(i.ucmptime), (82 bytes).
    Removing ustdlib.o(i.ulocaltime), (168 bytes).
    Removing ustdlib.o(i.umktime), (58 bytes).
    Removing ustdlib.o(i.urand), (28 bytes).
    Removing ustdlib.o(i.usnprintf), (18 bytes).
    Removing ustdlib.o(i.usprintf), (22 bytes).
    Removing ustdlib.o(i.usrand), (12 bytes).
    Removing ustdlib.o(i.ustrcasecmp), (8 bytes).
    Removing ustdlib.o(i.ustrcmp), (8 bytes).
    Removing ustdlib.o(i.ustrlen), (16 bytes).
    Removing ustdlib.o(i.ustrncasecmp), (70 bytes).
    Removing ustdlib.o(i.ustrncmp), (46 bytes).
    Removing ustdlib.o(i.ustrncpy), (34 bytes).
    Removing ustdlib.o(i.ustrstr), (42 bytes).
    Removing ustdlib.o(i.ustrtof), (320 bytes).
    Removing ustdlib.o(i.ustrtoul), (154 bytes).
    Removing ustdlib.o(i.uvsnprintf), (592 bytes).
    Removing ustdlib.o(.constdata), (76 bytes).
    Removing ustdlib.o(.conststring), (17 bytes).
    Removing ustdlib.o(.data), (4 bytes).
    Removing st7735.o(i.Output_Clear), (6 bytes).
    Removing st7735.o(i.Output_Color), (12 bytes).
    Removing st7735.o(i.Output_Init), (18 bytes).
    Removing st7735.o(i.Output_Off), (6 bytes).
    Removing st7735.o(i.Output_On), (4 bytes).
    Removing st7735.o(i.ST7735_Color565), (20 bytes).
    Removing st7735.o(i.ST7735_DrawBitmap), (232 bytes).
    Removing st7735.o(i.ST7735_DrawChar), (200 bytes).
    Removing st7735.o(i.ST7735_DrawFastHLine), (84 bytes).
    Removing st7735.o(i.ST7735_DrawFastVLine), (84 bytes).
    Removing st7735.o(i.ST7735_InitB), (44 bytes).
    Removing st7735.o(i.ST7735_InvertDisplay), (12 bytes).
    Removing st7735.o(i.ST7735_OutUDec), (88 bytes).
    Removing st7735.o(i.ST7735_PlotBar), (60 bytes).
    Removing st7735.o(i.ST7735_PlotClear), (60 bytes).
    Removing st7735.o(i.ST7735_PlotLine), (204 bytes).
    Removing st7735.o(i.ST7735_PlotNext), (24 bytes).
    Removing st7735.o(i.ST7735_PlotNextErase), (52 bytes).
    Removing st7735.o(i.ST7735_PlotPoint), (120 bytes).
    Removing st7735.o(i.ST7735_PlotPoints), (128 bytes).
    Removing st7735.o(i.ST7735_PlotdBfs), (52 bytes).
    Removing st7735.o(i.ST7735_SetRotation), (116 bytes).
    Removing st7735.o(i.ST7735_SetTextColor), (12 bytes).
    Removing st7735.o(i.ST7735_SwapColor), (16 bytes).
    Removing st7735.o(i.ferror), (6 bytes).
    Removing st7735.o(i.fgetc), (4 bytes).
    Removing st7735.o(i.fillmessage), (52 bytes).
    Removing st7735.o(i.fputc), (12 bytes).
    Removing st7735.o(.bss), (12 bytes).
    Removing fixed.o(i.ST7735_XYplot), (108 bytes).
    Removing fixed.o(i.ST7735_XYplotInit), (60 bytes).
    Removing fixed.o(i.ST7735_uBinOut6), (232 bytes).
    Removing fixed.o(.data), (16 bytes).
    Removing fpu.o(i.FPUDisable), (16 bytes).
    Removing fpu.o(i.FPUFlushToZeroModeSet), (20 bytes).
    Removing fpu.o(i.FPUHalfPrecisionModeSet), (20 bytes).
    Removing fpu.o(i.FPUNaNModeSet), (20 bytes).
    Removing fpu.o(i.FPURoundingModeSet), (20 bytes).
    Removing fpu.o(i.FPUStackingDisable), (16 bytes).
    Removing fpu.o(i.FPUStackingEnable), (20 bytes).
    Removing gpio.o(i.GPIOADCTriggerDisable), (14 bytes).
    Removing gpio.o(i.GPIOADCTriggerEnable), (14 bytes).
    Removing gpio.o(i.GPIODMATriggerDisable), (14 bytes).
    Removing gpio.o(i.GPIODMATriggerEnable), (14 bytes).
    Removing gpio.o(i.GPIODirModeGet), (34 bytes).
    Removing gpio.o(i.GPIOIntRegister), (88 bytes).
    Removing gpio.o(i.GPIOIntTypeGet), (68 bytes).
    Removing gpio.o(i.GPIOIntUnregister), (88 bytes).
    Removing gpio.o(i.GPIOPadConfigGet), (204 bytes).
    Removing gpio.o(i.GPIOPinRead), (6 bytes).
    Removing gpio.o(i.GPIOPinTypeADC), (28 bytes).
    Removing gpio.o(i.GPIOPinTypeCAN), (28 bytes).
    Removing gpio.o(i.GPIOPinTypeCIR), (28 bytes).
    Removing gpio.o(i.GPIOPinTypeComparator), (28 bytes).
    Removing gpio.o(i.GPIOPinTypeEPI), (28 bytes).
    Removing gpio.o(i.GPIOPinTypeEthernetLED), (28 bytes).
    Removing gpio.o(i.GPIOPinTypeEthernetMII), (28 bytes).
    Removing gpio.o(i.GPIOPinTypeGPIOOutputOD), (28 bytes).
    Removing gpio.o(i.GPIOPinTypeI2C), (28 bytes).
    Removing gpio.o(i.GPIOPinTypeI2CSCL), (28 bytes).
    Removing gpio.o(i.GPIOPinTypeKBColumn), (28 bytes).
    Removing gpio.o(i.GPIOPinTypeKBRow), (28 bytes).
    Removing gpio.o(i.GPIOPinTypeLCD), (28 bytes).
    Removing gpio.o(i.GPIOPinTypeLEDSeq), (28 bytes).
    Removing gpio.o(i.GPIOPinTypeLPC), (28 bytes).
    Removing gpio.o(i.GPIOPinTypePECIRx), (28 bytes).
    Removing gpio.o(i.GPIOPinTypePECITx), (28 bytes).
    Removing gpio.o(i.GPIOPinTypePWM), (28 bytes).
    Removing gpio.o(i.GPIOPinTypeQEI), (28 bytes).
    Removing gpio.o(i.GPIOPinTypeTimer), (28 bytes).
    Removing gpio.o(i.GPIOPinTypeUSBAnalog), (28 bytes).
    Removing gpio.o(i.GPIOPinTypeUSBDigital), (28 bytes).
    Removing gpio.o(i.GPIOPinTypeWakeHigh), (30 bytes).
    Removing gpio.o(i.GPIOPinTypeWakeLow), (30 bytes).
    Removing gpio.o(i.GPIOPinWakeStatus), (6 bytes).
    Removing interrupt.o(i.IntDisable), (100 bytes).
    Removing interrupt.o(i.IntIsEnabled), (96 bytes).
    Removing interrupt.o(i.IntMasterDisable), (14 bytes).
    Removing interrupt.o(i.IntPendClear), (68 bytes).
    Removing interrupt.o(i.IntPendSet), (84 bytes).
    Removing interrupt.o(i.IntPriorityGet), (28 bytes).
    Removing interrupt.o(i.IntPriorityGroupingGet), (36 bytes).
    Removing interrupt.o(i.IntPriorityGroupingSet), (28 bytes).
    Removing interrupt.o(i.IntPriorityMaskGet), (4 bytes).
    Removing interrupt.o(i.IntPriorityMaskSet), (4 bytes).
    Removing interrupt.o(i.IntPrioritySet), (40 bytes).
    Removing interrupt.o(i.IntRegister), (52 bytes).
    Removing interrupt.o(i.IntTrigger), (12 bytes).
    Removing interrupt.o(i.IntUnregister), (20 bytes).
    Removing interrupt.o(i._IntDefaultHandler), (2 bytes).
    Removing interrupt.o(vtable), (620 bytes).
    Removing ssi.o(i.SSIAdvDataPutFrameEnd), (20 bytes).
    Removing ssi.o(i.SSIAdvDataPutFrameEndNonBlocking), (26 bytes).
    Removing ssi.o(i.SSIAdvFrameHoldDisable), (10 bytes).
    Removing ssi.o(i.SSIAdvFrameHoldEnable), (10 bytes).
    Removing ssi.o(i.SSIAdvModeSet), (12 bytes).
    Removing ssi.o(i.SSIBusy), (8 bytes).
    Removing ssi.o(i.SSIClockSourceGet), (6 bytes).
    Removing ssi.o(i.SSIClockSourceSet), (6 bytes).
    Removing ssi.o(i.SSIDMADisable), (10 bytes).
    Removing ssi.o(i.SSIDMAEnable), (8 bytes).
    Removing ssi.o(i.SSIDataGet), (14 bytes).
    Removing ssi.o(i.SSIDataPut), (12 bytes).
    Removing ssi.o(i.SSIDisable), (10 bytes).
    Removing ssi.o(i.SSIIntClear), (4 bytes).
    Removing ssi.o(i.SSIIntDisable), (10 bytes).
    Removing ssi.o(i.SSIIntEnable), (8 bytes).
    Removing ssi.o(i.SSIIntRegister), (88 bytes).
    Removing ssi.o(i.SSIIntStatus), (10 bytes).
    Removing ssi.o(i.SSIIntUnregister), (88 bytes).
    Removing ssi.o(.constdata), (64 bytes).
    Removing sysctl.o(i.SysCtlAltClkConfig), (12 bytes).
    Removing sysctl.o(i.SysCtlClockFreqSet), (712 bytes).
    Removing sysctl.o(i.SysCtlClockOutConfig), (16 bytes).
    Removing sysctl.o(i.SysCtlDeepSleep), (32 bytes).
    Removing sysctl.o(i.SysCtlDeepSleepClockConfigSet), (112 bytes).
    Removing sysctl.o(i.SysCtlDeepSleepClockSet), (12 bytes).
    Removing sysctl.o(i.SysCtlDeepSleepPowerSet), (12 bytes).
    Removing sysctl.o(i.SysCtlFlashSectorSizeGet), (56 bytes).
    Removing sysctl.o(i.SysCtlFlashSizeGet), (56 bytes).
    Removing sysctl.o(i.SysCtlGPIOAHBDisable), (28 bytes).
    Removing sysctl.o(i.SysCtlGPIOAHBEnable), (24 bytes).
    Removing sysctl.o(i.SysCtlIntClear), (12 bytes).
    Removing sysctl.o(i.SysCtlIntDisable), (16 bytes).
    Removing sysctl.o(i.SysCtlIntEnable), (16 bytes).
    Removing sysctl.o(i.SysCtlIntRegister), (20 bytes).
    Removing sysctl.o(i.SysCtlIntStatus), (16 bytes).
    Removing sysctl.o(i.SysCtlIntUnregister), (18 bytes).
    Removing sysctl.o(i.SysCtlLDODeepSleepGet), (12 bytes).
    Removing sysctl.o(i.SysCtlLDODeepSleepSet), (12 bytes).
    Removing sysctl.o(i.SysCtlLDOSleepGet), (12 bytes).
    Removing sysctl.o(i.SysCtlLDOSleepSet), (12 bytes).
    Removing sysctl.o(i.SysCtlMOSCConfigSet), (12 bytes).
    Removing sysctl.o(i.SysCtlNMIClear), (16 bytes).
    Removing sysctl.o(i.SysCtlNMIStatus), (12 bytes).
    Removing sysctl.o(i.SysCtlPIOSCCalibrate), (76 bytes).
    Removing sysctl.o(i.SysCtlPWMClockGet), (24 bytes).
    Removing sysctl.o(i.SysCtlPWMClockSet), (20 bytes).
    Removing sysctl.o(i.SysCtlPeripheralClockGating), (68 bytes).
    Removing sysctl.o(i.SysCtlPeripheralDeepSleepDisable), (40 bytes).
    Removing sysctl.o(i.SysCtlPeripheralDeepSleepEnable), (40 bytes).
    Removing sysctl.o(i.SysCtlPeripheralDisable), (40 bytes).
    Removing sysctl.o(i.SysCtlPeripheralPowerOff), (40 bytes).
    Removing sysctl.o(i.SysCtlPeripheralPowerOn), (40 bytes).
    Removing sysctl.o(i.SysCtlPeripheralPresent), (44 bytes).
    Removing sysctl.o(i.SysCtlPeripheralReady), (44 bytes).
    Removing sysctl.o(i.SysCtlPeripheralReset), (60 bytes).
    Removing sysctl.o(i.SysCtlPeripheralSleepDisable), (40 bytes).
    Removing sysctl.o(i.SysCtlPeripheralSleepEnable), (40 bytes).
    Removing sysctl.o(i.SysCtlReset), (16 bytes).
    Removing sysctl.o(i.SysCtlResetBehaviorGet), (12 bytes).
    Removing sysctl.o(i.SysCtlResetBehaviorSet), (12 bytes).
    Removing sysctl.o(i.SysCtlResetCauseClear), (16 bytes).
    Removing sysctl.o(i.SysCtlResetCauseGet), (12 bytes).
    Removing sysctl.o(i.SysCtlSRAMSizeGet), (16 bytes).
    Removing sysctl.o(i.SysCtlSleep), (4 bytes).
    Removing sysctl.o(i.SysCtlSleepPowerSet), (12 bytes).
    Removing sysctl.o(i.SysCtlUSBPLLDisable), (16 bytes).
    Removing sysctl.o(i.SysCtlUSBPLLEnable), (16 bytes).
    Removing sysctl.o(i.SysCtlVoltageEventClear), (16 bytes).
    Removing sysctl.o(i.SysCtlVoltageEventConfig), (12 bytes).
    Removing sysctl.o(i.SysCtlVoltageEventStatus), (12 bytes).
    Removing uart.o(i.UART9BitAddrSend), (38 bytes).
    Removing uart.o(i.UART9BitAddrSet), (10 bytes).
    Removing uart.o(i.UART9BitDisable), (14 bytes).
    Removing uart.o(i.UART9BitEnable), (14 bytes).
    Removing uart.o(i.UARTBreakCtl), (18 bytes).
    Removing uart.o(i.UARTBusy), (8 bytes).
    Removing uart.o(i.UARTCharGet), (12 bytes).
    Removing uart.o(i.UARTCharGetNonBlocking), (16 bytes).
    Removing uart.o(i.UARTCharPut), (12 bytes).
    Removing uart.o(i.UARTCharPutNonBlocking), (16 bytes).
    Removing uart.o(i.UARTCharsAvail), (10 bytes).
    Removing uart.o(i.UARTClockSourceGet), (6 bytes).
    Removing uart.o(i.UARTClockSourceSet), (6 bytes).
    Removing uart.o(i.UARTConfigGetExpClk), (46 bytes).
    Removing uart.o(i.UARTConfigSetExpClk), (110 bytes).
    Removing uart.o(i.UARTDMADisable), (10 bytes).
    Removing uart.o(i.UARTDMAEnable), (8 bytes).
    Removing uart.o(i.UARTDisable), (30 bytes).
    Removing uart.o(i.UARTDisableSIR), (10 bytes).
    Removing uart.o(i.UARTEnable), (20 bytes).
    Removing uart.o(i.UARTEnableSIR), (18 bytes).
    Removing uart.o(i.UARTFIFODisable), (10 bytes).
    Removing uart.o(i.UARTFIFOEnable), (10 bytes).
    Removing uart.o(i.UARTFIFOLevelGet), (16 bytes).
    Removing uart.o(i.UARTFIFOLevelSet), (6 bytes).
    Removing uart.o(i.UARTFlowControlGet), (8 bytes).
    Removing uart.o(i.UARTFlowControlSet), (12 bytes).
    Removing uart.o(i.UARTIntClear), (4 bytes).
    Removing uart.o(i.UARTIntDisable), (10 bytes).
    Removing uart.o(i.UARTIntEnable), (8 bytes).
    Removing uart.o(i.UARTIntRegister), (88 bytes).
    Removing uart.o(i.UARTIntStatus), (10 bytes).
    Removing uart.o(i.UARTIntUnregister), (88 bytes).
    Removing uart.o(i.UARTModemControlClear), (14 bytes).
    Removing uart.o(i.UARTModemControlGet), (8 bytes).
    Removing uart.o(i.UARTModemControlSet), (12 bytes).
    Removing uart.o(i.UARTModemStatusGet), (10 bytes).
    Removing uart.o(i.UARTParityModeGet), (8 bytes).
    Removing uart.o(i.UARTParityModeSet), (12 bytes).
    Removing uart.o(i.UARTRxErrorClear), (6 bytes).
    Removing uart.o(i.UARTRxErrorGet), (8 bytes).
    Removing uart.o(i.UARTSmartCardDisable), (10 bytes).
    Removing uart.o(i.UARTSmartCardEnable), (22 bytes).
    Removing uart.o(i.UARTSpaceAvail), (10 bytes).
    Removing uart.o(i.UARTTxIntModeGet), (8 bytes).
    Removing uart.o(i.UARTTxIntModeSet), (12 bytes).
    Removing uart.o(.constdata), (128 bytes).

315 unused section(s) (total 17111 bytes) removed from the image.

==============================================================================

Image Symbol Table

    Local Symbols

    Symbol Name                              Value     Ov Type        Size  Object(Section)

    RESET                                    0x00000000   Section      648  startup_rvmdk.o(RESET)
    ../clib/microlib/init/entry.s            0x00000000   Number         0  entry9a.o ABSOLUTE
    ../clib/microlib/init/entry.s            0x00000000   Number         0  entry8b.o ABSOLUTE
    ../clib/microlib/init/entry.s            0x00000000   Number         0  entry8a.o ABSOLUTE
    ../clib/microlib/init/entry.s            0x00000000   Number         0  entry7b.o ABSOLUTE
    ../clib/microlib/init/entry.s            0x00000000   Number         0  entry7a.o ABSOLUTE
    ../clib/microlib/init/entry.s            0x00000000   Number         0  entry5.o ABSOLUTE
    ../clib/microlib/init/entry.s            0x00000000   Number         0  entry2.o ABSOLUTE
    ../clib/microlib/init/entry.s            0x00000000   Number         0  entry11a.o ABSOLUTE
    ../clib/microlib/init/entry.s            0x00000000   Number         0  entry11b.o ABSOLUTE
    ../clib/microlib/init/entry.s            0x00000000   Number         0  entry.o ABSOLUTE
    ../clib/microlib/init/entry.s            0x00000000   Number         0  entry9b.o ABSOLUTE
    ../clib/microlib/init/entry.s            0x00000000   Number         0  entry10b.o ABSOLUTE
    ../clib/microlib/init/entry.s            0x00000000   Number         0  entry10a.o ABSOLUTE
    ../clib/microlib/string/memcpy.c         0x00000000   Number         0  memcpyb.o ABSOLUTE
    ../clib/microlib/string/memcpy.c         0x00000000   Number         0  memcpya.o ABSOLUTE
    ../clib/microlib/string/memset.c         0x00000000   Number         0  memseta.o ABSOLUTE
    ../clib/microlib/string/strcat.c         0x00000000   Number         0  strcat.o ABSOLUTE
    ../clib/microlib/string/strcpy.c         0x00000000   Number         0  strcpy.o ABSOLUTE
    ../clib/microlib/string/strlen.c         0x00000000   Number         0  strlen.o ABSOLUTE
    ../clib/microlib/string/strstr.c         0x00000000   Number         0  strstr.o ABSOLUTE
    ..\cc3100\platform\ek-tm4c123gxl\board.c 0x00000000   Number         0  board.o ABSOLUTE
    ..\cc3100\platform\ek-tm4c123gxl\spi.c   0x00000000   Number         0  spi.o ABSOLUTE
    ..\cc3100\platform\ek-tm4c123gxl\uart.c  0x00000000   Number         0  uart.o ABSOLUTE
    ..\cc3100\simplelink\source\device.c     0x00000000   Number         0  device.o ABSOLUTE
    ..\cc3100\simplelink\source\driver.c     0x00000000   Number         0  driver.o ABSOLUTE
    ..\cc3100\simplelink\source\flowcont.c   0x00000000   Number         0  flowcont.o ABSOLUTE
    ..\cc3100\simplelink\source\fs.c         0x00000000   Number         0  fs.o ABSOLUTE
    ..\cc3100\simplelink\source\netapp.c     0x00000000   Number         0  netapp.o ABSOLUTE
    ..\cc3100\simplelink\source\netcfg.c     0x00000000   Number         0  netcfg.o ABSOLUTE
    ..\cc3100\simplelink\source\nonos.c      0x00000000   Number         0  nonos.o ABSOLUTE
    ..\cc3100\simplelink\source\socket.c     0x00000000   Number         0  socket.o ABSOLUTE
    ..\cc3100\simplelink\source\spawn.c      0x00000000   Number         0  spawn.o ABSOLUTE
    ..\cc3100\simplelink\source\wlan.c       0x00000000   Number         0  wlan.o ABSOLUTE
    ..\utils\uartstdio.c                     0x00000000   Number         0  uartstdio.o ABSOLUTE
    ..\utils\ustdlib.c                       0x00000000   Number         0  ustdlib.o ABSOLUTE
    LED.c                                    0x00000000   Number         0  led.o ABSOLUTE
    Nokia5110.c                              0x00000000   Number         0  nokia5110.o ABSOLUTE
    ST7735.c                                 0x00000000   Number         0  st7735.o ABSOLUTE
    cpu.c                                    0x00000000   Number         0  cpu.o ABSOLUTE
    cpu.c                                    0x00000000   Number         0  cpu.o ABSOLUTE
    dc.s                                     0x00000000   Number         0  dc.o ABSOLUTE
    fixed.c                                  0x00000000   Number         0  fixed.o ABSOLUTE
    fpu.c                                    0x00000000   Number         0  fpu.o ABSOLUTE
    gpio.c                                   0x00000000   Number         0  gpio.o ABSOLUTE
    handlers.s                               0x00000000   Number         0  handlers.o ABSOLUTE
    init.s                                   0x00000000   Number         0  init.o ABSOLUTE
    interrupt.c                              0x00000000   Number         0  interrupt.o ABSOLUTE
    main.c                                   0x00000000   Number         0  main.o ABSOLUTE
    ssi.c                                    0x00000000   Number         0  ssi.o ABSOLUTE
    startup_rvmdk.S                          0x00000000   Number         0  startup_rvmdk.o ABSOLUTE
    sysctl.c                                 0x00000000   Number         0  sysctl.o ABSOLUTE
    sysctl.c                                 0x00000000   Number         0  sysctl.o ABSOLUTE
    uart.c                                   0x00000000   Number         0  uart.o ABSOLUTE
    util.c                                   0x00000000   Number         0  util.o ABSOLUTE
    $v0                                      0x0000026c   Number         0  startup_rvmdk.o(RESET)
    NmiSR                                    0x00000281   Thumb Code     0  startup_rvmdk.o(RESET)
    FaultISR                                 0x00000283   Thumb Code     0  startup_rvmdk.o(RESET)
    IntDefaultHandler                        0x00000285   Thumb Code     0  startup_rvmdk.o(RESET)
    .ARM.Collect$$$$00000000                 0x00000288   Section        0  entry.o(.ARM.Collect$$$$00000000)
    .ARM.Collect$$$$00000001                 0x00000288   Section        4  entry2.o(.ARM.Collect$$$$00000001)
    .ARM.Collect$$$$00000004                 0x0000028c   Section        4  entry5.o(.ARM.Collect$$$$00000004)
    .ARM.Collect$$$$00000008                 0x00000290   Section        0  entry7b.o(.ARM.Collect$$$$00000008)
    .ARM.Collect$$$$0000000A                 0x00000290   Section        0  entry8b.o(.ARM.Collect$$$$0000000A)
    .ARM.Collect$$$$0000000B                 0x00000290   Section        8  entry9a.o(.ARM.Collect$$$$0000000B)
    .ARM.Collect$$$$0000000D                 0x00000298   Section        0  entry10a.o(.ARM.Collect$$$$0000000D)
    .ARM.Collect$$$$0000000F                 0x00000298   Section        0  entry11a.o(.ARM.Collect$$$$0000000F)
    .ARM.Collect$$$$00002712                 0x00000298   Section        4  entry2.o(.ARM.Collect$$$$00002712)
    __lit__00000000                          0x00000298   Data           4  entry2.o(.ARM.Collect$$$$00002712)
    .emb_text                                0x0000029c   Section        6  sysctl.o(.emb_text)
    $v0                                      0x0000029c   Number         0  sysctl.o(.emb_text)
    .emb_text                                0x000002a4   Section       38  cpu.o(.emb_text)
    $v0                                      0x000002a4   Number         0  cpu.o(.emb_text)
    .text                                    0x000002ca   Section        0  memcpya.o(.text)
    .text                                    0x000002ee   Section        0  memseta.o(.text)
    .text                                    0x00000312   Section        0  strcat.o(.text)
    .text                                    0x0000032a   Section        0  strstr.o(.text)
    .text                                    0x0000034e   Section        0  strlen.o(.text)
    .text                                    0x0000035c   Section        0  strcpy.o(.text)
    .text                                    0x00000370   Section       36  init.o(.text)
    i.ADC0_InSeq3                            0x00000394   Section        0  main.o(i.ADC0_InSeq3)
    i.ADC0_InitSWTriggerSeq3_Ch9             0x000003b0   Section        0  main.o(i.ADC0_InitSWTriggerSeq3_Ch9)
    i.Board_Input                            0x0000046c   Section        0  led.o(i.Board_Input)
    i.CC3100_InterruptDisable                0x00000480   Section        0  board.o(i.CC3100_InterruptDisable)
    i.CC3100_InterruptEnable                 0x0000048c   Section        0  board.o(i.CC3100_InterruptEnable)
    i.CC3100_disable                         0x00000498   Section        0  board.o(i.CC3100_disable)
    i.CC3100_enable                          0x000004a8   Section        0  board.o(i.CC3100_enable)
    i.CopyPingResultsToReport                0x000004b8   Section        0  netapp.o(i.CopyPingResultsToReport)
    i.Crash                                  0x000004d2   Section        0  main.o(i.Crash)
    i.Delay1ms                               0x000004e4   Section        0  st7735.o(i.Delay1ms)
    i.FPUEnable                              0x00000500   Section        0  fpu.o(i.FPUEnable)
    i.FPULazyStackingEnable                  0x00000510   Section        0  fpu.o(i.FPULazyStackingEnable)
    i.GPIOB_intHandler                       0x00000520   Section        0  board.o(i.GPIOB_intHandler)
    i.GPIODirModeSet                         0x00000554   Section        0  gpio.o(i.GPIODirModeSet)
    i.GPIOIntClear                           0x0000057c   Section        0  gpio.o(i.GPIOIntClear)
    i.GPIOIntDisable                         0x00000582   Section        0  gpio.o(i.GPIOIntDisable)
    i.GPIOIntEnable                          0x00000590   Section        0  gpio.o(i.GPIOIntEnable)
    i.GPIOIntStatus                          0x0000059e   Section        0  gpio.o(i.GPIOIntStatus)
    i.GPIOIntTypeSet                         0x000005ac   Section        0  gpio.o(i.GPIOIntTypeSet)
    i.GPIOPadConfigSet                       0x000005fc   Section        0  gpio.o(i.GPIOPadConfigSet)
    i.GPIOPinConfigure                       0x00000738   Section        0  gpio.o(i.GPIOPinConfigure)
    i.GPIOPinTypeGPIOInput                   0x00000780   Section        0  gpio.o(i.GPIOPinTypeGPIOInput)
    i.GPIOPinTypeGPIOOutput                  0x0000079c   Section        0  gpio.o(i.GPIOPinTypeGPIOOutput)
    i.GPIOPinTypeSSI                         0x000007b8   Section        0  gpio.o(i.GPIOPinTypeSSI)
    i.GPIOPinTypeUART                        0x000007d4   Section        0  gpio.o(i.GPIOPinTypeUART)
    i.GPIOPinWrite                           0x000007f0   Section        0  gpio.o(i.GPIOPinWrite)
    i.GetStartResponseConvert                0x000007f6   Section        0  device.o(i.GetStartResponseConvert)
    i.IntEnable                              0x0000083c   Section        0  interrupt.o(i.IntEnable)
    i.IntMasterEnable                        0x000008a0   Section        0  interrupt.o(i.IntMasterEnable)
    i.IsBufferEmpty                          0x000008ae   Section        0  uartstdio.o(i.IsBufferEmpty)
    IsBufferEmpty                            0x000008af   Thumb Code    16  uartstdio.o(i.IsBufferEmpty)
    i.IsBufferFull                           0x000008be   Section        0  uartstdio.o(i.IsBufferFull)
    IsBufferFull                             0x000008bf   Thumb Code    26  uartstdio.o(i.IsBufferFull)
    i.LED_GreenOff                           0x000008d8   Section        0  led.o(i.LED_GreenOff)
    i.LED_GreenOn                            0x000008e4   Section        0  led.o(i.LED_GreenOn)
    i.LED_Init                               0x000008f0   Section        0  led.o(i.LED_Init)
    i.LED_RedToggle                          0x00000954   Section        0  led.o(i.LED_RedToggle)
    i.SSIConfigSetExpClk                     0x00000964   Section        0  ssi.o(i.SSIConfigSetExpClk)
    i.SSIDataGetNonBlocking                  0x000009ae   Section        0  ssi.o(i.SSIDataGetNonBlocking)
    i.SSIDataPutNonBlocking                  0x000009c2   Section        0  ssi.o(i.SSIDataPutNonBlocking)
    i.SSIEnable                              0x000009d2   Section        0  ssi.o(i.SSIEnable)
    i.ST7735_DrawCharS                       0x000009dc   Section        0  st7735.o(i.ST7735_DrawCharS)
    i.ST7735_DrawPixel                       0x00000a98   Section        0  st7735.o(i.ST7735_DrawPixel)
    i.ST7735_DrawString                      0x00000ad4   Section        0  st7735.o(i.ST7735_DrawString)
    i.ST7735_FillRect                        0x00000b28   Section        0  st7735.o(i.ST7735_FillRect)
    i.ST7735_FillScreen                      0x00000ba0   Section        0  st7735.o(i.ST7735_FillScreen)
    i.ST7735_InitR                           0x00000bbc   Section        0  st7735.o(i.ST7735_InitR)
    i.ST7735_OutChar                         0x00000c24   Section        0  st7735.o(i.ST7735_OutChar)
    i.ST7735_OutString                       0x00000cc8   Section        0  st7735.o(i.ST7735_OutString)
    i.ST7735_SetCursor                       0x00000cdc   Section        0  st7735.o(i.ST7735_SetCursor)
    i.ST7735_sDecOut2                        0x00000cf0   Section        0  fixed.o(i.ST7735_sDecOut2)
    i.SimpleLinkHttpServerCallback           0x00000d9c   Section        0  main.o(i.SimpleLinkHttpServerCallback)
    i.SimpleLinkNetAppEventHandler           0x00000dc8   Section        0  main.o(i.SimpleLinkNetAppEventHandler)
    i.SimpleLinkWlanEventHandler             0x00000e08   Section        0  main.o(i.SimpleLinkWlanEventHandler)
    i.SysCtlClockGet                         0x00000ed8   Section        0  sysctl.o(i.SysCtlClockGet)
    i.SysCtlClockSet                         0x0000103c   Section        0  sysctl.o(i.SysCtlClockSet)
    i.SysCtlPeripheralEnable                 0x0000115c   Section        0  sysctl.o(i.SysCtlPeripheralEnable)
    i.UARTFlushRx                            0x00001184   Section        0  uartstdio.o(i.UARTFlushRx)
    i.UARTFlushTx                            0x000011ac   Section        0  uartstdio.o(i.UARTFlushTx)
    i.UARTPrimeTransmit                      0x000011e4   Section        0  uartstdio.o(i.UARTPrimeTransmit)
    UARTPrimeTransmit                        0x000011e5   Thumb Code   108  uartstdio.o(i.UARTPrimeTransmit)
    i.UARTStdioConfig                        0x0000125c   Section        0  uartstdio.o(i.UARTStdioConfig)
    i.UARTStdioIntHandler                    0x000012f4   Section        0  uartstdio.o(i.UARTStdioIntHandler)
    i.UART_Init                              0x000013fc   Section        0  main.o(i.UART_Init)
    i.UARTprintf                             0x00001440   Section        0  uartstdio.o(i.UARTprintf)
    i.UARTvprintf                            0x00001454   Section        0  uartstdio.o(i.UARTvprintf)
    i.UARTwrite                              0x00001608   Section        0  uartstdio.o(i.UARTwrite)
    i._SlAsyncEventGenericHandler            0x00001698   Section        0  driver.o(i._SlAsyncEventGenericHandler)
    i._SlDrvBasicCmd                         0x00001978   Section        0  driver.o(i._SlDrvBasicCmd)
    i._SlDrvClassifyRxMsg                    0x000019a0   Section        0  driver.o(i._SlDrvClassifyRxMsg)
    i._SlDrvCmdOp                            0x00001a28   Section        0  driver.o(i._SlDrvCmdOp)
    i._SlDrvCmdSend                          0x00001a7c   Section        0  driver.o(i._SlDrvCmdSend)
    i._SlDrvDataReadOp                       0x00001a98   Section        0  driver.o(i._SlDrvDataReadOp)
    i._SlDrvDataWriteOp                      0x00001be8   Section        0  driver.o(i._SlDrvDataWriteOp)
    i._SlDrvDeviceEventHandler               0x00001cfc   Section        0  device.o(i._SlDrvDeviceEventHandler)
    i._SlDrvDriverCBDeinit                   0x00001d18   Section        0  driver.o(i._SlDrvDriverCBDeinit)
    i._SlDrvDriverCBInit                     0x00001d78   Section        0  driver.o(i._SlDrvDriverCBInit)
    i._SlDrvFlowContDeinit                   0x00001e08   Section        0  flowcont.o(i._SlDrvFlowContDeinit)
    i._SlDrvFlowContInit                     0x00001e34   Section        0  flowcont.o(i._SlDrvFlowContInit)
    i._SlDrvMsgRead                          0x00001e64   Section        0  driver.o(i._SlDrvMsgRead)
    i._SlDrvMsgReadCmdCtx                    0x000021b0   Section        0  driver.o(i._SlDrvMsgReadCmdCtx)
    i._SlDrvMsgReadSpawnCtx                  0x00002254   Section        0  driver.o(i._SlDrvMsgReadSpawnCtx)
    i._SlDrvMsgWrite                         0x000022dc   Section        0  driver.o(i._SlDrvMsgWrite)
    i._SlDrvNetAppEventHandler               0x000023cc   Section        0  netapp.o(i._SlDrvNetAppEventHandler)
    i._SlDrvObjDeInit                        0x00002494   Section        0  driver.o(i._SlDrvObjDeInit)
    i._SlDrvObjInit                          0x000024ac   Section        0  driver.o(i._SlDrvObjInit)
    i._SlDrvReleasePoolObj                   0x000024e8   Section        0  driver.o(i._SlDrvReleasePoolObj)
    i._SlDrvRxHdrRead                        0x000025cc   Section        0  driver.o(i._SlDrvRxHdrRead)
    i._SlDrvRxIrqHandler                     0x000026f8   Section        0  driver.o(i._SlDrvRxIrqHandler)
    i._SlDrvShiftDWord                       0x00002734   Section        0  driver.o(i._SlDrvShiftDWord)
    i._SlDrvWaitForPoolObj                   0x0000274c   Section        0  driver.o(i._SlDrvWaitForPoolObj)
    i._SlFindAndSetActiveObj                 0x00002850   Section        0  driver.o(i._SlFindAndSetActiveObj)
    i._SlNonOsMainLoopTask                   0x000028e4   Section        0  nonos.o(i._SlNonOsMainLoopTask)
    i._SlNonOsSemGet                         0x00002924   Section        0  nonos.o(i._SlNonOsSemGet)
    i._SlNonOsSemSet                         0x00002956   Section        0  nonos.o(i._SlNonOsSemSet)
    i._SlNonOsSpawn                          0x0000295c   Section        0  nonos.o(i._SlNonOsSpawn)
    i._SlRemoveFromList                      0x00002980   Section        0  driver.o(i._SlRemoveFromList)
    i.__scatterload_copy                     0x000029d8   Section       14  handlers.o(i.__scatterload_copy)
    i.__scatterload_null                     0x000029e6   Section        2  handlers.o(i.__scatterload_null)
    i.__scatterload_zeroinit                 0x000029e8   Section       14  handlers.o(i.__scatterload_zeroinit)
    i._sl_BuildAddress                       0x000029f6   Section        0  socket.o(i._sl_BuildAddress)
    i._sl_HandleAsync_Accept                 0x00002a1c   Section        0  socket.o(i._sl_HandleAsync_Accept)
    i._sl_HandleAsync_Connect                0x00002a90   Section        0  socket.o(i._sl_HandleAsync_Connect)
    i._sl_HandleAsync_DnsGetHostByName       0x00002b0c   Section        0  netapp.o(i._sl_HandleAsync_DnsGetHostByName)
    i._sl_HandleAsync_DnsGetHostByService    0x00002b80   Section        0  netapp.o(i._sl_HandleAsync_DnsGetHostByService)
    i._sl_HandleAsync_InitComplete           0x00002bec   Section        0  device.o(i._sl_HandleAsync_InitComplete)
    i._sl_HandleAsync_PingResponse           0x00002c70   Section        0  netapp.o(i._sl_HandleAsync_PingResponse)
    i._sl_HandleAsync_Select                 0x00002cf0   Section        0  socket.o(i._sl_HandleAsync_Select)
    i._sl_HandleAsync_Stop                   0x00002d54   Section        0  device.o(i._sl_HandleAsync_Stop)
    i._sl_TruncatePayloadByProtocol          0x00002db4   Section        0  socket.o(i._sl_TruncatePayloadByProtocol)
    i.commandList                            0x00002e08   Section        0  st7735.o(i.commandList)
    commandList                              0x00002e09   Thumb Code    82  st7735.o(i.commandList)
    i.commonInit                             0x00002e5c   Section        0  st7735.o(i.commonInit)
    commonInit                               0x00002e5d   Thumb Code   272  st7735.o(i.commonInit)
    i.configureSimpleLinkToDefaultState      0x00002f94   Section        0  main.o(i.configureSimpleLinkToDefaultState)
    configureSimpleLinkToDefaultState        0x00002f95   Thumb Code   252  main.o(i.configureSimpleLinkToDefaultState)
    i.getTempFromJson                        0x000030a4   Section        0  util.o(i.getTempFromJson)
    i.initClk                                0x000030dc   Section        0  board.o(i.initClk)
    i.main                                   0x000030f4   Section        0  main.o(i.main)
    i.pushColor                              0x00003320   Section        0  st7735.o(i.pushColor)
    pushColor                                0x00003321   Thumb Code    20  st7735.o(i.pushColor)
    i.registerInterruptHandler               0x00003334   Section        0  board.o(i.registerInterruptHandler)
    i.setAddrWindow                          0x00003340   Section        0  st7735.o(i.setAddrWindow)
    setAddrWindow                            0x00003341   Thumb Code   102  st7735.o(i.setAddrWindow)
    i.sl_Close                               0x000033ac   Section        0  socket.o(i.sl_Close)
    i.sl_Connect                             0x000033cc   Section        0  socket.o(i.sl_Connect)
    i.sl_DevGet                              0x000034b8   Section        0  device.o(i.sl_DevGet)
    i.sl_Htonl                               0x00003528   Section        0  socket.o(i.sl_Htonl)
    i.sl_Htons                               0x00003550   Section        0  socket.o(i.sl_Htons)
    i.sl_NetAppDnsGetHostByName              0x00003580   Section        0  netapp.o(i.sl_NetAppDnsGetHostByName)
    i.sl_NetAppMDNSRegisterUnregisterService 0x00003658   Section        0  netapp.o(i.sl_NetAppMDNSRegisterUnregisterService)
    i.sl_NetAppMDNSUnRegisterService         0x000036d4   Section        0  netapp.o(i.sl_NetAppMDNSUnRegisterService)
    i.sl_NetAppSendTokenValue                0x000036e8   Section        0  netapp.o(i.sl_NetAppSendTokenValue)
    i.sl_NetCfgSet                           0x00003738   Section        0  netcfg.o(i.sl_NetCfgSet)
    i.sl_Recv                                0x00003778   Section        0  socket.o(i.sl_Recv)
    i.sl_Send                                0x000037b8   Section        0  socket.o(i.sl_Send)
    i.sl_Socket                              0x00003864   Section        0  socket.o(i.sl_Socket)
    i.sl_Start                               0x00003894   Section        0  device.o(i.sl_Start)
    i.sl_Stop                                0x0000394c   Section        0  device.o(i.sl_Stop)
    i.sl_WlanConnect                         0x00003a14   Section        0  wlan.o(i.sl_WlanConnect)
    i.sl_WlanDisconnect                      0x00003bb8   Section        0  wlan.o(i.sl_WlanDisconnect)
    i.sl_WlanPolicySet                       0x00003bc0   Section        0  wlan.o(i.sl_WlanPolicySet)
    i.sl_WlanProfileDel                      0x00003bf8   Section        0  wlan.o(i.sl_WlanProfileDel)
    i.sl_WlanSet                             0x00003c18   Section        0  wlan.o(i.sl_WlanSet)
    i.sl_WlanSetMode                         0x00003c58   Section        0  wlan.o(i.sl_WlanSetMode)
    i.spi_Close                              0x00003c78   Section        0  spi.o(i.spi_Close)
    i.spi_Open                               0x00003c84   Section        0  spi.o(i.spi_Open)
    i.spi_Read                               0x00003d74   Section        0  spi.o(i.spi_Read)
    i.spi_Write                              0x00003dcc   Section        0  spi.o(i.spi_Write)
    i.writecommand                           0x00003e20   Section        0  st7735.o(i.writecommand)
    writecommand                             0x00003e21   Thumb Code    28  st7735.o(i.writecommand)
    i.writedata                              0x00003e40   Section        0  st7735.o(i.writedata)
    writedata                                0x00003e41   Thumb Code    22  st7735.o(i.writedata)
    .constdata                               0x00003e5c   Section      233  main.o(.constdata)
    .constdata                               0x00003f46   Section       20  device.o(.constdata)
    .constdata                               0x00003f5c   Section       72  driver.o(.constdata)
    .constdata                               0x00003fa4   Section       40  netapp.o(.constdata)
    .constdata                               0x00003fcc   Section        8  netcfg.o(.constdata)
    .constdata                               0x00003fd4   Section       48  socket.o(.constdata)
    .constdata                               0x00004004   Section       52  wlan.o(.constdata)
    .constdata                               0x00004038   Section       40  uartstdio.o(.constdata)
    g_pcHex                                  0x00004038   Data           4  uartstdio.o(.constdata)
    g_ui32UARTBase                           0x0000403c   Data          12  uartstdio.o(.constdata)
    g_ui32UARTInt                            0x00004048   Data          12  uartstdio.o(.constdata)
    g_ui32UARTPeriph                         0x00004054   Data          12  uartstdio.o(.constdata)
    .constdata                               0x00004060   Section     2018  st7735.o(.constdata)
    Font                                     0x00004060   Data        1275  st7735.o(.constdata)
    Bcmd                                     0x0000455b   Data         103  st7735.o(.constdata)
    Rcmd1                                    0x000045c2   Data          59  st7735.o(.constdata)
    Rcmd2green                               0x000045fd   Data          13  st7735.o(.constdata)
    Rcmd2red                                 0x0000460a   Data          13  st7735.o(.constdata)
    Rcmd3                                    0x00004617   Data          43  st7735.o(.constdata)
    .constdata                               0x00004844   Section      528  gpio.o(.constdata)
    g_ppui32GPIOIntMapBlizzard               0x00004844   Data         192  gpio.o(.constdata)
    g_ppui32GPIOIntMapSnowflake              0x00004904   Data         192  gpio.o(.constdata)
    g_pui32GPIOBaseAddrs                     0x000049c4   Data         144  gpio.o(.constdata)
    .constdata                               0x00004a54   Section      268  interrupt.o(.constdata)
    g_pui32Priority                          0x00004a54   Data          32  interrupt.o(.constdata)
    g_pui32Regs                              0x00004a74   Data         156  interrupt.o(.constdata)
    g_pui32EnRegs                            0x00004b10   Data          20  interrupt.o(.constdata)
    g_pui32Dii16Regs                         0x00004b24   Data          20  interrupt.o(.constdata)
    g_pui32PendRegs                          0x00004b38   Data          20  interrupt.o(.constdata)
    g_pui32UnpendRegs                        0x00004b4c   Data          20  interrupt.o(.constdata)
    .constdata                               0x00004b60   Section      452  sysctl.o(.constdata)
    g_pui32VCOFrequencies                    0x00004b60   Data           8  sysctl.o(.constdata)
    g_pui32Xtals                             0x00004b68   Data         108  sysctl.o(.constdata)
    g_pppui32XTALtoVCO                       0x00004bd4   Data         288  sysctl.o(.constdata)
    g_sXTALtoMEMTIM                          0x00004cf4   Data          48  sysctl.o(.constdata)
    .conststring                             0x00004d24   Section       17  uartstdio.o(.conststring)
    .data                                    0x20000000   Section       12  main.o(.data)
    .data                                    0x2000000c   Section        8  board.o(.data)
    .data                                    0x20000014   Section        4  driver.o(.data)
    .data                                    0x20000018   Section        4  driver.o(.data)
    .data                                    0x2000001c   Section       28  uartstdio.o(.data)
    bLastWasCR                               0x2000001c   Data           1  uartstdio.o(.data)
    g_bDisableEcho                           0x2000001d   Data           1  uartstdio.o(.data)
    g_ui32UARTTxWriteIndex                   0x20000020   Data           4  uartstdio.o(.data)
    g_ui32UARTTxReadIndex                    0x20000024   Data           4  uartstdio.o(.data)
    g_ui32UARTRxWriteIndex                   0x20000028   Data           4  uartstdio.o(.data)
    g_ui32UARTRxReadIndex                    0x2000002c   Data           4  uartstdio.o(.data)
    g_ui32Base                               0x20000030   Data           4  uartstdio.o(.data)
    g_ui32PortNum                            0x20000034   Data           4  uartstdio.o(.data)
    .data                                    0x20000038   Section       44  st7735.o(.data)
    ColStart                                 0x20000038   Data           1  st7735.o(.data)
    RowStart                                 0x20000039   Data           1  st7735.o(.data)
    Rotation                                 0x2000003a   Data           1  st7735.o(.data)
    TabColor                                 0x2000003b   Data           1  st7735.o(.data)
    _width                                   0x2000003e   Data           2  st7735.o(.data)
    _height                                  0x20000040   Data           2  st7735.o(.data)
    .bss                                     0x20000064   Section     1576  main.o(.bss)
    .bss                                     0x2000068c   Section      356  driver.o(.bss)
    .bss                                     0x200007f0   Section       40  nonos.o(.bss)
    .bss                                     0x20000818   Section     1152  uartstdio.o(.bss)
    g_pcUARTTxBuffer                         0x20000818   Data        1024  uartstdio.o(.bss)
    g_pcUARTRxBuffer                         0x20000c18   Data         128  uartstdio.o(.bss)
    STACK                                    0x20000c98   Section    16384  startup_rvmdk.o(STACK)
    StackMem                                 0x20000c98   Data           0  startup_rvmdk.o(STACK)

    Global Symbols

    Symbol Name                              Value     Ov Type        Size  Object(Section)

    BuildAttributes$$THM_ISAv4$E$P$D$K$B$S$7EM$VFPi3$EXTD16$VFPS$VFMA$PE$A:L22UL41UL21$X:L11$S22US41US21$IEEE1$IW$USESV6$~STKCKD$USESV7$~SHL$OTIME$EBA8$MICROLIB$REQ8$PRES8$EABIv2 0x00000000   Number         0  anon$$obj.o ABSOLUTE
    __ARM_use_no_argv                        0x00000000   Number         0  main.o ABSOLUTE
    __Vectors                                0x00000000   Data           0  startup_rvmdk.o(RESET)
    __cpp_initialize__aeabi_                  - Undefined Weak Reference
    __cxa_finalize                            - Undefined Weak Reference
    __decompress                              - Undefined Weak Reference
    _clock_init                               - Undefined Weak Reference
    _microlib_exit                            - Undefined Weak Reference
    Reset_Handler                            0x0000026d   Thumb Code     0  startup_rvmdk.o(RESET)
    __main                                   0x00000289   Thumb Code     0  entry.o(.ARM.Collect$$$$00000000)
    _main_stk                                0x00000289   Thumb Code     0  entry2.o(.ARM.Collect$$$$00000001)
    _main_scatterload                        0x0000028d   Thumb Code     0  entry5.o(.ARM.Collect$$$$00000004)
    __main_after_scatterload                 0x00000291   Thumb Code     0  entry5.o(.ARM.Collect$$$$00000004)
    _main_clock                              0x00000291   Thumb Code     0  entry7b.o(.ARM.Collect$$$$00000008)
    _main_cpp_init                           0x00000291   Thumb Code     0  entry8b.o(.ARM.Collect$$$$0000000A)
    _main_init                               0x00000291   Thumb Code     0  entry9a.o(.ARM.Collect$$$$0000000B)
    __rt_final_cpp                           0x00000299   Thumb Code     0  entry10a.o(.ARM.Collect$$$$0000000D)
    __rt_final_exit                          0x00000299   Thumb Code     0  entry11a.o(.ARM.Collect$$$$0000000F)
    SysCtlDelay                              0x0000029d   Thumb Code     6  sysctl.o(.emb_text)
    CPUcpsid                                 0x000002a5   Thumb Code     8  cpu.o(.emb_text)
    CPUprimask                               0x000002ad   Thumb Code     6  cpu.o(.emb_text)
    CPUcpsie                                 0x000002b3   Thumb Code     8  cpu.o(.emb_text)
    CPUwfi                                   0x000002bb   Thumb Code     4  cpu.o(.emb_text)
    CPUbasepriSet                            0x000002bf   Thumb Code     6  cpu.o(.emb_text)
    CPUbasepriGet                            0x000002c5   Thumb Code     6  cpu.o(.emb_text)
    __aeabi_memcpy                           0x000002cb   Thumb Code    36  memcpya.o(.text)
    __aeabi_memcpy4                          0x000002cb   Thumb Code     0  memcpya.o(.text)
    __aeabi_memcpy8                          0x000002cb   Thumb Code     0  memcpya.o(.text)
    __aeabi_memset                           0x000002ef   Thumb Code    14  memseta.o(.text)
    __aeabi_memset4                          0x000002ef   Thumb Code     0  memseta.o(.text)
    __aeabi_memset8                          0x000002ef   Thumb Code     0  memseta.o(.text)
    __aeabi_memclr                           0x000002fd   Thumb Code     4  memseta.o(.text)
    __aeabi_memclr4                          0x000002fd   Thumb Code     0  memseta.o(.text)
    __aeabi_memclr8                          0x000002fd   Thumb Code     0  memseta.o(.text)
    _memset$wrapper                          0x00000301   Thumb Code    18  memseta.o(.text)
    strcat                                   0x00000313   Thumb Code    24  strcat.o(.text)
    strstr                                   0x0000032b   Thumb Code    36  strstr.o(.text)
    strlen                                   0x0000034f   Thumb Code    14  strlen.o(.text)
    strcpy                                   0x0000035d   Thumb Code    18  strcpy.o(.text)
    __scatterload                            0x00000371   Thumb Code    28  init.o(.text)
    __scatterload_rt2                        0x00000371   Thumb Code     0  init.o(.text)
    ADC0_InSeq3                              0x00000395   Thumb Code    24  main.o(i.ADC0_InSeq3)
    ADC0_InitSWTriggerSeq3_Ch9               0x000003b1   Thumb Code   162  main.o(i.ADC0_InitSWTriggerSeq3_Ch9)
    Board_Input                              0x0000046d   Thumb Code    16  led.o(i.Board_Input)
    CC3100_InterruptDisable                  0x00000481   Thumb Code     8  board.o(i.CC3100_InterruptDisable)
    CC3100_InterruptEnable                   0x0000048d   Thumb Code     8  board.o(i.CC3100_InterruptEnable)
    CC3100_disable                           0x00000499   Thumb Code    10  board.o(i.CC3100_disable)
    CC3100_enable                            0x000004a9   Thumb Code    10  board.o(i.CC3100_enable)
    CopyPingResultsToReport                  0x000004b9   Thumb Code    26  netapp.o(i.CopyPingResultsToReport)
    Crash                                    0x000004d3   Thumb Code    18  main.o(i.Crash)
    Delay1ms                                 0x000004e5   Thumb Code    26  st7735.o(i.Delay1ms)
    FPUEnable                                0x00000501   Thumb Code    12  fpu.o(i.FPUEnable)
    FPULazyStackingEnable                    0x00000511   Thumb Code    12  fpu.o(i.FPULazyStackingEnable)
    GPIOB_intHandler                         0x00000521   Thumb Code    44  board.o(i.GPIOB_intHandler)
    GPIODirModeSet                           0x00000555   Thumb Code    40  gpio.o(i.GPIODirModeSet)
    GPIOIntClear                             0x0000057d   Thumb Code     6  gpio.o(i.GPIOIntClear)
    GPIOIntDisable                           0x00000583   Thumb Code    14  gpio.o(i.GPIOIntDisable)
    GPIOIntEnable                            0x00000591   Thumb Code    14  gpio.o(i.GPIOIntEnable)
    GPIOIntStatus                            0x0000059f   Thumb Code    14  gpio.o(i.GPIOIntStatus)
    GPIOIntTypeSet                           0x000005ad   Thumb Code    80  gpio.o(i.GPIOIntTypeSet)
    GPIOPadConfigSet                         0x000005fd   Thumb Code   314  gpio.o(i.GPIOPadConfigSet)
    GPIOPinConfigure                         0x00000739   Thumb Code    64  gpio.o(i.GPIOPinConfigure)
    GPIOPinTypeGPIOInput                     0x00000781   Thumb Code    28  gpio.o(i.GPIOPinTypeGPIOInput)
    GPIOPinTypeGPIOOutput                    0x0000079d   Thumb Code    28  gpio.o(i.GPIOPinTypeGPIOOutput)
    GPIOPinTypeSSI                           0x000007b9   Thumb Code    28  gpio.o(i.GPIOPinTypeSSI)
    GPIOPinTypeUART                          0x000007d5   Thumb Code    28  gpio.o(i.GPIOPinTypeUART)
    GPIOPinWrite                             0x000007f1   Thumb Code     6  gpio.o(i.GPIOPinWrite)
    GetStartResponseConvert                  0x000007f7   Thumb Code    68  device.o(i.GetStartResponseConvert)
    IntEnable                                0x0000083d   Thumb Code    92  interrupt.o(i.IntEnable)
    IntMasterEnable                          0x000008a1   Thumb Code    14  interrupt.o(i.IntMasterEnable)
    LED_GreenOff                             0x000008d9   Thumb Code     8  led.o(i.LED_GreenOff)
    LED_GreenOn                              0x000008e5   Thumb Code     8  led.o(i.LED_GreenOn)
    LED_Init                                 0x000008f1   Thumb Code    78  led.o(i.LED_Init)
    LED_RedToggle                            0x00000955   Thumb Code    12  led.o(i.LED_RedToggle)
    SSIConfigSetExpClk                       0x00000965   Thumb Code    74  ssi.o(i.SSIConfigSetExpClk)
    SSIDataGetNonBlocking                    0x000009af   Thumb Code    20  ssi.o(i.SSIDataGetNonBlocking)
    SSIDataPutNonBlocking                    0x000009c3   Thumb Code    16  ssi.o(i.SSIDataPutNonBlocking)
    SSIEnable                                0x000009d3   Thumb Code    10  ssi.o(i.SSIEnable)
    ST7735_DrawCharS                         0x000009dd   Thumb Code   178  st7735.o(i.ST7735_DrawCharS)
    ST7735_DrawPixel                         0x00000a99   Thumb Code    54  st7735.o(i.ST7735_DrawPixel)
    ST7735_DrawString                        0x00000ad5   Thumb Code    82  st7735.o(i.ST7735_DrawString)
    ST7735_FillRect                          0x00000b29   Thumb Code   116  st7735.o(i.ST7735_FillRect)
    ST7735_FillScreen                        0x00000ba1   Thumb Code    24  st7735.o(i.ST7735_FillScreen)
    ST7735_InitR                             0x00000bbd   Thumb Code    94  st7735.o(i.ST7735_InitR)
    ST7735_OutChar                           0x00000c25   Thumb Code   134  st7735.o(i.ST7735_OutChar)
    ST7735_OutString                         0x00000cc9   Thumb Code    20  st7735.o(i.ST7735_OutString)
    ST7735_SetCursor                         0x00000cdd   Thumb Code    16  st7735.o(i.ST7735_SetCursor)
    ST7735_sDecOut2                          0x00000cf1   Thumb Code   152  fixed.o(i.ST7735_sDecOut2)
    SimpleLinkHttpServerCallback             0x00000d9d   Thumb Code     6  main.o(i.SimpleLinkHttpServerCallback)
    SimpleLinkNetAppEventHandler             0x00000dc9   Thumb Code    24  main.o(i.SimpleLinkNetAppEventHandler)
    SimpleLinkWlanEventHandler               0x00000e09   Thumb Code    50  main.o(i.SimpleLinkWlanEventHandler)
    SysCtlClockGet                           0x00000ed9   Thumb Code   314  sysctl.o(i.SysCtlClockGet)
    SysCtlClockSet                           0x0000103d   Thumb Code   270  sysctl.o(i.SysCtlClockSet)
    SysCtlPeripheralEnable                   0x0000115d   Thumb Code    36  sysctl.o(i.SysCtlPeripheralEnable)
    UARTFlushRx                              0x00001185   Thumb Code    36  uartstdio.o(i.UARTFlushRx)
    UARTFlushTx                              0x000011ad   Thumb Code    52  uartstdio.o(i.UARTFlushTx)
    UARTStdioConfig                          0x0000125d   Thumb Code   142  uartstdio.o(i.UARTStdioConfig)
    UARTStdioIntHandler                      0x000012f5   Thumb Code   248  uartstdio.o(i.UARTStdioIntHandler)
    UART_Init                                0x000013fd   Thumb Code    54  main.o(i.UART_Init)
    UARTprintf                               0x00001441   Thumb Code    18  uartstdio.o(i.UARTprintf)
    UARTvprintf                              0x00001455   Thumb Code   420  uartstdio.o(i.UARTvprintf)
    UARTwrite                                0x00001609   Thumb Code   134  uartstdio.o(i.UARTwrite)
    _SlAsyncEventGenericHandler              0x00001699   Thumb Code   732  driver.o(i._SlAsyncEventGenericHandler)
    _SlDrvBasicCmd                           0x00001979   Thumb Code    40  driver.o(i._SlDrvBasicCmd)
    _SlDrvClassifyRxMsg                      0x000019a1   Thumb Code   114  driver.o(i._SlDrvClassifyRxMsg)
    _SlDrvCmdOp                              0x00001a29   Thumb Code    80  driver.o(i._SlDrvCmdOp)
    _SlDrvCmdSend                            0x00001a7d   Thumb Code    24  driver.o(i._SlDrvCmdSend)
    _SlDrvDataReadOp                         0x00001a99   Thumb Code   326  driver.o(i._SlDrvDataReadOp)
    _SlDrvDataWriteOp                        0x00001be9   Thumb Code   272  driver.o(i._SlDrvDataWriteOp)
    _SlDrvDeviceEventHandler                 0x00001cfd   Thumb Code    26  device.o(i._SlDrvDeviceEventHandler)
    _SlDrvDriverCBDeinit                     0x00001d19   Thumb Code    92  driver.o(i._SlDrvDriverCBDeinit)
    _SlDrvDriverCBInit                       0x00001d79   Thumb Code   134  driver.o(i._SlDrvDriverCBInit)
    _SlDrvFlowContDeinit                     0x00001e09   Thumb Code    40  flowcont.o(i._SlDrvFlowContDeinit)
    _SlDrvFlowContInit                       0x00001e35   Thumb Code    42  flowcont.o(i._SlDrvFlowContInit)
    _SlDrvMsgRead                            0x00001e65   Thumb Code   834  driver.o(i._SlDrvMsgRead)
    _SlDrvMsgReadCmdCtx                      0x000021b1   Thumb Code   156  driver.o(i._SlDrvMsgReadCmdCtx)
    _SlDrvMsgReadSpawnCtx                    0x00002255   Thumb Code   132  driver.o(i._SlDrvMsgReadSpawnCtx)
    _SlDrvMsgWrite                           0x000022dd   Thumb Code   232  driver.o(i._SlDrvMsgWrite)
    _SlDrvNetAppEventHandler                 0x000023cd   Thumb Code   198  netapp.o(i._SlDrvNetAppEventHandler)
    _SlDrvObjDeInit                          0x00002495   Thumb Code    18  driver.o(i._SlDrvObjDeInit)
    _SlDrvObjInit                            0x000024ad   Thumb Code    54  driver.o(i._SlDrvObjInit)
    _SlDrvReleasePoolObj                     0x000024e9   Thumb Code   222  driver.o(i._SlDrvReleasePoolObj)
    _SlDrvRxHdrRead                          0x000025cd   Thumb Code   282  driver.o(i._SlDrvRxHdrRead)
    _SlDrvRxIrqHandler                       0x000026f9   Thumb Code    52  driver.o(i._SlDrvRxIrqHandler)
    _SlDrvShiftDWord                         0x00002735   Thumb Code    22  driver.o(i._SlDrvShiftDWord)
    _SlDrvWaitForPoolObj                     0x0000274d   Thumb Code   254  driver.o(i._SlDrvWaitForPoolObj)
    _SlFindAndSetActiveObj                   0x00002851   Thumb Code   138  driver.o(i._SlFindAndSetActiveObj)
    _SlNonOsMainLoopTask                     0x000028e5   Thumb Code    54  nonos.o(i._SlNonOsMainLoopTask)
    _SlNonOsSemGet                           0x00002925   Thumb Code    50  nonos.o(i._SlNonOsSemGet)
    _SlNonOsSemSet                           0x00002957   Thumb Code     6  nonos.o(i._SlNonOsSemSet)
    _SlNonOsSpawn                            0x0000295d   Thumb Code    30  nonos.o(i._SlNonOsSpawn)
    _SlRemoveFromList                        0x00002981   Thumb Code    84  driver.o(i._SlRemoveFromList)
    __scatterload_copy                       0x000029d9   Thumb Code    14  handlers.o(i.__scatterload_copy)
    __scatterload_null                       0x000029e7   Thumb Code     2  handlers.o(i.__scatterload_null)
    __scatterload_zeroinit                   0x000029e9   Thumb Code    14  handlers.o(i.__scatterload_zeroinit)
    _sl_BuildAddress                         0x000029f7   Thumb Code    38  socket.o(i._sl_BuildAddress)
    _sl_HandleAsync_Accept                   0x00002a1d   Thumb Code   110  socket.o(i._sl_HandleAsync_Accept)
    _sl_HandleAsync_Connect                  0x00002a91   Thumb Code   120  socket.o(i._sl_HandleAsync_Connect)
    _sl_HandleAsync_DnsGetHostByName         0x00002b0d   Thumb Code   110  netapp.o(i._sl_HandleAsync_DnsGetHostByName)
    _sl_HandleAsync_DnsGetHostByService      0x00002b81   Thumb Code   102  netapp.o(i._sl_HandleAsync_DnsGetHostByService)
    _sl_HandleAsync_InitComplete             0x00002bed   Thumb Code   126  device.o(i._sl_HandleAsync_InitComplete)
    _sl_HandleAsync_PingResponse             0x00002c71   Thumb Code   120  netapp.o(i._sl_HandleAsync_PingResponse)
    _sl_HandleAsync_Select                   0x00002cf1   Thumb Code    94  socket.o(i._sl_HandleAsync_Select)
    _sl_HandleAsync_Stop                     0x00002d55   Thumb Code    90  device.o(i._sl_HandleAsync_Stop)
    _sl_TruncatePayloadByProtocol            0x00002db5   Thumb Code    84  socket.o(i._sl_TruncatePayloadByProtocol)
    getTempFromJson                          0x000030a5   Thumb Code    48  util.o(i.getTempFromJson)
    initClk                                  0x000030dd   Thumb Code    20  board.o(i.initClk)
    main                                     0x000030f5   Thumb Code   394  main.o(i.main)
    registerInterruptHandler                 0x00003335   Thumb Code     8  board.o(i.registerInterruptHandler)
    sl_Close                                 0x000033ad   Thumb Code    26  socket.o(i.sl_Close)
    sl_Connect                               0x000033cd   Thumb Code   224  socket.o(i.sl_Connect)
    sl_DevGet                                0x000034b9   Thumb Code   104  device.o(i.sl_DevGet)
    sl_Htonl                                 0x00003529   Thumb Code    40  socket.o(i.sl_Htonl)
    sl_Htons                                 0x00003551   Thumb Code    48  socket.o(i.sl_Htons)
    sl_NetAppDnsGetHostByName                0x00003581   Thumb Code   202  netapp.o(i.sl_NetAppDnsGetHostByName)
    sl_NetAppMDNSRegisterUnregisterService   0x00003659   Thumb Code   118  netapp.o(i.sl_NetAppMDNSRegisterUnregisterService)
    sl_NetAppMDNSUnRegisterService           0x000036d5   Thumb Code    18  netapp.o(i.sl_NetAppMDNSUnRegisterService)
    sl_NetAppSendTokenValue                  0x000036e9   Thumb Code    74  netapp.o(i.sl_NetAppSendTokenValue)
    sl_NetCfgSet                             0x00003739   Thumb Code    58  netcfg.o(i.sl_NetCfgSet)
    sl_Recv                                  0x00003779   Thumb Code    58  socket.o(i.sl_Recv)
    sl_Send                                  0x000037b9   Thumb Code   162  socket.o(i.sl_Send)
    sl_Socket                                0x00003865   Thumb Code    42  socket.o(i.sl_Socket)
    sl_Start                                 0x00003895   Thumb Code   170  device.o(i.sl_Start)
    sl_Stop                                  0x0000394d   Thumb Code   186  device.o(i.sl_Stop)
    sl_WlanConnect                           0x00003a15   Thumb Code   414  wlan.o(i.sl_WlanConnect)
    sl_WlanDisconnect                        0x00003bb9   Thumb Code     8  wlan.o(i.sl_WlanDisconnect)
    sl_WlanPolicySet                         0x00003bc1   Thumb Code    52  wlan.o(i.sl_WlanPolicySet)
    sl_WlanProfileDel                        0x00003bf9   Thumb Code    26  wlan.o(i.sl_WlanProfileDel)
    sl_WlanSet                               0x00003c19   Thumb Code    60  wlan.o(i.sl_WlanSet)
    sl_WlanSetMode                           0x00003c59   Thumb Code    26  wlan.o(i.sl_WlanSetMode)
    spi_Close                                0x00003c79   Thumb Code    10  spi.o(i.spi_Close)
    spi_Open                                 0x00003c85   Thumb Code   198  spi.o(i.spi_Open)
    spi_Read                                 0x00003d75   Thumb Code    78  spi.o(i.spi_Read)
    spi_Write                                0x00003dcd   Thumb Code    76  spi.o(i.spi_Write)
    _SlStopCmdCtrl                           0x00003f46   Data           4  device.o(.constdata)
    _SlEventMaskSetCmdCtrl                   0x00003f4a   Data           4  device.o(.constdata)
    _SlEventMaskGetCmdCtrl                   0x00003f4e   Data           4  device.o(.constdata)
    _SlDeviceGetCmdCtrl                      0x00003f52   Data           4  device.o(.constdata)
    _SlDeviceSetCmdCtrl                      0x00003f56   Data           4  device.o(.constdata)
    g_H2NSyncPattern                         0x00003f5c   Data           8  driver.o(.constdata)
    g_H2NCnysPattern                         0x00003f64   Data           8  driver.o(.constdata)
    _SlActionLookupTable                     0x00003f6c   Data          56  driver.o(.constdata)
    _SlNetAppStartCtrl                       0x00003fa4   Data           4  netapp.o(.constdata)
    _SlNetAppStopCtrl                        0x00003fa8   Data           4  netapp.o(.constdata)
    _SlGetServiceListeCtrl                   0x00003fac   Data           4  netapp.o(.constdata)
    _SlRegisterServiceCtrl                   0x00003fb0   Data           4  netapp.o(.constdata)
    _SlGetHostByServiceCtrl                  0x00003fb4   Data           4  netapp.o(.constdata)
    _SlGetHostByNameCtrl                     0x00003fb8   Data           4  netapp.o(.constdata)
    _SlNetAppSetCmdCtrl                      0x00003fbc   Data           4  netapp.o(.constdata)
    _SlNetAppSendTokenValueCmdCtrl           0x00003fc0   Data           4  netapp.o(.constdata)
    _SlNetAppGetCmdCtrl                      0x00003fc4   Data           4  netapp.o(.constdata)
    _SlNetCfgSetCmdCtrl                      0x00003fcc   Data           4  netcfg.o(.constdata)
    _SlNetCfgGetCmdCtrl                      0x00003fd0   Data           4  netcfg.o(.constdata)
    _SlSockSocketCmdCtrl                     0x00003fd4   Data           4  socket.o(.constdata)
    _SlSockCloseCmdCtrl                      0x00003fd8   Data           4  socket.o(.constdata)
    _SlRecvfomCmdCtrl                        0x00003fdc   Data           4  socket.o(.constdata)
    _SlSendCmdCtrl                           0x00003fe0   Data           4  socket.o(.constdata)
    _SlListenCmdCtrl                         0x00003fe4   Data           4  socket.o(.constdata)
    _SlAcceptCmdCtrl                         0x00003fe8   Data           4  socket.o(.constdata)
    _SlRecvCmdCtrl                           0x00003fec   Data           4  socket.o(.constdata)
    _SlSetSockOptCmdCtrl                     0x00003ff0   Data           4  socket.o(.constdata)
    _SlGetSockOptCmdCtrl                     0x00003ff4   Data           4  socket.o(.constdata)
    _SlSelectCmdCtrl                         0x00003ff8   Data           4  socket.o(.constdata)
    _SlPolicySetCmdCtrl                      0x00004004   Data           4  wlan.o(.constdata)
    _SlPolicyGetCmdCtrl                      0x00004008   Data           4  wlan.o(.constdata)
    _SlProfileGetCmdCtrl                     0x0000400c   Data           4  wlan.o(.constdata)
    _SlProfileDelCmdCtrl                     0x00004010   Data           4  wlan.o(.constdata)
    _SlWlanGetNetworkListCtrl                0x00004014   Data           4  wlan.o(.constdata)
    _SlRxFilterAddtCmdCtrl                   0x00004018   Data           4  wlan.o(.constdata)
    _SlRxFilterSetCmdCtrl                    0x0000401c   Data           4  wlan.o(.constdata)
    _SlRxFilterGetCmdCtrl                    0x00004020   Data           4  wlan.o(.constdata)
    _SlSmartConfigStartCmdCtrl               0x00004024   Data           4  wlan.o(.constdata)
    _SlWlanSetModeCmdCtrl                    0x00004028   Data           4  wlan.o(.constdata)
    _SlWlanCfgSetCmdCtrl                     0x0000402c   Data           4  wlan.o(.constdata)
    _SlWlanCfgGetCmdCtrl                     0x00004030   Data           4  wlan.o(.constdata)
    dBfs                                     0x00004642   Data         512  st7735.o(.constdata)
    Region$$Table$$Base                      0x00004d38   Number         0  anon$$obj.o(Region$$Table)
    Region$$Table$$Limit                     0x00004d58   Number         0  anon$$obj.o(Region$$Table)
    g_Status                                 0x20000000   Data           4  main.o(.data)
    DestinationIP                            0x20000004   Data           4  main.o(.data)
    SockID                                   0x20000008   Data           4  main.o(.data)
    IntIsMasked                              0x2000000c   Data           1  board.o(.data)
    pIrqEventHandler                         0x20000010   Data           4  board.o(.data)
    g_pCB                                    0x20000014   Data           4  driver.o(.data)
    pPingCallBackFunc                        0x20000018   Data           4  driver.o(.data)
    StTextColor                              0x2000003c   Data           2  st7735.o(.data)
    StX                                      0x20000044   Data           4  st7735.o(.data)
    StY                                      0x20000048   Data           4  st7735.o(.data)
    lastj                                    0x2000004c   Data           4  st7735.o(.data)
    Messageindex                             0x20000050   Data           4  st7735.o(.data)
    Ymax                                     0x20000054   Data           4  st7735.o(.data)
    Ymin                                     0x20000058   Data           4  st7735.o(.data)
    X                                        0x2000005c   Data           4  st7735.o(.data)
    Yrange                                   0x20000060   Data           4  st7735.o(.data)
    Recvbuff                                 0x20000064   Data        1024  main.o(.bss)
    SendBuff                                 0x20000464   Data         512  main.o(.bss)
    HostName                                 0x20000664   Data          40  main.o(.bss)
    g_StatMem                                0x2000068c   Data         356  driver.o(.bss)
    g__SlNonOsCB                             0x200007f0   Data          40  nonos.o(.bss)
    __initial_sp                             0x20004c98   Data           0  startup_rvmdk.o(STACK)



==============================================================================

Memory Map of the image

  Image Entry point : 0x0000026d

  Load Region LR_IROM (Base: 0x00000000, Size: 0x00004dbc, Max: 0x00040000, ABSOLUTE)

    Execution Region ER_IROM (Base: 0x00000000, Size: 0x00004d58, Max: 0x00040000, ABSOLUTE)

    Base Addr    Size         Type   Attr      Idx    E Section Name        Object

    0x00000000   0x00000288   Code   RO         1143  * RESET               startup_rvmdk.o
    0x00000288   0x00000000   Code   RO         3122  * .ARM.Collect$$$$00000000  mc_w.l(entry.o)
    0x00000288   0x00000004   Code   RO         3139    .ARM.Collect$$$$00000001  mc_w.l(entry2.o)
    0x0000028c   0x00000004   Code   RO         3142    .ARM.Collect$$$$00000004  mc_w.l(entry5.o)
    0x00000290   0x00000000   Code   RO         3144    .ARM.Collect$$$$00000008  mc_w.l(entry7b.o)
    0x00000290   0x00000000   Code   RO         3146    .ARM.Collect$$$$0000000A  mc_w.l(entry8b.o)
    0x00000290   0x00000008   Code   RO         3147    .ARM.Collect$$$$0000000B  mc_w.l(entry9a.o)
    0x00000298   0x00000000   Code   RO         3149    .ARM.Collect$$$$0000000D  mc_w.l(entry10a.o)
    0x00000298   0x00000000   Code   RO         3151    .ARM.Collect$$$$0000000F  mc_w.l(entry11a.o)
    0x00000298   0x00000004   Code   RO         3140    .ARM.Collect$$$$00002712  mc_w.l(entry2.o)
    0x0000029c   0x00000006   Code   RO         2481    .emb_text           driverlib.lib(sysctl.o)
    0x000002a2   0x00000002   PAD
    0x000002a4   0x00000026   Code   RO         3112    .emb_text           driverlib.lib(cpu.o)
    0x000002ca   0x00000024   Code   RO         3125    .text               mc_w.l(memcpya.o)
    0x000002ee   0x00000024   Code   RO         3127    .text               mc_w.l(memseta.o)
    0x00000312   0x00000018   Code   RO         3129    .text               mc_w.l(strcat.o)
    0x0000032a   0x00000024   Code   RO         3131    .text               mc_w.l(strstr.o)
    0x0000034e   0x0000000e   Code   RO         3133    .text               mc_w.l(strlen.o)
    0x0000035c   0x00000012   Code   RO         3135    .text               mc_w.l(strcpy.o)
    0x0000036e   0x00000002   PAD
    0x00000370   0x00000024   Code   RO         3153    .text               mc_w.l(init.o)
    0x00000394   0x0000001c   Code   RO            1    i.ADC0_InSeq3       main.o
    0x000003b0   0x000000bc   Code   RO            2    i.ADC0_InitSWTriggerSeq3_Ch9  main.o
    0x0000046c   0x00000014   Code   RO          361    i.Board_Input       led.o
    0x00000480   0x0000000c   Code   RO          175    i.CC3100_InterruptDisable  board.o
    0x0000048c   0x0000000c   Code   RO          176    i.CC3100_InterruptEnable  board.o
    0x00000498   0x00000010   Code   RO          177    i.CC3100_disable    board.o
    0x000004a8   0x00000010   Code   RO          178    i.CC3100_enable     board.o
    0x000004b8   0x0000001a   Code   RO          766    i.CopyPingResultsToReport  netapp.o
    0x000004d2   0x00000012   Code   RO            3    i.Crash             main.o
    0x000004e4   0x0000001a   Code   RO         1514    i.Delay1ms          st7735.o
    0x000004fe   0x00000002   PAD
    0x00000500   0x00000010   Code   RO         1831    i.FPUEnable         driverlib.lib(fpu.o)
    0x00000510   0x00000010   Code   RO         1834    i.FPULazyStackingEnable  driverlib.lib(fpu.o)
    0x00000520   0x00000034   Code   RO          180    i.GPIOB_intHandler  board.o
    0x00000554   0x00000028   Code   RO         1904    i.GPIODirModeSet    driverlib.lib(gpio.o)
    0x0000057c   0x00000006   Code   RO         1905    i.GPIOIntClear      driverlib.lib(gpio.o)
    0x00000582   0x0000000e   Code   RO         1906    i.GPIOIntDisable    driverlib.lib(gpio.o)
    0x00000590   0x0000000e   Code   RO         1907    i.GPIOIntEnable     driverlib.lib(gpio.o)
    0x0000059e   0x0000000e   Code   RO         1909    i.GPIOIntStatus     driverlib.lib(gpio.o)
    0x000005ac   0x00000050   Code   RO         1911    i.GPIOIntTypeSet    driverlib.lib(gpio.o)
    0x000005fc   0x0000013a   Code   RO         1914    i.GPIOPadConfigSet  driverlib.lib(gpio.o)
    0x00000736   0x00000002   PAD
    0x00000738   0x00000048   Code   RO         1915    i.GPIOPinConfigure  driverlib.lib(gpio.o)
    0x00000780   0x0000001c   Code   RO         1924    i.GPIOPinTypeGPIOInput  driverlib.lib(gpio.o)
    0x0000079c   0x0000001c   Code   RO         1925    i.GPIOPinTypeGPIOOutput  driverlib.lib(gpio.o)
    0x000007b8   0x0000001c   Code   RO         1938    i.GPIOPinTypeSSI    driverlib.lib(gpio.o)
    0x000007d4   0x0000001c   Code   RO         1940    i.GPIOPinTypeUART   driverlib.lib(gpio.o)
    0x000007f0   0x00000006   Code   RO         1946    i.GPIOPinWrite      driverlib.lib(gpio.o)
    0x000007f6   0x00000044   Code   RO          421    i.GetStartResponseConvert  device.o
    0x0000083a   0x00000002   PAD
    0x0000083c   0x00000064   Code   RO         2217    i.IntEnable         driverlib.lib(interrupt.o)
    0x000008a0   0x0000000e   Code   RO         2220    i.IntMasterEnable   driverlib.lib(interrupt.o)
    0x000008ae   0x00000010   Code   RO         1275    i.IsBufferEmpty     uartstdio.o
    0x000008be   0x0000001a   Code   RO         1276    i.IsBufferFull      uartstdio.o
    0x000008d8   0x0000000c   Code   RO          363    i.LED_GreenOff      led.o
    0x000008e4   0x0000000c   Code   RO          364    i.LED_GreenOn       led.o
    0x000008f0   0x00000064   Code   RO          366    i.LED_Init          led.o
    0x00000954   0x00000010   Code   RO          369    i.LED_RedToggle     led.o
    0x00000964   0x0000004a   Code   RO         2337    i.SSIConfigSetExpClk  driverlib.lib(ssi.o)
    0x000009ae   0x00000014   Code   RO         2341    i.SSIDataGetNonBlocking  driverlib.lib(ssi.o)
    0x000009c2   0x00000010   Code   RO         2343    i.SSIDataPutNonBlocking  driverlib.lib(ssi.o)
    0x000009d2   0x0000000a   Code   RO         2345    i.SSIEnable         driverlib.lib(ssi.o)
    0x000009dc   0x000000bc   Code   RO         1523    i.ST7735_DrawCharS  st7735.o
    0x00000a98   0x0000003c   Code   RO         1526    i.ST7735_DrawPixel  st7735.o
    0x00000ad4   0x00000052   Code   RO         1527    i.ST7735_DrawString  st7735.o
    0x00000b26   0x00000002   PAD
    0x00000b28   0x00000078   Code   RO         1528    i.ST7735_FillRect   st7735.o
    0x00000ba0   0x0000001c   Code   RO         1529    i.ST7735_FillScreen  st7735.o
    0x00000bbc   0x00000068   Code   RO         1531    i.ST7735_InitR      st7735.o
    0x00000c24   0x000000a4   Code   RO         1533    i.ST7735_OutChar    st7735.o
    0x00000cc8   0x00000014   Code   RO         1534    i.ST7735_OutString  st7735.o
    0x00000cdc   0x00000014   Code   RO         1544    i.ST7735_SetCursor  st7735.o
    0x00000cf0   0x000000ac   Code   RO         1795    i.ST7735_sDecOut2   fixed.o
    0x00000d9c   0x0000002c   Code   RO            5    i.SimpleLinkHttpServerCallback  main.o
    0x00000dc8   0x00000040   Code   RO            6    i.SimpleLinkNetAppEventHandler  main.o
    0x00000e08   0x000000d0   Code   RO            8    i.SimpleLinkWlanEventHandler  main.o
    0x00000ed8   0x00000164   Code   RO         2484    i.SysCtlClockGet    driverlib.lib(sysctl.o)
    0x0000103c   0x00000120   Code   RO         2486    i.SysCtlClockSet    driverlib.lib(sysctl.o)
    0x0000115c   0x00000028   Code   RO         2515    i.SysCtlPeripheralEnable  driverlib.lib(sysctl.o)
    0x00001184   0x00000028   Code   RO         1278    i.UARTFlushRx       uartstdio.o
    0x000011ac   0x00000038   Code   RO         1279    i.UARTFlushTx       uartstdio.o
    0x000011e4   0x00000078   Code   RO         1282    i.UARTPrimeTransmit  uartstdio.o
    0x0000125c   0x00000098   Code   RO         1284    i.UARTStdioConfig   uartstdio.o
    0x000012f4   0x00000108   Code   RO         1285    i.UARTStdioIntHandler  uartstdio.o
    0x000013fc   0x00000044   Code   RO            9    i.UART_Init         main.o
    0x00001440   0x00000012   Code   RO         1289    i.UARTprintf        uartstdio.o
    0x00001452   0x00000002   PAD
    0x00001454   0x000001b4   Code   RO         1290    i.UARTvprintf       uartstdio.o
    0x00001608   0x00000090   Code   RO         1291    i.UARTwrite         uartstdio.o
    0x00001698   0x000002e0   Code   RO          545    i._SlAsyncEventGenericHandler  driver.o
    0x00001978   0x00000028   Code   RO          546    i._SlDrvBasicCmd    driver.o
    0x000019a0   0x00000088   Code   RO          547    i._SlDrvClassifyRxMsg  driver.o
    0x00001a28   0x00000054   Code   RO          548    i._SlDrvCmdOp       driver.o
    0x00001a7c   0x0000001c   Code   RO          549    i._SlDrvCmdSend     driver.o
    0x00001a98   0x00000150   Code   RO          550    i._SlDrvDataReadOp  driver.o
    0x00001be8   0x00000114   Code   RO          551    i._SlDrvDataWriteOp  driver.o
    0x00001cfc   0x0000001a   Code   RO          422    i._SlDrvDeviceEventHandler  device.o
    0x00001d16   0x00000002   PAD
    0x00001d18   0x00000060   Code   RO          552    i._SlDrvDriverCBDeinit  driver.o
    0x00001d78   0x00000090   Code   RO          553    i._SlDrvDriverCBInit  driver.o
    0x00001e08   0x0000002c   Code   RO          691    i._SlDrvFlowContDeinit  flowcont.o
    0x00001e34   0x00000030   Code   RO          692    i._SlDrvFlowContInit  flowcont.o
    0x00001e64   0x0000034c   Code   RO          554    i._SlDrvMsgRead     driver.o
    0x000021b0   0x000000a4   Code   RO          555    i._SlDrvMsgReadCmdCtx  driver.o
    0x00002254   0x00000088   Code   RO          556    i._SlDrvMsgReadSpawnCtx  driver.o
    0x000022dc   0x000000f0   Code   RO          557    i._SlDrvMsgWrite    driver.o
    0x000023cc   0x000000c6   Code   RO          767    i._SlDrvNetAppEventHandler  netapp.o
    0x00002492   0x00000002   PAD
    0x00002494   0x00000018   Code   RO          558    i._SlDrvObjDeInit   driver.o
    0x000024ac   0x0000003c   Code   RO          559    i._SlDrvObjInit     driver.o
    0x000024e8   0x000000e4   Code   RO          560    i._SlDrvReleasePoolObj  driver.o
    0x000025cc   0x0000012c   Code   RO          561    i._SlDrvRxHdrRead   driver.o
    0x000026f8   0x0000003c   Code   RO          562    i._SlDrvRxIrqHandler  driver.o
    0x00002734   0x00000016   Code   RO          563    i._SlDrvShiftDWord  driver.o
    0x0000274a   0x00000002   PAD
    0x0000274c   0x00000104   Code   RO          564    i._SlDrvWaitForPoolObj  driver.o
    0x00002850   0x00000094   Code   RO          565    i._SlFindAndSetActiveObj  driver.o
    0x000028e4   0x00000040   Code   RO          904    i._SlNonOsMainLoopTask  nonos.o
    0x00002924   0x00000032   Code   RO          905    i._SlNonOsSemGet    nonos.o
    0x00002956   0x00000006   Code   RO          906    i._SlNonOsSemSet    nonos.o
    0x0000295c   0x00000024   Code   RO          907    i._SlNonOsSpawn     nonos.o
    0x00002980   0x00000058   Code   RO          566    i._SlRemoveFromList  driver.o
    0x000029d8   0x0000000e   Code   RO         3157    i.__scatterload_copy  mc_w.l(handlers.o)
    0x000029e6   0x00000002   Code   RO         3158    i.__scatterload_null  mc_w.l(handlers.o)
    0x000029e8   0x0000000e   Code   RO         3159    i.__scatterload_zeroinit  mc_w.l(handlers.o)
    0x000029f6   0x00000026   Code   RO          941    i._sl_BuildAddress  socket.o
    0x00002a1c   0x00000074   Code   RO          942    i._sl_HandleAsync_Accept  socket.o
    0x00002a90   0x0000007c   Code   RO          943    i._sl_HandleAsync_Connect  socket.o
    0x00002b0c   0x00000074   Code   RO          769    i._sl_HandleAsync_DnsGetHostByName  netapp.o
    0x00002b80   0x0000006c   Code   RO          770    i._sl_HandleAsync_DnsGetHostByService  netapp.o
    0x00002bec   0x00000084   Code   RO          423    i._sl_HandleAsync_InitComplete  device.o
    0x00002c70   0x00000080   Code   RO          771    i._sl_HandleAsync_PingResponse  netapp.o
    0x00002cf0   0x00000064   Code   RO          944    i._sl_HandleAsync_Select  socket.o
    0x00002d54   0x00000060   Code   RO          424    i._sl_HandleAsync_Stop  device.o
    0x00002db4   0x00000054   Code   RO          946    i._sl_TruncatePayloadByProtocol  socket.o
    0x00002e08   0x00000052   Code   RO         1548    i.commandList       st7735.o
    0x00002e5a   0x00000002   PAD
    0x00002e5c   0x00000138   Code   RO         1549    i.commonInit        st7735.o
    0x00002f94   0x00000110   Code   RO           10    i.configureSimpleLinkToDefaultState  main.o
    0x000030a4   0x00000038   Code   RO         1781    i.getTempFromJson   util.o
    0x000030dc   0x00000018   Code   RO          184    i.initClk           board.o
    0x000030f4   0x0000022c   Code   RO           11    i.main              main.o
    0x00003320   0x00000014   Code   RO         1554    i.pushColor         st7735.o
    0x00003334   0x0000000c   Code   RO          185    i.registerInterruptHandler  board.o
    0x00003340   0x0000006c   Code   RO         1555    i.setAddrWindow     st7735.o
    0x000033ac   0x00000020   Code   RO          949    i.sl_Close          socket.o
    0x000033cc   0x000000ec   Code   RO          950    i.sl_Connect        socket.o
    0x000034b8   0x00000070   Code   RO          425    i.sl_DevGet         device.o
    0x00003528   0x00000028   Code   RO          952    i.sl_Htonl          socket.o
    0x00003550   0x00000030   Code   RO          953    i.sl_Htons          socket.o
    0x00003580   0x000000d8   Code   RO          772    i.sl_NetAppDnsGetHostByName  netapp.o
    0x00003658   0x0000007c   Code   RO          777    i.sl_NetAppMDNSRegisterUnregisterService  netapp.o
    0x000036d4   0x00000012   Code   RO          778    i.sl_NetAppMDNSUnRegisterService  netapp.o
    0x000036e6   0x00000002   PAD
    0x000036e8   0x00000050   Code   RO          780    i.sl_NetAppSendTokenValue  netapp.o
    0x00003738   0x00000040   Code   RO          884    i.sl_NetCfgSet      netcfg.o
    0x00003778   0x00000040   Code   RO          955    i.sl_Recv           socket.o
    0x000037b8   0x000000ac   Code   RO          958    i.sl_Send           socket.o
    0x00003864   0x00000030   Code   RO          961    i.sl_Socket         socket.o
    0x00003894   0x000000b8   Code   RO          429    i.sl_Start          device.o
    0x0000394c   0x000000c8   Code   RO          430    i.sl_Stop           device.o
    0x00003a14   0x000001a4   Code   RO         1151    i.sl_WlanConnect    wlan.o
    0x00003bb8   0x00000008   Code   RO         1152    i.sl_WlanDisconnect  wlan.o
    0x00003bc0   0x00000038   Code   RO         1156    i.sl_WlanPolicySet  wlan.o
    0x00003bf8   0x00000020   Code   RO         1158    i.sl_WlanProfileDel  wlan.o
    0x00003c18   0x00000040   Code   RO         1166    i.sl_WlanSet        wlan.o
    0x00003c58   0x00000020   Code   RO         1167    i.sl_WlanSetMode    wlan.o
    0x00003c78   0x0000000a   Code   RO         1102    i.spi_Close         spi.o
    0x00003c82   0x00000002   PAD
    0x00003c84   0x000000f0   Code   RO         1103    i.spi_Open          spi.o
    0x00003d74   0x00000058   Code   RO         1104    i.spi_Read          spi.o
    0x00003dcc   0x00000054   Code   RO         1105    i.spi_Write         spi.o
    0x00003e20   0x00000020   Code   RO         1556    i.writecommand      st7735.o
    0x00003e40   0x0000001c   Code   RO         1557    i.writedata         st7735.o
    0x00003e5c   0x000000e9   Data   RO           13    .constdata          main.o
    0x00003f45   0x00000001   PAD
    0x00003f46   0x00000014   Data   RO          432    .constdata          device.o
    0x00003f5a   0x00000002   PAD
    0x00003f5c   0x00000048   Data   RO          568    .constdata          driver.o
    0x00003fa4   0x00000028   Data   RO          784    .constdata          netapp.o
    0x00003fcc   0x00000008   Data   RO          885    .constdata          netcfg.o
    0x00003fd4   0x00000030   Data   RO          962    .constdata          socket.o
    0x00004004   0x00000034   Data   RO         1170    .constdata          wlan.o
    0x00004038   0x00000028   Data   RO         1293    .constdata          uartstdio.o
    0x00004060   0x000007e2   Data   RO         1559    .constdata          st7735.o
    0x00004842   0x00000002   PAD
    0x00004844   0x00000210   Data   RO         1947    .constdata          driverlib.lib(gpio.o)
    0x00004a54   0x0000010c   Data   RO         2233    .constdata          driverlib.lib(interrupt.o)
    0x00004b60   0x000001c4   Data   RO         2536    .constdata          driverlib.lib(sysctl.o)
    0x00004d24   0x00000011   Data   RO         1294    .conststring        uartstdio.o
    0x00004d35   0x00000003   PAD
    0x00004d38   0x00000020   Data   RO         3155    Region$$Table       anon$$obj.o


    Execution Region RW_IRAM (Base: 0x20000000, Size: 0x00004c98, Max: 0x00008000, ABSOLUTE)

    Base Addr    Size         Type   Attr      Idx    E Section Name        Object

    0x20000000   0x0000000c   Data   RW           14    .data               main.o
    0x2000000c   0x00000008   Data   RW          187    .data               board.o
    0x20000014   0x00000004   Data   RW          569    .data               driver.o
    0x20000018   0x00000004   Data   RW          570    .data               driver.o
    0x2000001c   0x0000001c   Data   RW         1295    .data               uartstdio.o
    0x20000038   0x0000002c   Data   RW         1560    .data               st7735.o
    0x20000064   0x00000628   Zero   RW           12    .bss                main.o
    0x2000068c   0x00000164   Zero   RW          567    .bss                driver.o
    0x200007f0   0x00000028   Zero   RW          908    .bss                nonos.o
    0x20000818   0x00000480   Zero   RW         1292    .bss                uartstdio.o
    0x20000c98   0x00004000   Zero   RW         1141    STACK               startup_rvmdk.o


==============================================================================

Image component sizes


      Code (inc. data)   RO Data    RW Data    ZI Data      Debug   Object Name

       144         36          0          8          0       3727   board.o
       818         48         20          0          0      73789   device.o
      4450        156         72          8        356      22329   driver.o
       172         20          0          0          0        670   fixed.o
        92         10          0          0          0       1108   flowcont.o
       160         38          0          0          0       1978   led.o
      1446        462        233         12       1576      40838   main.o
      1014         46         40          0          0       9730   netapp.o
        64          6          8          0          0       1477   netcfg.o
         0          0          0          0          0       2768   nokia5110.o
       156         16          0          0         40       3204   nonos.o
      1102         68         48          0          0       9941   socket.o
       422         60          0          0          0       2454   spi.o
      1394        124       2018         44          0      11971   st7735.o
       648        622          0          0      16384        232   startup_rvmdk.o
      1272         72         57         28       1152       8531   uartstdio.o
        56          8          0          0          0        506   util.o
       612         26         52          0          0       6606   wlan.o

    ----------------------------------------------------------------------
     14042       1818       2588        100      19508     201859   Object Totals
         0          0         32          0          0          0   (incl. Generated)
        20          0          8          0          0          0   (incl. Padding)

    ----------------------------------------------------------------------

      Code (inc. data)   RO Data    RW Data    ZI Data      Debug   Library Member Name

        38          0          0          0          0        504   cpu.o
        32          8          0          0          0        780   fpu.o
       672          8        528          0          0       7285   gpio.o
       114          8        268          0          0       1774   interrupt.o
       120          0          0          0          0       2749   ssi.o
       690         64        452          0          0       3951   sysctl.o
         0          0          0          0          0          0   entry.o
         0          0          0          0          0          0   entry10a.o
         0          0          0          0          0          0   entry11a.o
         8          4          0          0          0          0   entry2.o
         4          0          0          0          0          0   entry5.o
         0          0          0          0          0          0   entry7b.o
         0          0          0          0          0          0   entry8b.o
         8          4          0          0          0          0   entry9a.o
        30          0          0          0          0          0   handlers.o
        36          8          0          0          0         68   init.o
        36          0          0          0          0         68   memcpya.o
        36          0          0          0          0        108   memseta.o
        24          0          0          0          0         68   strcat.o
        18          0          0          0          0         68   strcpy.o
        14          0          0          0          0         68   strlen.o
        36          0          0          0          0         80   strstr.o

    ----------------------------------------------------------------------
      1922        104       1248          0          0      17571   Library Totals
         6          0          0          0          0          0   (incl. Padding)

    ----------------------------------------------------------------------

      Code (inc. data)   RO Data    RW Data    ZI Data      Debug   Library Name

      1666         88       1248          0          0      17043   driverlib.lib
       250         16          0          0          0        528   mc_w.l

    ----------------------------------------------------------------------
      1922        104       1248          0          0      17571   Library Totals

    ----------------------------------------------------------------------

==============================================================================


      Code (inc. data)   RO Data    RW Data    ZI Data      Debug   

     15964       1922       3836        100      19508     205922   Grand Totals
     15964       1922       3836        100      19508     205922   ELF Image Totals
     15964       1922       3836        100          0          0   ROM Totals

==============================================================================

    Total RO  Size (Code + RO Data)                19800 (  19.34kB)
    Total RW  Size (RW Data + ZI Data)             19608 (  19.15kB)
    Total ROM Size (Code + RO Data + RW Data)      19900 (  19.43kB)

==============================================================================

