<html>
<body>
<pre>
<h1>µVision Build Log</h1>
<h2>Project:</h2>
C:\Users\leond\Google Drive\CLASSES\EE 445L - Embedded Systems\Labs\Lab1\Lab1-Project\Lab1.uvproj
Project File Date:  02/03/2018

<h2>Output:</h2>
Rebuild target 'Lab1'
compiling fixed.c...
assembling startup.s...
compiling PLL.c...
compiling ST7735.c...
compiling Lab1.c...
Lab1.c(101): warning:  #177-D: variable "i" was declared but never referenced
  int main(void){uint32_t i;
Lab1.c: 1 warning, 0 errors
linking...
Program Size: Code=3280 RO-data=4324 RW-data=60 ZI-data=1028  
".\Lab1.axf" - 0 Error(s), 1 Warning(s).
</pre>
</body>
</html>
