<html>
<body>
<pre>
<h1>µVision Build Log</h1>
<h2>Project:</h2>
C:\Users\leond\Google Drive\CLASSES\EE 445L - Embedded Systems\Labs\Lab2\Lab2-Project\ADCSWTrigger.uvproj
Project File Date:  02/05/2018

<h2>Output:</h2>
Rebuild target 'ADCSWTrigger'
assembling startup.s...
compiling ADCSWTrigger.c...
compiling ADCTestMain.c...
ADCTestMain.c(221): warning:  #177-D: variable "a" was declared but never referenced
                        int a = 3;
ADCTestMain.c: 1 warning, 0 errors
compiling PLL.c...
compiling ST7735.c...
compiling ST7735_ExtraFeature.c...
linking...
Program Size: Code=4264 RO-data=2052 RW-data=72 ZI-data=25504  
".\ADCSWTrigger.axf" - 0 Error(s), 1 Warning(s).
Load "C:\\Users\\leond\\Google Drive\\CLASSES\\EE 445L - Embedded Systems\\Labs\\Lab2\\Lab2-Project\\ADCSWTrigger.axf" 
Connecting: Mode=JTAG, Speed=1000000Hz
Erase Done.
Programming Done.
Verify OK.
</pre>
</body>
</html>
